Archive member included to satisfy reference by file (symbol)

d:/tools/stm32cubeide_1.4.0/stm32cubeide/plugins/com.st.stm32cube.ide.mcu.externaltools.gnu-tools-for-stm32.7-2018-q2-update.win32_1.4.0.202007081208/tools/bin/../lib/gcc/arm-none-eabi/7.3.1/../../../../arm-none-eabi/lib/thumb/v7e-m/fpv4-sp/hard\libc_nano.a(lib_a-errno.o)
                              Core/Src/syscalls.o (__errno)
d:/tools/stm32cubeide_1.4.0/stm32cubeide/plugins/com.st.stm32cube.ide.mcu.externaltools.gnu-tools-for-stm32.7-2018-q2-update.win32_1.4.0.202007081208/tools/bin/../lib/gcc/arm-none-eabi/7.3.1/../../../../arm-none-eabi/lib/thumb/v7e-m/fpv4-sp/hard\libc_nano.a(lib_a-exit.o)
                              d:/tools/stm32cubeide_1.4.0/stm32cubeide/plugins/com.st.stm32cube.ide.mcu.externaltools.gnu-tools-for-stm32.7-2018-q2-update.win32_1.4.0.202007081208/tools/bin/../lib/gcc/arm-none-eabi/7.3.1/../../../../arm-none-eabi/lib/thumb/v7e-m/fpv4-sp/hard/crt0.o (exit)
d:/tools/stm32cubeide_1.4.0/stm32cubeide/plugins/com.st.stm32cube.ide.mcu.externaltools.gnu-tools-for-stm32.7-2018-q2-update.win32_1.4.0.202007081208/tools/bin/../lib/gcc/arm-none-eabi/7.3.1/../../../../arm-none-eabi/lib/thumb/v7e-m/fpv4-sp/hard\libc_nano.a(lib_a-impure.o)
                              d:/tools/stm32cubeide_1.4.0/stm32cubeide/plugins/com.st.stm32cube.ide.mcu.externaltools.gnu-tools-for-stm32.7-2018-q2-update.win32_1.4.0.202007081208/tools/bin/../lib/gcc/arm-none-eabi/7.3.1/../../../../arm-none-eabi/lib/thumb/v7e-m/fpv4-sp/hard\libc_nano.a(lib_a-exit.o) (_global_impure_ptr)
d:/tools/stm32cubeide_1.4.0/stm32cubeide/plugins/com.st.stm32cube.ide.mcu.externaltools.gnu-tools-for-stm32.7-2018-q2-update.win32_1.4.0.202007081208/tools/bin/../lib/gcc/arm-none-eabi/7.3.1/../../../../arm-none-eabi/lib/thumb/v7e-m/fpv4-sp/hard\libc_nano.a(lib_a-init.o)
                              d:/tools/stm32cubeide_1.4.0/stm32cubeide/plugins/com.st.stm32cube.ide.mcu.externaltools.gnu-tools-for-stm32.7-2018-q2-update.win32_1.4.0.202007081208/tools/bin/../lib/gcc/arm-none-eabi/7.3.1/../../../../arm-none-eabi/lib/thumb/v7e-m/fpv4-sp/hard/crt0.o (__libc_init_array)
d:/tools/stm32cubeide_1.4.0/stm32cubeide/plugins/com.st.stm32cube.ide.mcu.externaltools.gnu-tools-for-stm32.7-2018-q2-update.win32_1.4.0.202007081208/tools/bin/../lib/gcc/arm-none-eabi/7.3.1/../../../../arm-none-eabi/lib/thumb/v7e-m/fpv4-sp/hard\libc_nano.a(lib_a-memset.o)
                              d:/tools/stm32cubeide_1.4.0/stm32cubeide/plugins/com.st.stm32cube.ide.mcu.externaltools.gnu-tools-for-stm32.7-2018-q2-update.win32_1.4.0.202007081208/tools/bin/../lib/gcc/arm-none-eabi/7.3.1/../../../../arm-none-eabi/lib/thumb/v7e-m/fpv4-sp/hard/crt0.o (memset)
d:/tools/stm32cubeide_1.4.0/stm32cubeide/plugins/com.st.stm32cube.ide.mcu.externaltools.gnu-tools-for-stm32.7-2018-q2-update.win32_1.4.0.202007081208/tools/bin/../lib/gcc/arm-none-eabi/7.3.1/thumb/v7e-m/fpv4-sp/hard\libgcc.a(_arm_addsubdf3.o)
                              Core/Src/crankshaft.o (__aeabi_dadd)
d:/tools/stm32cubeide_1.4.0/stm32cubeide/plugins/com.st.stm32cube.ide.mcu.externaltools.gnu-tools-for-stm32.7-2018-q2-update.win32_1.4.0.202007081208/tools/bin/../lib/gcc/arm-none-eabi/7.3.1/thumb/v7e-m/fpv4-sp/hard\libgcc.a(_arm_muldivdf3.o)
                              Core/Src/crankshaft.o (__aeabi_dmul)
d:/tools/stm32cubeide_1.4.0/stm32cubeide/plugins/com.st.stm32cube.ide.mcu.externaltools.gnu-tools-for-stm32.7-2018-q2-update.win32_1.4.0.202007081208/tools/bin/../lib/gcc/arm-none-eabi/7.3.1/thumb/v7e-m/fpv4-sp/hard\libgcc.a(_arm_cmpdf2.o)
                              Core/Src/crankshaft.o (__aeabi_dcmpge)
d:/tools/stm32cubeide_1.4.0/stm32cubeide/plugins/com.st.stm32cube.ide.mcu.externaltools.gnu-tools-for-stm32.7-2018-q2-update.win32_1.4.0.202007081208/tools/bin/../lib/gcc/arm-none-eabi/7.3.1/thumb/v7e-m/fpv4-sp/hard\libgcc.a(_arm_truncdfsf2.o)
                              Core/Src/crankshaft.o (__aeabi_d2f)
d:/tools/stm32cubeide_1.4.0/stm32cubeide/plugins/com.st.stm32cube.ide.mcu.externaltools.gnu-tools-for-stm32.7-2018-q2-update.win32_1.4.0.202007081208/tools/bin/../lib/gcc/arm-none-eabi/7.3.1/thumb/v7e-m/fpv4-sp/hard\libgcc.a(_aeabi_uldivmod.o)
                              Drivers/STM32F4xx_HAL_Driver/Src/stm32f4xx_hal_rcc.o (__aeabi_uldivmod)
d:/tools/stm32cubeide_1.4.0/stm32cubeide/plugins/com.st.stm32cube.ide.mcu.externaltools.gnu-tools-for-stm32.7-2018-q2-update.win32_1.4.0.202007081208/tools/bin/../lib/gcc/arm-none-eabi/7.3.1/thumb/v7e-m/fpv4-sp/hard\libgcc.a(_udivmoddi4.o)
                              d:/tools/stm32cubeide_1.4.0/stm32cubeide/plugins/com.st.stm32cube.ide.mcu.externaltools.gnu-tools-for-stm32.7-2018-q2-update.win32_1.4.0.202007081208/tools/bin/../lib/gcc/arm-none-eabi/7.3.1/thumb/v7e-m/fpv4-sp/hard\libgcc.a(_aeabi_uldivmod.o) (__udivmoddi4)
[...]
Memory Configuration

Name             Origin             Length             Attributes
CCMRAM           0x0000000010000000 0x0000000000010000 xrw
RAM              0x0000000020000000 0x0000000000020000 xrw
FLASH            0x0000000008000000 0x0000000000100000 xr
*default*        0x0000000000000000 0xffffffffffffffff

Linker script and memory map

LOAD d:/tools/stm32cubeide_1.4.0/stm32cubeide/plugins/com.st.stm32cube.ide.mcu.externaltools.gnu-tools-for-stm32.7-2018-q2-update.win32_1.4.0.202007081208/tools/bin/../lib/gcc/arm-none-eabi/7.3.1/thumb/v7e-m/fpv4-sp/hard/crti.o
LOAD d:/tools/stm32cubeide_1.4.0/stm32cubeide/plugins/com.st.stm32cube.ide.mcu.externaltools.gnu-tools-for-stm32.7-2018-q2-update.win32_1.4.0.202007081208/tools/bin/../lib/gcc/arm-none-eabi/7.3.1/thumb/v7e-m/fpv4-sp/hard/crtbegin.o
LOAD d:/tools/stm32cubeide_1.4.0/stm32cubeide/plugins/com.st.stm32cube.ide.mcu.externaltools.gnu-tools-for-stm32.7-2018-q2-update.win32_1.4.0.202007081208/tools/bin/../lib/gcc/arm-none-eabi/7.3.1/../../../../arm-none-eabi/lib/thumb/v7e-m/fpv4-sp/hard/crt0.o
LOAD Core/Src/camshaft.o
LOAD Core/Src/crankshaft.o
LOAD Core/Src/ecucentral.o
LOAD Core/Src/errorhandler.o
LOAD Core/Src/generalfunctions.o
LOAD Core/Src/ignition.o
LOAD Core/Src/injection.o
LOAD Core/Src/main.o
LOAD Core/Src/stm32f4xx_hal_msp.o
LOAD Core/Src/stm32f4xx_it.o
LOAD Core/Src/syscalls.o
LOAD Core/Src/sysmem.o
LOAD Core/Src/system_stm32f4xx.o
LOAD Core/Src/systemconfig.o
LOAD Core/Startup/startup_stm32f407vgtx.o
LOAD Drivers/STM32F4xx_HAL_Driver/Src/stm32f4xx_hal.o
LOAD Drivers/STM32F4xx_HAL_Driver/Src/stm32f4xx_hal_cortex.o
LOAD Drivers/STM32F4xx_HAL_Driver/Src/stm32f4xx_hal_dma.o
LOAD Drivers/STM32F4xx_HAL_Driver/Src/stm32f4xx_hal_dma_ex.o
LOAD Drivers/STM32F4xx_HAL_Driver/Src/stm32f4xx_hal_exti.o
LOAD Drivers/STM32F4xx_HAL_Driver/Src/stm32f4xx_hal_flash.o
LOAD Drivers/STM32F4xx_HAL_Driver/Src/stm32f4xx_hal_flash_ex.o
LOAD Drivers/STM32F4xx_HAL_Driver/Src/stm32f4xx_hal_flash_ramfunc.o
LOAD Drivers/STM32F4xx_HAL_Driver/Src/stm32f4xx_hal_gpio.o
LOAD Drivers/STM32F4xx_HAL_Driver/Src/stm32f4xx_hal_pwr.o
LOAD Drivers/STM32F4xx_HAL_Driver/Src/stm32f4xx_hal_pwr_ex.o
LOAD Drivers/STM32F4xx_HAL_Driver/Src/stm32f4xx_hal_rcc.o
LOAD Drivers/STM32F4xx_HAL_Driver/Src/stm32f4xx_hal_rcc_ex.o
LOAD Drivers/STM32F4xx_HAL_Driver/Src/stm32f4xx_hal_tim.o
LOAD Drivers/STM32F4xx_HAL_Driver/Src/stm32f4xx_hal_tim_ex.o
START GROUP
LOAD d:/tools/stm32cubeide_1.4.0/stm32cubeide/plugins/com.st.stm32cube.ide.mcu.externaltools.gnu-tools-for-stm32.7-2018-q2-update.win32_1.4.0.202007081208/tools/bin/../lib/gcc/arm-none-eabi/7.3.1/../../../../arm-none-eabi/lib/thumb/v7e-m/fpv4-sp/hard\libc_nano.a
LOAD d:/tools/stm32cubeide_1.4.0/stm32cubeide/plugins/com.st.stm32cube.ide.mcu.externaltools.gnu-tools-for-stm32.7-2018-q2-update.win32_1.4.0.202007081208/tools/bin/../lib/gcc/arm-none-eabi/7.3.1/../../../../arm-none-eabi/lib/thumb/v7e-m/fpv4-sp/hard\libm.a
END GROUP
START GROUP
LOAD d:/tools/stm32cubeide_1.4.0/stm32cubeide/plugins/com.st.stm32cube.ide.mcu.externaltools.gnu-tools-for-stm32.7-2018-q2-update.win32_1.4.0.202007081208/tools/bin/../lib/gcc/arm-none-eabi/7.3.1/thumb/v7e-m/fpv4-sp/hard\libgcc.a
LOAD d:/tools/stm32cubeide_1.4.0/stm32cubeide/plugins/com.st.stm32cube.ide.mcu.externaltools.gnu-tools-for-stm32.7-2018-q2-update.win32_1.4.0.202007081208/tools/bin/../lib/gcc/arm-none-eabi/7.3.1/../../../../arm-none-eabi/lib/thumb/v7e-m/fpv4-sp/hard\libc_nano.a
END GROUP
START GROUP
LOAD d:/tools/stm32cubeide_1.4.0/stm32cubeide/plugins/com.st.stm32cube.ide.mcu.externaltools.gnu-tools-for-stm32.7-2018-q2-update.win32_1.4.0.202007081208/tools/bin/../lib/gcc/arm-none-eabi/7.3.1/thumb/v7e-m/fpv4-sp/hard\libgcc.a
LOAD d:/tools/stm32cubeide_1.4.0/stm32cubeide/plugins/com.st.stm32cube.ide.mcu.externaltools.gnu-tools-for-stm32.7-2018-q2-update.win32_1.4.0.202007081208/tools/bin/../lib/gcc/arm-none-eabi/7.3.1/../../../../arm-none-eabi/lib/thumb/v7e-m/fpv4-sp/hard\libc_nano.a
LOAD d:/tools/stm32cubeide_1.4.0/stm32cubeide/plugins/com.st.stm32cube.ide.mcu.externaltools.gnu-tools-for-stm32.7-2018-q2-update.win32_1.4.0.202007081208/tools/bin/../lib/gcc/arm-none-eabi/7.3.1/../../../../arm-none-eabi/lib/thumb/v7e-m/fpv4-sp/hard\libnosys.a
END GROUP
START GROUP
LOAD d:/tools/stm32cubeide_1.4.0/stm32cubeide/plugins/com.st.stm32cube.ide.mcu.externaltools.gnu-tools-for-stm32.7-2018-q2-update.win32_1.4.0.202007081208/tools/bin/../lib/gcc/arm-none-eabi/7.3.1/thumb/v7e-m/fpv4-sp/hard\libgcc.a
LOAD d:/tools/stm32cubeide_1.4.0/stm32cubeide/plugins/com.st.stm32cube.ide.mcu.externaltools.gnu-tools-for-stm32.7-2018-q2-update.win32_1.4.0.202007081208/tools/bin/../lib/gcc/arm-none-eabi/7.3.1/../../../../arm-none-eabi/lib/thumb/v7e-m/fpv4-sp/hard\libc_nano.a
LOAD d:/tools/stm32cubeide_1.4.0/stm32cubeide/plugins/com.st.stm32cube.ide.mcu.externaltools.gnu-tools-for-stm32.7-2018-q2-update.win32_1.4.0.202007081208/tools/bin/../lib/gcc/arm-none-eabi/7.3.1/../../../../arm-none-eabi/lib/thumb/v7e-m/fpv4-sp/hard\libnosys.a
END GROUP
LOAD d:/tools/stm32cubeide_1.4.0/stm32cubeide/plugins/com.st.stm32cube.ide.mcu.externaltools.gnu-tools-for-stm32.7-2018-q2-update.win32_1.4.0.202007081208/tools/bin/../lib/gcc/arm-none-eabi/7.3.1/thumb/v7e-m/fpv4-sp/hard/crtend.o
LOAD d:/tools/stm32cubeide_1.4.0/stm32cubeide/plugins/com.st.stm32cube.ide.mcu.externaltools.gnu-tools-for-stm32.7-2018-q2-update.win32_1.4.0.202007081208/tools/bin/../lib/gcc/arm-none-eabi/7.3.1/thumb/v7e-m/fpv4-sp/hard/crtn.o
                0x0000000020020000                _estack = (ORIGIN (RAM) + LENGTH (RAM))
                0x0000000000000200                _Min_Heap_Size = 0x200
                0x0000000000000400                _Min_Stack_Size = 0x400

.isr_vector     0x0000000008000000      0x188
                0x0000000008000000                . = ALIGN (0x4)
 *(.isr_vector)
 .isr_vector    0x0000000008000000      0x188 Core/Startup/startup_stm32f407vgtx.o
                0x0000000008000000                g_pfnVectors
                0x0000000008000188                . = ALIGN (0x4)

.text           0x0000000008000188     0x4fec
                0x0000000008000188                . = ALIGN (0x4)
 *(.text)
 .text          0x0000000008000188       0x40 d:/tools/stm32cubeide_1.4.0/stm32cubeide/plugins/com.st.stm32cube.ide.mcu.externaltools.gnu-tools-for-stm32.7-2018-q2-update.win32_1.4.0.202007081208/tools/bin/../lib/gcc/arm-none-eabi/7.3.1/thumb/v7e-m/fpv4-sp/hard/crtbegin.o
 .text          0x00000000080001c8      0x378 d:/tools/stm32cubeide_1.4.0/stm32cubeide/plugins/com.st.stm32cube.ide.mcu.externaltools.gnu-tools-for-stm32.7-2018-q2-update.win32_1.4.0.202007081208/tools/bin/../lib/gcc/arm-none-eabi/7.3.1/thumb/v7e-m/fpv4-sp/hard\libgcc.a(_arm_addsubdf3.o)
                0x00000000080001c8                __aeabi_drsub
                0x00000000080001d0                __aeabi_dsub
                0x00000000080001d0                __subdf3
                0x00000000080001d4                __aeabi_dadd
                0x00000000080001d4                __adddf3
                0x000000000800044c                __floatunsidf
                0x000000000800044c                __aeabi_ui2d
                0x000000000800046c                __floatsidf
                0x000000000800046c                __aeabi_i2d
                0x0000000008000490                __aeabi_f2d
                0x0000000008000490                __extendsfdf2
                0x00000000080004d4                __floatundidf
                0x00000000080004d4                __aeabi_ul2d
                0x00000000080004e4                __floatdidf
                0x00000000080004e4                __aeabi_l2d
 .text          0x0000000008000540      0x424 d:/tools/stm32cubeide_1.4.0/stm32cubeide/plugins/com.st.stm32cube.ide.mcu.externaltools.gnu-tools-for-stm32.7-2018-q2-update.win32_1.4.0.202007081208/tools/bin/../lib/gcc/arm-none-eabi/7.3.1/thumb/v7e-m/fpv4-sp/hard\libgcc.a(_arm_muldivdf3.o)
                0x0000000008000540                __aeabi_dmul
                0x0000000008000540                __muldf3
                0x0000000008000794                __divdf3
                0x0000000008000794                __aeabi_ddiv
 .text          0x0000000008000964      0x110 d:/tools/stm32cubeide_1.4.0/stm32cubeide/plugins/com.st.stm32cube.ide.mcu.externaltools.gnu-tools-for-stm32.7-2018-q2-update.win32_1.4.0.202007081208/tools/bin/../lib/gcc/arm-none-eabi/7.3.1/thumb/v7e-m/fpv4-sp/hard\libgcc.a(_arm_cmpdf2.o)
                0x0000000008000964                __gtdf2
                0x0000000008000964                __gedf2
                0x000000000800096c                __ltdf2
                0x000000000800096c                __ledf2
                0x0000000008000974                __nedf2
                0x0000000008000974                __eqdf2
                0x0000000008000974                __cmpdf2
                0x00000000080009f0                __aeabi_cdrcmple
                0x0000000008000a00                __aeabi_cdcmpeq
                0x0000000008000a00                __aeabi_cdcmple
                0x0000000008000a10                __aeabi_dcmpeq
                0x0000000008000a24                __aeabi_dcmplt
                0x0000000008000a38                __aeabi_dcmple
                0x0000000008000a4c                __aeabi_dcmpge
                0x0000000008000a60                __aeabi_dcmpgt
 .text          0x0000000008000a74       0xa0 d:/tools/stm32cubeide_1.4.0/stm32cubeide/plugins/com.st.stm32cube.ide.mcu.externaltools.gnu-tools-for-stm32.7-2018-q2-update.win32_1.4.0.202007081208/tools/bin/../lib/gcc/arm-none-eabi/7.3.1/thumb/v7e-m/fpv4-sp/hard\libgcc.a(_arm_truncdfsf2.o)
                0x0000000008000a74                __truncdfsf2
                0x0000000008000a74                __aeabi_d2f
 .text          0x0000000008000b14       0x30 d:/tools/stm32cubeide_1.4.0/stm32cubeide/plugins/com.st.stm32cube.ide.mcu.externaltools.gnu-tools-for-stm32.7-2018-q2-update.win32_1.4.0.202007081208/tools/bin/../lib/gcc/arm-none-eabi/7.3.1/thumb/v7e-m/fpv4-sp/hard\libgcc.a(_aeabi_uldivmod.o)
                0x0000000008000b14                __aeabi_uldivmod
 .text          0x0000000008000b44      0x2cc d:/tools/stm32cubeide_1.4.0/stm32cubeide/plugins/com.st.stm32cube.ide.mcu.externaltools.gnu-tools-for-stm32.7-2018-q2-update.win32_1.4.0.202007081208/tools/bin/../lib/gcc/arm-none-eabi/7.3.1/thumb/v7e-m/fpv4-sp/hard\libgcc.a(_udivmoddi4.o)
                0x0000000008000b44                __udivmoddi4
 .text          0x0000000008000e10        0x4 d:/tools/stm32cubeide_1.4.0/stm32cubeide/plugins/com.st.stm32cube.ide.mcu.externaltools.gnu-tools-for-stm32.7-2018-q2-update.win32_1.4.0.202007081208/tools/bin/../lib/gcc/arm-none-eabi/7.3.1/thumb/v7e-m/fpv4-sp/hard\libgcc.a(_dvmd_tls.o)
                0x0000000008000e10                __aeabi_idiv0
                0x0000000008000e10                __aeabi_ldiv0
 *(.text*)
 .text.Cam_Init
                0x0000000008000e14       0x40 Core/Src/camshaft.o
                0x0000000008000e14                Cam_Init
 .text.Cam_CrankPositionSync
                0x0000000008000e54       0x20 Core/Src/camshaft.o
                0x0000000008000e54                Cam_CrankPositionSync
 .text.Cam_HalGeberDriver
                0x0000000008000e74       0x18 Core/Src/camshaft.o
                0x0000000008000e74                Cam_HalGeberDriver
 .text.Crank_Init
                0x0000000008000e8c       0x64 Core/Src/crankshaft.o
                0x0000000008000e8c                Crank_Init
 .text.Crank_HalGeberDriver
                0x0000000008000ef0      0x1c4 Core/Src/crankshaft.o
                0x0000000008000ef0                Crank_HalGeberDriver
 .text.Crank_TeethCounterReset
                0x00000000080010b4       0x18 Core/Src/crankshaft.o
                0x00000000080010b4                Crank_TeethCounterReset
 .text.Crank_TeethCounter
                0x00000000080010cc       0x30 Core/Src/crankshaft.o
                0x00000000080010cc                Crank_TeethCounter
 .text.Crank_AngleCalc
                0x00000000080010fc       0x3c Core/Src/crankshaft.o
                0x00000000080010fc                Crank_AngleCalc
 .text.ErrorHandler_Init
                0x0000000008001138       0x94 Core/Src/errorhandler.o
                0x0000000008001138                ErrorHandler_Init
 .text.ErrorHandler_Update
                0x00000000080011cc       0x98 Core/Src/errorhandler.o
                0x00000000080011cc                ErrorHandler_Update
 .text.ErrorHandler_Increase
                0x0000000008001264       0x18 Core/Src/errorhandler.o
                0x0000000008001264                ErrorHandler_Increase
 .text.ErrorHandler_Decrease
                0x000000000800127c       0x1a Core/Src/errorhandler.o
                0x000000000800127c                ErrorHandler_Decrease
 .text.Common_GetFrom2Dmap
                0x0000000008001296      0x2ec Core/Src/generalfunctions.o
                0x0000000008001296                Common_GetFrom2Dmap
 *fill*         0x0000000008001582        0x2 
 .text.Ignition_Init_FireTIM
                0x0000000008001584       0x40 Core/Src/ignition.o
                0x0000000008001584                Ignition_Init_FireTIM
 .text.Ignition_Init_DwellTIM
                0x00000000080015c4       0x40 Core/Src/ignition.o
                0x00000000080015c4                Ignition_Init_DwellTIM
 .text.Ignition_Init_IOConfig
                0x0000000008001604       0x68 Core/Src/ignition.o
                0x0000000008001604                Ignition_Init_IOConfig
 .text.Ignition_Init_IgnitionCyl
                0x000000000800166c      0x138 Core/Src/ignition.o
                0x000000000800166c                Ignition_Init_IgnitionCyl
 .text.Ignition_GetInputs
                0x00000000080017a4       0x20 Core/Src/ignition.o
                0x00000000080017a4                Ignition_GetInputs
 .text.Ignition_MainLoop
                0x00000000080017c4       0x58 Core/Src/ignition.o
                0x00000000080017c4                Ignition_MainLoop
 .text.Ignition_DefineIgnitionTeeth
                0x000000000800181c       0x68 Core/Src/ignition.o
                0x000000000800181c                Ignition_DefineIgnitionTeeth
 .text.Ignition_SetIgnitionTiming
                0x0000000008001884       0xa8 Core/Src/ignition.o
                0x0000000008001884                Ignition_SetIgnitionTiming
 .text.Ignition_GetDwellTime
                0x000000000800192c       0x24 Core/Src/ignition.o
                0x000000000800192c                Ignition_GetDwellTime
 .text.Ignition_DefineDwellTeeth
                0x0000000008001950       0xf8 Core/Src/ignition.o
                0x0000000008001950                Ignition_DefineDwellTeeth
 .text.Ignition_SetDwellTiming
                0x0000000008001a48       0xc4 Core/Src/ignition.o
                0x0000000008001a48                Ignition_SetDwellTiming
 .text.Ignition_AngleToUs
                0x0000000008001b0c       0x64 Core/Src/ignition.o
                0x0000000008001b0c                Ignition_AngleToUs
 .text.Ignition_StartTimerFireCylinder
                0x0000000008001b70       0x58 Core/Src/ignition.o
                0x0000000008001b70                Ignition_StartTimerFireCylinder
 .text.Ignition_FireStarted
                0x0000000008001bc8       0x1a Core/Src/ignition.o
                0x0000000008001bc8                Ignition_FireStarted
 *fill*         0x0000000008001be2        0x2 
 .text.Ignition_StartTimerDwellCylinder
                0x0000000008001be4       0x58 Core/Src/ignition.o
                0x0000000008001be4                Ignition_StartTimerDwellCylinder
 .text.Ignition_DwellStarted
                0x0000000008001c3c       0x1a Core/Src/ignition.o
                0x0000000008001c3c                Ignition_DwellStarted
 *fill*         0x0000000008001c56        0x2 
 .text.Injection_Init_InjectorTIM
                0x0000000008001c58       0x40 Core/Src/injection.o
                0x0000000008001c58                Injection_Init_InjectorTIM
 .text.Injection_Init_IOConfig
                0x0000000008001c98       0x68 Core/Src/injection.o
                0x0000000008001c98                Injection_Init_IOConfig
 .text.Injection_Init_InjectionCyl
                0x0000000008001d00       0xe0 Core/Src/injection.o
                0x0000000008001d00                Injection_Init_InjectionCyl
 .text.Injection_CalcFuelQty
                0x0000000008001de0       0x4c Core/Src/injection.o
                0x0000000008001de0                Injection_CalcFuelQty
 .text.Injection_StartTimerInjectCylinder
                0x0000000008001e2c       0x68 Core/Src/injection.o
                0x0000000008001e2c                Injection_StartTimerInjectCylinder
 .text.main     0x0000000008001e94       0xd0 Core/Src/main.o
                0x0000000008001e94                main
 .text.SystemClock_Config
                0x0000000008001f64       0xd4 Core/Src/main.o
                0x0000000008001f64                SystemClock_Config
 .text.MX_NVIC_Init
                0x0000000008002038       0x58 Core/Src/main.o
 .text.MX_TIM3_Init
                0x0000000008002090       0xfc Core/Src/main.o
 .text.MX_TIM10_Init
                0x000000000800218c       0xa8 Core/Src/main.o
 .text.MX_TIM11_Init
                0x0000000008002234       0xa8 Core/Src/main.o
 .text.MX_TIM12_Init
                0x00000000080022dc       0xd0 Core/Src/main.o
 .text.MX_TIM14_Init
                0x00000000080023ac       0xa8 Core/Src/main.o
 .text.MX_GPIO_Init
                0x0000000008002454       0x88 Core/Src/main.o
 .text.Scheduler_10ms
                0x00000000080024dc       0x10 Core/Src/main.o
                0x00000000080024dc                Scheduler_10ms
 .text.HAL_TIM_PeriodElapsedCallback
                0x00000000080024ec       0x48 Core/Src/main.o
                0x00000000080024ec                HAL_TIM_PeriodElapsedCallback
 .text.HAL_TIM_PWM_PulseFinishedCallback
                0x0000000008002534      0x1bc Core/Src/main.o
                0x0000000008002534                HAL_TIM_PWM_PulseFinishedCallback
 .text.HAL_TIM_IC_CaptureCallback
                0x00000000080026f0      0x20c Core/Src/main.o
                0x00000000080026f0                HAL_TIM_IC_CaptureCallback
 .text.Error_Handler
                0x00000000080028fc        0xe Core/Src/main.o
                0x00000000080028fc                Error_Handler
 *fill*         0x000000000800290a        0x2 
 .text.HAL_MspInit
                0x000000000800290c       0x50 Core/Src/stm32f4xx_hal_msp.o
                0x000000000800290c                HAL_MspInit
 .text.HAL_TIM_Base_MspInit
                0x000000000800295c      0x180 Core/Src/stm32f4xx_hal_msp.o
                0x000000000800295c                HAL_TIM_Base_MspInit
 .text.NMI_Handler
                0x0000000008002adc        0xe Core/Src/stm32f4xx_it.o
                0x0000000008002adc                NMI_Handler
 .text.HardFault_Handler
                0x0000000008002aea        0x6 Core/Src/stm32f4xx_it.o
                0x0000000008002aea                HardFault_Handler
 .text.MemManage_Handler
                0x0000000008002af0        0x6 Core/Src/stm32f4xx_it.o
                0x0000000008002af0                MemManage_Handler
 .text.BusFault_Handler
                0x0000000008002af6        0x6 Core/Src/stm32f4xx_it.o
                0x0000000008002af6                BusFault_Handler
 .text.UsageFault_Handler
                0x0000000008002afc        0x6 Core/Src/stm32f4xx_it.o
                0x0000000008002afc                UsageFault_Handler
 .text.SVC_Handler
                0x0000000008002b02        0xe Core/Src/stm32f4xx_it.o
                0x0000000008002b02                SVC_Handler
 .text.DebugMon_Handler
                0x0000000008002b10        0xe Core/Src/stm32f4xx_it.o
                0x0000000008002b10                DebugMon_Handler
 .text.PendSV_Handler
                0x0000000008002b1e        0xe Core/Src/stm32f4xx_it.o
                0x0000000008002b1e                PendSV_Handler
 .text.SysTick_Handler
                0x0000000008002b2c        0xc Core/Src/stm32f4xx_it.o
                0x0000000008002b2c                SysTick_Handler
 .text.TIM1_UP_TIM10_IRQHandler
                0x0000000008002b38       0x14 Core/Src/stm32f4xx_it.o
                0x0000000008002b38                TIM1_UP_TIM10_IRQHandler
 .text.TIM1_TRG_COM_TIM11_IRQHandler
                0x0000000008002b4c       0x14 Core/Src/stm32f4xx_it.o
                0x0000000008002b4c                TIM1_TRG_COM_TIM11_IRQHandler
 .text.TIM3_IRQHandler
                0x0000000008002b60       0x14 Core/Src/stm32f4xx_it.o
                0x0000000008002b60                TIM3_IRQHandler
 .text.TIM8_BRK_TIM12_IRQHandler
                0x0000000008002b74       0x14 Core/Src/stm32f4xx_it.o
                0x0000000008002b74                TIM8_BRK_TIM12_IRQHandler
 .text.TIM8_TRG_COM_TIM14_IRQHandler
                0x0000000008002b88       0x14 Core/Src/stm32f4xx_it.o
                0x0000000008002b88                TIM8_TRG_COM_TIM14_IRQHandler
 .text.SystemInit
                0x0000000008002b9c       0x2c Core/Src/system_stm32f4xx.o
                0x0000000008002b9c                SystemInit
 .text.Reset_Handler
                0x0000000008002bc8       0x50 Core/Startup/startup_stm32f407vgtx.o
                0x0000000008002bc8                Reset_Handler
 .text.Default_Handler
                0x0000000008002c18        0x2 Core/Startup/startup_stm32f407vgtx.o
                0x0000000008002c18                RTC_Alarm_IRQHandler
                0x0000000008002c18                HASH_RNG_IRQHandler
                0x0000000008002c18                EXTI2_IRQHandler
                0x0000000008002c18                TIM8_CC_IRQHandler
                0x0000000008002c18                TIM1_CC_IRQHandler
                0x0000000008002c18                DMA2_Stream5_IRQHandler
                0x0000000008002c18                DMA1_Stream5_IRQHandler
                0x0000000008002c18                PVD_IRQHandler
                0x0000000008002c18                SDIO_IRQHandler
                0x0000000008002c18                TAMP_STAMP_IRQHandler
                0x0000000008002c18                CAN2_RX1_IRQHandler
                0x0000000008002c18                EXTI3_IRQHandler
                0x0000000008002c18                TIM8_UP_TIM13_IRQHandler
                0x0000000008002c18                I2C3_ER_IRQHandler
                0x0000000008002c18                EXTI0_IRQHandler
                0x0000000008002c18                I2C2_EV_IRQHandler
                0x0000000008002c18                DMA1_Stream2_IRQHandler
                0x0000000008002c18                CAN1_RX0_IRQHandler
                0x0000000008002c18                FPU_IRQHandler
                0x0000000008002c18                OTG_HS_WKUP_IRQHandler
                0x0000000008002c18                CAN2_SCE_IRQHandler
                0x0000000008002c18                DMA2_Stream2_IRQHandler
                0x0000000008002c18                SPI1_IRQHandler
                0x0000000008002c18                TIM6_DAC_IRQHandler
                0x0000000008002c18                TIM1_BRK_TIM9_IRQHandler
                0x0000000008002c18                DCMI_IRQHandler
                0x0000000008002c18                CAN2_RX0_IRQHandler
                0x0000000008002c18                DMA2_Stream3_IRQHandler
                0x0000000008002c18                USART6_IRQHandler
                0x0000000008002c18                USART3_IRQHandler
                0x0000000008002c18                CAN1_RX1_IRQHandler
                0x0000000008002c18                UART5_IRQHandler
                0x0000000008002c18                DMA2_Stream0_IRQHandler
                0x0000000008002c18                TIM4_IRQHandler
                0x0000000008002c18                I2C1_EV_IRQHandler
                0x0000000008002c18                DMA1_Stream6_IRQHandler
                0x0000000008002c18                DMA1_Stream1_IRQHandler
                0x0000000008002c18                UART4_IRQHandler
                0x0000000008002c18                RCC_IRQHandler
                0x0000000008002c18                Default_Handler
                0x0000000008002c18                EXTI15_10_IRQHandler
                0x0000000008002c18                ADC_IRQHandler
                0x0000000008002c18                DMA1_Stream7_IRQHandler
                0x0000000008002c18                TIM7_IRQHandler
                0x0000000008002c18                CAN2_TX_IRQHandler
                0x0000000008002c18                TIM5_IRQHandler
                0x0000000008002c18                DMA2_Stream7_IRQHandler
                0x0000000008002c18                I2C3_EV_IRQHandler
                0x0000000008002c18                EXTI9_5_IRQHandler
                0x0000000008002c18                RTC_WKUP_IRQHandler
                0x0000000008002c18                ETH_WKUP_IRQHandler
                0x0000000008002c18                SPI2_IRQHandler
                0x0000000008002c18                OTG_HS_EP1_IN_IRQHandler
                0x0000000008002c18                DMA1_Stream0_IRQHandler
                0x0000000008002c18                CAN1_TX_IRQHandler
                0x0000000008002c18                EXTI4_IRQHandler
                0x0000000008002c18                FSMC_IRQHandler
                0x0000000008002c18                ETH_IRQHandler
                0x0000000008002c18                OTG_HS_EP1_OUT_IRQHandler
                0x0000000008002c18                WWDG_IRQHandler
                0x0000000008002c18                TIM2_IRQHandler
                0x0000000008002c18                OTG_FS_WKUP_IRQHandler
                0x0000000008002c18                OTG_HS_IRQHandler
                0x0000000008002c18                EXTI1_IRQHandler
                0x0000000008002c18                USART2_IRQHandler
                0x0000000008002c18                I2C2_ER_IRQHandler
                0x0000000008002c18                DMA2_Stream1_IRQHandler
                0x0000000008002c18                CAN1_SCE_IRQHandler
                0x0000000008002c18                FLASH_IRQHandler
                0x0000000008002c18                DMA2_Stream4_IRQHandler
                0x0000000008002c18                USART1_IRQHandler
                0x0000000008002c18                OTG_FS_IRQHandler
                0x0000000008002c18                SPI3_IRQHandler
                0x0000000008002c18                DMA1_Stream4_IRQHandler
                0x0000000008002c18                I2C1_ER_IRQHandler
                0x0000000008002c18                DMA2_Stream6_IRQHandler
                0x0000000008002c18                DMA1_Stream3_IRQHandler
 *fill*         0x0000000008002c1a        0x2 
 .text.HAL_Init
                0x0000000008002c1c       0x44 Drivers/STM32F4xx_HAL_Driver/Src/stm32f4xx_hal.o
                0x0000000008002c1c                HAL_Init
 .text.HAL_InitTick
                0x0000000008002c60       0x60 Drivers/STM32F4xx_HAL_Driver/Src/stm32f4xx_hal.o
                0x0000000008002c60                HAL_InitTick
 .text.HAL_IncTick
                0x0000000008002cc0       0x28 Drivers/STM32F4xx_HAL_Driver/Src/stm32f4xx_hal.o
                0x0000000008002cc0                HAL_IncTick
 .text.HAL_GetTick
                0x0000000008002ce8       0x18 Drivers/STM32F4xx_HAL_Driver/Src/stm32f4xx_hal.o
                0x0000000008002ce8                HAL_GetTick
 .text.HAL_Delay
                0x0000000008002d00       0x44 Drivers/STM32F4xx_HAL_Driver/Src/stm32f4xx_hal.o
                0x0000000008002d00                HAL_Delay
 .text.__NVIC_SetPriorityGrouping
                0x0000000008002d44       0x48 Drivers/STM32F4xx_HAL_Driver/Src/stm32f4xx_hal_cortex.o
 .text.__NVIC_GetPriorityGrouping
                0x0000000008002d8c       0x1c Drivers/STM32F4xx_HAL_Driver/Src/stm32f4xx_hal_cortex.o
 .text.__NVIC_EnableIRQ
                0x0000000008002da8       0x3c Drivers/STM32F4xx_HAL_Driver/Src/stm32f4xx_hal_cortex.o
 .text.__NVIC_SetPriority
                0x0000000008002de4       0x54 Drivers/STM32F4xx_HAL_Driver/Src/stm32f4xx_hal_cortex.o
 .text.NVIC_EncodePriority
                0x0000000008002e38       0x66 Drivers/STM32F4xx_HAL_Driver/Src/stm32f4xx_hal_cortex.o
 *fill*         0x0000000008002e9e        0x2 
 .text.SysTick_Config
                0x0000000008002ea0       0x44 Drivers/STM32F4xx_HAL_Driver/Src/stm32f4xx_hal_cortex.o
 .text.HAL_NVIC_SetPriorityGrouping
                0x0000000008002ee4       0x16 Drivers/STM32F4xx_HAL_Driver/Src/stm32f4xx_hal_cortex.o
                0x0000000008002ee4                HAL_NVIC_SetPriorityGrouping
 .text.HAL_NVIC_SetPriority
                0x0000000008002efa       0x38 Drivers/STM32F4xx_HAL_Driver/Src/stm32f4xx_hal_cortex.o
                0x0000000008002efa                HAL_NVIC_SetPriority
 .text.HAL_NVIC_EnableIRQ
                0x0000000008002f32       0x1c Drivers/STM32F4xx_HAL_Driver/Src/stm32f4xx_hal_cortex.o
                0x0000000008002f32                HAL_NVIC_EnableIRQ
 .text.HAL_SYSTICK_Config
                0x0000000008002f4e       0x18 Drivers/STM32F4xx_HAL_Driver/Src/stm32f4xx_hal_cortex.o
                0x0000000008002f4e                HAL_SYSTICK_Config
 *fill*         0x0000000008002f66        0x2 
 .text.HAL_GPIO_Init
                0x0000000008002f68      0x334 Drivers/STM32F4xx_HAL_Driver/Src/stm32f4xx_hal_gpio.o
                0x0000000008002f68                HAL_GPIO_Init
 .text.HAL_GPIO_WritePin
                0x000000000800329c       0x32 Drivers/STM32F4xx_HAL_Driver/Src/stm32f4xx_hal_gpio.o
                0x000000000800329c                HAL_GPIO_WritePin
 .text.HAL_GPIO_TogglePin
                0x00000000080032ce       0x36 Drivers/STM32F4xx_HAL_Driver/Src/stm32f4xx_hal_gpio.o
                0x00000000080032ce                HAL_GPIO_TogglePin
 .text.HAL_RCC_OscConfig
                0x0000000008003304      0x4e0 Drivers/STM32F4xx_HAL_Driver/Src/stm32f4xx_hal_rcc.o
                0x0000000008003304                HAL_RCC_OscConfig
 .text.HAL_RCC_ClockConfig
                0x00000000080037e4      0x1cc Drivers/STM32F4xx_HAL_Driver/Src/stm32f4xx_hal_rcc.o
                0x00000000080037e4                HAL_RCC_ClockConfig
 .text.HAL_RCC_GetSysClockFreq
                0x00000000080039b0      0x164 Drivers/STM32F4xx_HAL_Driver/Src/stm32f4xx_hal_rcc.o
                0x00000000080039b0                HAL_RCC_GetSysClockFreq
 .text.HAL_RCC_GetHCLKFreq
                0x0000000008003b14       0x18 Drivers/STM32F4xx_HAL_Driver/Src/stm32f4xx_hal_rcc.o
                0x0000000008003b14                HAL_RCC_GetHCLKFreq
 .text.HAL_RCC_GetPCLK1Freq
                0x0000000008003b2c       0x28 Drivers/STM32F4xx_HAL_Driver/Src/stm32f4xx_hal_rcc.o
                0x0000000008003b2c                HAL_RCC_GetPCLK1Freq
 .text.HAL_RCC_GetPCLK2Freq
                0x0000000008003b54       0x28 Drivers/STM32F4xx_HAL_Driver/Src/stm32f4xx_hal_rcc.o
                0x0000000008003b54                HAL_RCC_GetPCLK2Freq
 .text.HAL_TIM_Base_Init
                0x0000000008003b7c       0x56 Drivers/STM32F4xx_HAL_Driver/Src/stm32f4xx_hal_tim.o
                0x0000000008003b7c                HAL_TIM_Base_Init
 .text.HAL_TIM_Base_Start_IT
                0x0000000008003bd2       0x48 Drivers/STM32F4xx_HAL_Driver/Src/stm32f4xx_hal_tim.o
                0x0000000008003bd2                HAL_TIM_Base_Start_IT
 .text.HAL_TIM_OC_Init
                0x0000000008003c1a       0x56 Drivers/STM32F4xx_HAL_Driver/Src/stm32f4xx_hal_tim.o
                0x0000000008003c1a                HAL_TIM_OC_Init
 .text.HAL_TIM_OC_MspInit
                0x0000000008003c70       0x14 Drivers/STM32F4xx_HAL_Driver/Src/stm32f4xx_hal_tim.o
                0x0000000008003c70                HAL_TIM_OC_MspInit
 .text.HAL_TIM_OC_Start_IT
                0x0000000008003c84      0x108 Drivers/STM32F4xx_HAL_Driver/Src/stm32f4xx_hal_tim.o
                0x0000000008003c84                HAL_TIM_OC_Start_IT
 .text.HAL_TIM_PWM_Init
                0x0000000008003d8c       0x56 Drivers/STM32F4xx_HAL_Driver/Src/stm32f4xx_hal_tim.o
                0x0000000008003d8c                HAL_TIM_PWM_Init
 .text.HAL_TIM_PWM_MspInit
                0x0000000008003de2       0x14 Drivers/STM32F4xx_HAL_Driver/Src/stm32f4xx_hal_tim.o
                0x0000000008003de2                HAL_TIM_PWM_MspInit
 .text.HAL_TIM_IC_Init
                0x0000000008003df6       0x56 Drivers/STM32F4xx_HAL_Driver/Src/stm32f4xx_hal_tim.o
                0x0000000008003df6                HAL_TIM_IC_Init
 .text.HAL_TIM_IC_MspInit
                0x0000000008003e4c       0x14 Drivers/STM32F4xx_HAL_Driver/Src/stm32f4xx_hal_tim.o
                0x0000000008003e4c                HAL_TIM_IC_MspInit
 .text.HAL_TIM_IC_Start_IT
                0x0000000008003e60       0xd0 Drivers/STM32F4xx_HAL_Driver/Src/stm32f4xx_hal_tim.o
                0x0000000008003e60                HAL_TIM_IC_Start_IT
 .text.HAL_TIM_OnePulse_Init
                0x0000000008003f30       0x78 Drivers/STM32F4xx_HAL_Driver/Src/stm32f4xx_hal_tim.o
                0x0000000008003f30                HAL_TIM_OnePulse_Init
 .text.HAL_TIM_OnePulse_MspInit
                0x0000000008003fa8       0x14 Drivers/STM32F4xx_HAL_Driver/Src/stm32f4xx_hal_tim.o
                0x0000000008003fa8                HAL_TIM_OnePulse_MspInit
 .text.HAL_TIM_IRQHandler
                0x0000000008003fbc      0x210 Drivers/STM32F4xx_HAL_Driver/Src/stm32f4xx_hal_tim.o
                0x0000000008003fbc                HAL_TIM_IRQHandler
 .text.HAL_TIM_OC_ConfigChannel
                0x00000000080041cc       0xc0 Drivers/STM32F4xx_HAL_Driver/Src/stm32f4xx_hal_tim.o
                0x00000000080041cc                HAL_TIM_OC_ConfigChannel
 .text.HAL_TIM_IC_ConfigChannel
                0x000000000800428c      0x138 Drivers/STM32F4xx_HAL_Driver/Src/stm32f4xx_hal_tim.o
                0x000000000800428c                HAL_TIM_IC_ConfigChannel
 .text.HAL_TIM_PWM_ConfigChannel
                0x00000000080043c4      0x18c Drivers/STM32F4xx_HAL_Driver/Src/stm32f4xx_hal_tim.o
                0x00000000080043c4                HAL_TIM_PWM_ConfigChannel
 .text.HAL_TIM_ConfigClockSource
                0x0000000008004550      0x16e Drivers/STM32F4xx_HAL_Driver/Src/stm32f4xx_hal_tim.o
                0x0000000008004550                HAL_TIM_ConfigClockSource
 *fill*         0x00000000080046be        0x2 
 .text.HAL_TIM_ReadCapturedValue
                0x00000000080046c0       0x88 Drivers/STM32F4xx_HAL_Driver/Src/stm32f4xx_hal_tim.o
                0x00000000080046c0                HAL_TIM_ReadCapturedValue
 .text.HAL_TIM_OC_DelayElapsedCallback
                0x0000000008004748       0x14 Drivers/STM32F4xx_HAL_Driver/Src/stm32f4xx_hal_tim.o
                0x0000000008004748                HAL_TIM_OC_DelayElapsedCallback
 .text.HAL_TIM_TriggerCallback
                0x000000000800475c       0x14 Drivers/STM32F4xx_HAL_Driver/Src/stm32f4xx_hal_tim.o
                0x000000000800475c                HAL_TIM_TriggerCallback
 .text.TIM_Base_SetConfig
                0x0000000008004770      0x140 Drivers/STM32F4xx_HAL_Driver/Src/stm32f4xx_hal_tim.o
                0x0000000008004770                TIM_Base_SetConfig
 .text.TIM_OC1_SetConfig
                0x00000000080048b0       0xe0 Drivers/STM32F4xx_HAL_Driver/Src/stm32f4xx_hal_tim.o
 .text.TIM_OC2_SetConfig
                0x0000000008004990       0xec Drivers/STM32F4xx_HAL_Driver/Src/stm32f4xx_hal_tim.o
                0x0000000008004990                TIM_OC2_SetConfig
 .text.TIM_OC3_SetConfig
                0x0000000008004a7c       0xe8 Drivers/STM32F4xx_HAL_Driver/Src/stm32f4xx_hal_tim.o
 .text.TIM_OC4_SetConfig
                0x0000000008004b64       0xac Drivers/STM32F4xx_HAL_Driver/Src/stm32f4xx_hal_tim.o
 .text.TIM_TI1_SetConfig
                0x0000000008004c10       0xe8 Drivers/STM32F4xx_HAL_Driver/Src/stm32f4xx_hal_tim.o
                0x0000000008004c10                TIM_TI1_SetConfig
 .text.TIM_TI1_ConfigInputStage
                0x0000000008004cf8       0x5e Drivers/STM32F4xx_HAL_Driver/Src/stm32f4xx_hal_tim.o
 .text.TIM_TI2_SetConfig
                0x0000000008004d56       0x7a Drivers/STM32F4xx_HAL_Driver/Src/stm32f4xx_hal_tim.o
 .text.TIM_TI2_ConfigInputStage
                0x0000000008004dd0       0x60 Drivers/STM32F4xx_HAL_Driver/Src/stm32f4xx_hal_tim.o
 .text.TIM_TI3_SetConfig
                0x0000000008004e30       0x78 Drivers/STM32F4xx_HAL_Driver/Src/stm32f4xx_hal_tim.o
 .text.TIM_TI4_SetConfig
                0x0000000008004ea8       0x7a Drivers/STM32F4xx_HAL_Driver/Src/stm32f4xx_hal_tim.o
 .text.TIM_ITRx_SetConfig
                0x0000000008004f22       0x36 Drivers/STM32F4xx_HAL_Driver/Src/stm32f4xx_hal_tim.o
 .text.TIM_ETR_SetConfig
                0x0000000008004f58       0x40 Drivers/STM32F4xx_HAL_Driver/Src/stm32f4xx_hal_tim.o
                0x0000000008004f58                TIM_ETR_SetConfig
 .text.TIM_CCxChannelCmd
                0x0000000008004f98       0x4a Drivers/STM32F4xx_HAL_Driver/Src/stm32f4xx_hal_tim.o
                0x0000000008004f98                TIM_CCxChannelCmd
 *fill*         0x0000000008004fe2        0x2 
 .text.HAL_TIMEx_MasterConfigSynchronization
                0x0000000008004fe4       0xf8 Drivers/STM32F4xx_HAL_Driver/Src/stm32f4xx_hal_tim_ex.o
                0x0000000008004fe4                HAL_TIMEx_MasterConfigSynchronization
 .text.HAL_TIMEx_CommutCallback
                0x00000000080050dc       0x14 Drivers/STM32F4xx_HAL_Driver/Src/stm32f4xx_hal_tim_ex.o
                0x00000000080050dc                HAL_TIMEx_CommutCallback
 .text.HAL_TIMEx_BreakCallback
                0x00000000080050f0       0x14 Drivers/STM32F4xx_HAL_Driver/Src/stm32f4xx_hal_tim_ex.o
                0x00000000080050f0                HAL_TIMEx_BreakCallback
 .text.__libc_init_array
                0x0000000008005104       0x48 d:/tools/stm32cubeide_1.4.0/stm32cubeide/plugins/com.st.stm32cube.ide.mcu.externaltools.gnu-tools-for-stm32.7-2018-q2-update.win32_1.4.0.202007081208/tools/bin/../lib/gcc/arm-none-eabi/7.3.1/../../../../arm-none-eabi/lib/thumb/v7e-m/fpv4-sp/hard\libc_nano.a(lib_a-init.o)
                0x0000000008005104                __libc_init_array
 .text.memset   0x000000000800514c       0x10 d:/tools/stm32cubeide_1.4.0/stm32cubeide/plugins/com.st.stm32cube.ide.mcu.externaltools.gnu-tools-for-stm32.7-2018-q2-update.win32_1.4.0.202007081208/tools/bin/../lib/gcc/arm-none-eabi/7.3.1/../../../../arm-none-eabi/lib/thumb/v7e-m/fpv4-sp/hard\libc_nano.a(lib_a-memset.o)
                0x000000000800514c                memset
 *(.glue_7)
 .glue_7        0x000000000800515c        0x0 linker stubs
 *(.glue_7t)
 .glue_7t       0x000000000800515c        0x0 linker stubs
 *(.eh_frame)
 .eh_frame      0x000000000800515c        0x0 d:/tools/stm32cubeide_1.4.0/stm32cubeide/plugins/com.st.stm32cube.ide.mcu.externaltools.gnu-tools-for-stm32.7-2018-q2-update.win32_1.4.0.202007081208/tools/bin/../lib/gcc/arm-none-eabi/7.3.1/thumb/v7e-m/fpv4-sp/hard/crtbegin.o
 *(.init)
 .init          0x000000000800515c        0x4 d:/tools/stm32cubeide_1.4.0/stm32cubeide/plugins/com.st.stm32cube.ide.mcu.externaltools.gnu-tools-for-stm32.7-2018-q2-update.win32_1.4.0.202007081208/tools/bin/../lib/gcc/arm-none-eabi/7.3.1/thumb/v7e-m/fpv4-sp/hard/crti.o
                0x000000000800515c                _init
 .init          0x0000000008005160        0x8 d:/tools/stm32cubeide_1.4.0/stm32cubeide/plugins/com.st.stm32cube.ide.mcu.externaltools.gnu-tools-for-stm32.7-2018-q2-update.win32_1.4.0.202007081208/tools/bin/../lib/gcc/arm-none-eabi/7.3.1/thumb/v7e-m/fpv4-sp/hard/crtn.o
 *(.fini)
 .fini          0x0000000008005168        0x4 d:/tools/stm32cubeide_1.4.0/stm32cubeide/plugins/com.st.stm32cube.ide.mcu.externaltools.gnu-tools-for-stm32.7-2018-q2-update.win32_1.4.0.202007081208/tools/bin/../lib/gcc/arm-none-eabi/7.3.1/thumb/v7e-m/fpv4-sp/hard/crti.o
                0x0000000008005168                _fini
 .fini          0x000000000800516c        0x8 d:/tools/stm32cubeide_1.4.0/stm32cubeide/plugins/com.st.stm32cube.ide.mcu.externaltools.gnu-tools-for-stm32.7-2018-q2-update.win32_1.4.0.202007081208/tools/bin/../lib/gcc/arm-none-eabi/7.3.1/thumb/v7e-m/fpv4-sp/hard/crtn.o
                0x0000000008005174                . = ALIGN (0x4)
                0x0000000008005174                _etext = .

.vfp11_veneer   0x0000000008005174        0x0
 .vfp11_veneer  0x0000000008005174        0x0 linker stubs

.v4_bx          0x0000000008005174        0x0
 .v4_bx         0x0000000008005174        0x0 linker stubs

.iplt           0x0000000008005174        0x0
 .iplt          0x0000000008005174        0x0 d:/tools/stm32cubeide_1.4.0/stm32cubeide/plugins/com.st.stm32cube.ide.mcu.externaltools.gnu-tools-for-stm32.7-2018-q2-update.win32_1.4.0.202007081208/tools/bin/../lib/gcc/arm-none-eabi/7.3.1/thumb/v7e-m/fpv4-sp/hard/crtbegin.o

.rodata         0x0000000008005174       0x1c
                0x0000000008005174                . = ALIGN (0x4)
 *(.rodata)
 .rodata        0x0000000008005174        0x4 Core/Src/errorhandler.o
 *(.rodata*)
 .rodata.AHBPrescTable
                0x0000000008005178       0x10 Core/Src/system_stm32f4xx.o
                0x0000000008005178                AHBPrescTable
 .rodata.APBPrescTable
                0x0000000008005188        0x8 Core/Src/system_stm32f4xx.o
                0x0000000008005188                APBPrescTable
                0x0000000008005190                . = ALIGN (0x4)

.ARM.extab      0x0000000008005190        0x0
                0x0000000008005190                . = ALIGN (0x4)
 *(.ARM.extab* .gnu.linkonce.armextab.*)
                0x0000000008005190                . = ALIGN (0x4)

.ARM            0x0000000008005190        0x8
                0x0000000008005190                . = ALIGN (0x4)
                0x0000000008005190                __exidx_start = .
 *(.ARM.exidx*)
 .ARM.exidx     0x0000000008005190        0x8 d:/tools/stm32cubeide_1.4.0/stm32cubeide/plugins/com.st.stm32cube.ide.mcu.externaltools.gnu-tools-for-stm32.7-2018-q2-update.win32_1.4.0.202007081208/tools/bin/../lib/gcc/arm-none-eabi/7.3.1/thumb/v7e-m/fpv4-sp/hard\libgcc.a(_udivmoddi4.o)
                0x0000000008005198                __exidx_end = .
                0x0000000008005198                . = ALIGN (0x4)

.rel.dyn        0x0000000008005198        0x0
 .rel.iplt      0x0000000008005198        0x0 d:/tools/stm32cubeide_1.4.0/stm32cubeide/plugins/com.st.stm32cube.ide.mcu.externaltools.gnu-tools-for-stm32.7-2018-q2-update.win32_1.4.0.202007081208/tools/bin/../lib/gcc/arm-none-eabi/7.3.1/thumb/v7e-m/fpv4-sp/hard/crtbegin.o

.preinit_array  0x0000000008005198        0x0
                0x0000000008005198                . = ALIGN (0x4)
                0x0000000008005198                PROVIDE (__preinit_array_start = .)
 *(.preinit_array*)
                0x0000000008005198                PROVIDE (__preinit_array_end = .)
                0x0000000008005198                . = ALIGN (0x4)

.init_array     0x0000000008005198        0x4
                0x0000000008005198                . = ALIGN (0x4)
                0x0000000008005198                PROVIDE (__init_array_start = .)
 *(SORT_BY_NAME(.init_array.*))
 *(.init_array*)
 .init_array    0x0000000008005198        0x4 d:/tools/stm32cubeide_1.4.0/stm32cubeide/plugins/com.st.stm32cube.ide.mcu.externaltools.gnu-tools-for-stm32.7-2018-q2-update.win32_1.4.0.202007081208/tools/bin/../lib/gcc/arm-none-eabi/7.3.1/thumb/v7e-m/fpv4-sp/hard/crtbegin.o
                0x000000000800519c                PROVIDE (__init_array_end = .)
                0x000000000800519c                . = ALIGN (0x4)

.fini_array     0x000000000800519c        0x4
                0x000000000800519c                . = ALIGN (0x4)
                [!provide]                        PROVIDE (__fini_array_start = .)
 *(SORT_BY_NAME(.fini_array.*))
 *(.fini_array*)
 .fini_array    0x000000000800519c        0x4 d:/tools/stm32cubeide_1.4.0/stm32cubeide/plugins/com.st.stm32cube.ide.mcu.externaltools.gnu-tools-for-stm32.7-2018-q2-update.win32_1.4.0.202007081208/tools/bin/../lib/gcc/arm-none-eabi/7.3.1/thumb/v7e-m/fpv4-sp/hard/crtbegin.o
                [!provide]                        PROVIDE (__fini_array_end = .)
                0x00000000080051a0                . = ALIGN (0x4)
                0x00000000080051a0                _sidata = LOADADDR (.data)

.data           0x0000000020000000       0x8c load address 0x00000000080051a0
                0x0000000020000000                . = ALIGN (0x4)
                0x0000000020000000                _sdata = .
 *(.data)
 *(.data*)
 .data.Ignition_DwellTimeUs_P
                0x0000000020000000        0x4 Core/Src/ignition.o
                0x0000000020000000                Ignition_DwellTimeUs_P
 .data.xx       0x0000000020000004        0x4 Core/Src/injection.o
                0x0000000020000004                xx
 .data.yy       0x0000000020000008        0x4 Core/Src/injection.o
                0x0000000020000008                yy
 .data.ax       0x000000002000000c       0x10 Core/Src/injection.o
                0x000000002000000c                ax
 .data.ay       0x000000002000001c       0x14 Core/Src/injection.o
                0x000000002000001c                ay
 .data.map      0x0000000020000030       0x50 Core/Src/injection.o
                0x0000000020000030                map
 .data.SystemCoreClock
                0x0000000020000080        0x4 Core/Src/system_stm32f4xx.o
                0x0000000020000080                SystemCoreClock
 .data.uwTickPrio
                0x0000000020000084        0x4 Drivers/STM32F4xx_HAL_Driver/Src/stm32f4xx_hal.o
                0x0000000020000084                uwTickPrio
 .data.uwTickFreq
                0x0000000020000088        0x1 Drivers/STM32F4xx_HAL_Driver/Src/stm32f4xx_hal.o
                0x0000000020000088                uwTickFreq
                0x000000002000008c                . = ALIGN (0x4)
 *fill*         0x0000000020000089        0x3 
                0x000000002000008c                _edata = .

.igot.plt       0x000000002000008c        0x0 load address 0x000000000800522c
 .igot.plt      0x000000002000008c        0x0 d:/tools/stm32cubeide_1.4.0/stm32cubeide/plugins/com.st.stm32cube.ide.mcu.externaltools.gnu-tools-for-stm32.7-2018-q2-update.win32_1.4.0.202007081208/tools/bin/../lib/gcc/arm-none-eabi/7.3.1/thumb/v7e-m/fpv4-sp/hard/crtbegin.o
                0x000000002000008c                . = ALIGN (0x4)

.bss            0x000000002000008c      0x3d0 load address 0x000000000800522c
                0x000000002000008c                _sbss = .
                0x000000002000008c                __bss_start__ = _sbss
 *(.bss)
 .bss           0x000000002000008c       0x1c d:/tools/stm32cubeide_1.4.0/stm32cubeide/plugins/com.st.stm32cube.ide.mcu.externaltools.gnu-tools-for-stm32.7-2018-q2-update.win32_1.4.0.202007081208/tools/bin/../lib/gcc/arm-none-eabi/7.3.1/thumb/v7e-m/fpv4-sp/hard/crtbegin.o
 *(.bss*)
 .bss.Cam_HalfCycle
                0x00000000200000a8        0x4 Core/Src/camshaft.o
                0x00000000200000a8                Cam_HalfCycle
 .bss.Crank_LastCapturedEdgeTime
                0x00000000200000ac        0x4 Core/Src/crankshaft.o
                0x00000000200000ac                Crank_LastCapturedEdgeTime
 .bss.Crank_ShaftFreqHz
                0x00000000200000b0        0x4 Core/Src/crankshaft.o
                0x00000000200000b0                Crank_ShaftFreqHz
 .bss.Crank_ShaftFreqHzRaw
                0x00000000200000b4        0x4 Core/Src/crankshaft.o
                0x00000000200000b4                Crank_ShaftFreqHzRaw
 .bss.Crank_RotDelta
                0x00000000200000b8        0x4 Core/Src/crankshaft.o
                0x00000000200000b8                Crank_RotDelta
 .bss.Crank_PosDiff
                0x00000000200000bc        0x4 Core/Src/crankshaft.o
                0x00000000200000bc                Crank_PosDiff
 .bss.Crank_PosDiffOld
                0x00000000200000c0        0x4 Core/Src/crankshaft.o
                0x00000000200000c0                Crank_PosDiffOld
 .bss.Crank_TeethCount
                0x00000000200000c4        0x1 Core/Src/crankshaft.o
                0x00000000200000c4                Crank_TeethCount
 *fill*         0x00000000200000c5        0x1 
 .bss.Crank_Angle
                0x00000000200000c6        0x2 Core/Src/crankshaft.o
                0x00000000200000c6                Crank_Angle
 .bss.Crank_DivAngle
                0x00000000200000c8        0x4 Core/Src/crankshaft.o
                0x00000000200000c8                Crank_DivAngle
 .bss._Crank_ShaftFreqHz
                0x00000000200000cc        0x4 Core/Src/ignition.o
                0x00000000200000cc                _Crank_ShaftFreqHz
 *(COMMON)
 COMMON         0x00000000200000d0        0x8 Core/Src/camshaft.o
                0x00000000200000d0                Cam_HallTIM
 COMMON         0x00000000200000d8        0x8 Core/Src/crankshaft.o
                0x00000000200000d8                Crank_HallTIM
 COMMON         0x00000000200000e0       0xc8 Core/Src/errorhandler.o
                0x00000000200000e0                ErrorMemory
 COMMON         0x00000000200001a8       0xd0 Core/Src/ignition.o
                0x00000000200001a8                Ignition_Cyl1
                0x00000000200001d8                Ignition_Cyl2
                0x0000000020000208                Ignition_Cyl3
                0x0000000020000238                Ignition_FireTIM
                0x0000000020000240                Ignition_DwellTIM
                0x0000000020000248                Ignition_Cyl4
 COMMON         0x0000000020000278       0x98 Core/Src/injection.o
                0x0000000020000278                Injection_Cyl2
                0x000000002000029c                Injection_Cyl3
                0x00000000200002c0                Injection_InjectorTIM
                0x00000000200002c8                Injection_Cyl1
                0x00000000200002ec                Injection_Cyl4
 COMMON         0x0000000020000310      0x140 Core/Src/main.o
                0x0000000020000310                htim10
                0x0000000020000350                htim3
                0x0000000020000390                htim11
                0x00000000200003d0                htim14
                0x0000000020000410                htim12
 COMMON         0x0000000020000450        0x8 Core/Src/systemconfig.o
                0x0000000020000450                CrankCfg
 COMMON         0x0000000020000458        0x4 Drivers/STM32F4xx_HAL_Driver/Src/stm32f4xx_hal.o
                0x0000000020000458                uwTick
                0x000000002000045c                . = ALIGN (0x4)
                0x000000002000045c                _ebss = .
                0x000000002000045c                __bss_end__ = _ebss

._user_heap_stack
                0x000000002000045c      0x604 load address 0x000000000800522c
                0x0000000020000460                . = ALIGN (0x8)
 *fill*         0x000000002000045c        0x4 
                [!provide]                        PROVIDE (end = .)
                0x0000000020000460                PROVIDE (_end = .)
                0x0000000020000660                . = (. + _Min_Heap_Size)
 *fill*         0x0000000020000460      0x200 
                0x0000000020000a60                . = (. + _Min_Stack_Size)
 *fill*         0x0000000020000660      0x400 
                0x0000000020000a60                . = ALIGN (0x8)

/DISCARD/
 libc.a(*)
 libm.a(*)
 libgcc.a(*)

.ARM.attributes
                0x0000000000000000       0x30
 *(.ARM.attributes)
 .ARM.attributes
                0x0000000000000000       0x22 d:/tools/stm32cubeide_1.4.0/stm32cubeide/plugins/com.st.stm32cube.ide.mcu.externaltools.gnu-tools-for-stm32.7-2018-q2-update.win32_1.4.0.202007081208/tools/bin/../lib/gcc/arm-none-eabi/7.3.1/thumb/v7e-m/fpv4-sp/hard/crti.o
 .ARM.attributes
                0x0000000000000022       0x34 d:/tools/stm32cubeide_1.4.0/stm32cubeide/plugins/com.st.stm32cube.ide.mcu.externaltools.gnu-tools-for-stm32.7-2018-q2-update.win32_1.4.0.202007081208/tools/bin/../lib/gcc/arm-none-eabi/7.3.1/thumb/v7e-m/fpv4-sp/hard/crtbegin.o
 .ARM.attributes
                0x0000000000000056       0x39 Core/Src/camshaft.o
 .ARM.attributes
                0x000000000000008f       0x39 Core/Src/crankshaft.o
 .ARM.attributes
                0x00000000000000c8       0x39 Core/Src/errorhandler.o
 .ARM.attributes
                0x0000000000000101       0x39 Core/Src/generalfunctions.o
 .ARM.attributes
                0x000000000000013a       0x39 Core/Src/ignition.o
 .ARM.attributes
                0x0000000000000173       0x39 Core/Src/injection.o
 .ARM.attributes
                0x00000000000001ac       0x39 Core/Src/main.o
 .ARM.attributes
                0x00000000000001e5       0x39 Core/Src/stm32f4xx_hal_msp.o
 .ARM.attributes
                0x000000000000021e       0x39 Core/Src/stm32f4xx_it.o
 .ARM.attributes
                0x0000000000000257       0x39 Core/Src/system_stm32f4xx.o
 .ARM.attributes
                0x0000000000000290       0x39 Core/Src/systemconfig.o
 .ARM.attributes
                0x00000000000002c9       0x21 Core/Startup/startup_stm32f407vgtx.o
 .ARM.attributes
                0x00000000000002ea       0x39 Drivers/STM32F4xx_HAL_Driver/Src/stm32f4xx_hal.o
 .ARM.attributes
                0x0000000000000323       0x39 Drivers/STM32F4xx_HAL_Driver/Src/stm32f4xx_hal_cortex.o
 .ARM.attributes
                0x000000000000035c       0x39 Drivers/STM32F4xx_HAL_Driver/Src/stm32f4xx_hal_gpio.o
 .ARM.attributes
                0x0000000000000395       0x39 Drivers/STM32F4xx_HAL_Driver/Src/stm32f4xx_hal_rcc.o
 .ARM.attributes
                0x00000000000003ce       0x39 Drivers/STM32F4xx_HAL_Driver/Src/stm32f4xx_hal_tim.o
 .ARM.attributes
                0x0000000000000407       0x39 Drivers/STM32F4xx_HAL_Driver/Src/stm32f4xx_hal_tim_ex.o
 .ARM.attributes
                0x0000000000000440       0x34 d:/tools/stm32cubeide_1.4.0/stm32cubeide/plugins/com.st.stm32cube.ide.mcu.externaltools.gnu-tools-for-stm32.7-2018-q2-update.win32_1.4.0.202007081208/tools/bin/../lib/gcc/arm-none-eabi/7.3.1/../../../../arm-none-eabi/lib/thumb/v7e-m/fpv4-sp/hard\libc_nano.a(lib_a-init.o)
 .ARM.attributes
                0x0000000000000474       0x34 d:/tools/stm32cubeide_1.4.0/stm32cubeide/plugins/com.st.stm32cube.ide.mcu.externaltools.gnu-tools-for-stm32.7-2018-q2-update.win32_1.4.0.202007081208/tools/bin/../lib/gcc/arm-none-eabi/7.3.1/../../../../arm-none-eabi/lib/thumb/v7e-m/fpv4-sp/hard\libc_nano.a(lib_a-memset.o)
 .ARM.attributes
                0x00000000000004a8       0x22 d:/tools/stm32cubeide_1.4.0/stm32cubeide/plugins/com.st.stm32cube.ide.mcu.externaltools.gnu-tools-for-stm32.7-2018-q2-update.win32_1.4.0.202007081208/tools/bin/../lib/gcc/arm-none-eabi/7.3.1/thumb/v7e-m/fpv4-sp/hard\libgcc.a(_arm_addsubdf3.o)
 .ARM.attributes
                0x00000000000004ca       0x22 d:/tools/stm32cubeide_1.4.0/stm32cubeide/plugins/com.st.stm32cube.ide.mcu.externaltools.gnu-tools-for-stm32.7-2018-q2-update.win32_1.4.0.202007081208/tools/bin/../lib/gcc/arm-none-eabi/7.3.1/thumb/v7e-m/fpv4-sp/hard\libgcc.a(_arm_muldivdf3.o)
 .ARM.attributes
                0x00000000000004ec       0x22 d:/tools/stm32cubeide_1.4.0/stm32cubeide/plugins/com.st.stm32cube.ide.mcu.externaltools.gnu-tools-for-stm32.7-2018-q2-update.win32_1.4.0.202007081208/tools/bin/../lib/gcc/arm-none-eabi/7.3.1/thumb/v7e-m/fpv4-sp/hard\libgcc.a(_arm_cmpdf2.o)
 .ARM.attributes
                0x000000000000050e       0x22 d:/tools/stm32cubeide_1.4.0/stm32cubeide/plugins/com.st.stm32cube.ide.mcu.externaltools.gnu-tools-for-stm32.7-2018-q2-update.win32_1.4.0.202007081208/tools/bin/../lib/gcc/arm-none-eabi/7.3.1/thumb/v7e-m/fpv4-sp/hard\libgcc.a(_arm_truncdfsf2.o)
 .ARM.attributes
                0x0000000000000530       0x22 d:/tools/stm32cubeide_1.4.0/stm32cubeide/plugins/com.st.stm32cube.ide.mcu.externaltools.gnu-tools-for-stm32.7-2018-q2-update.win32_1.4.0.202007081208/tools/bin/../lib/gcc/arm-none-eabi/7.3.1/thumb/v7e-m/fpv4-sp/hard\libgcc.a(_aeabi_uldivmod.o)
 .ARM.attributes
                0x0000000000000552       0x34 d:/tools/stm32cubeide_1.4.0/stm32cubeide/plugins/com.st.stm32cube.ide.mcu.externaltools.gnu-tools-for-stm32.7-2018-q2-update.win32_1.4.0.202007081208/tools/bin/../lib/gcc/arm-none-eabi/7.3.1/thumb/v7e-m/fpv4-sp/hard\libgcc.a(_udivmoddi4.o)
 .ARM.attributes
                0x0000000000000586       0x22 d:/tools/stm32cubeide_1.4.0/stm32cubeide/plugins/com.st.stm32cube.ide.mcu.externaltools.gnu-tools-for-stm32.7-2018-q2-update.win32_1.4.0.202007081208/tools/bin/../lib/gcc/arm-none-eabi/7.3.1/thumb/v7e-m/fpv4-sp/hard\libgcc.a(_dvmd_tls.o)
 .ARM.attributes
                0x00000000000005a8       0x22 d:/tools/stm32cubeide_1.4.0/stm32cubeide/plugins/com.st.stm32cube.ide.mcu.externaltools.gnu-tools-for-stm32.7-2018-q2-update.win32_1.4.0.202007081208/tools/bin/../lib/gcc/arm-none-eabi/7.3.1/thumb/v7e-m/fpv4-sp/hard/crtn.o
OUTPUT(ECU_Mark1.elf elf32-littlearm)

.debug_info     0x0000000000000000     0xb8a4
 .debug_info    0x0000000000000000      0x702 Core/Src/camshaft.o
 .debug_info    0x0000000000000702      0x92b Core/Src/crankshaft.o
 .debug_info    0x000000000000102d      0x17c Core/Src/errorhandler.o
 .debug_info    0x00000000000011a9      0x1f8 Core/Src/generalfunctions.o
 .debug_info    0x00000000000013a1      0xe5d Core/Src/ignition.o
 .debug_info    0x00000000000021fe      0xa33 Core/Src/injection.o
 .debug_info    0x0000000000002c31     0x14a1 Core/Src/main.o
 .debug_info    0x00000000000040d2      0xc6d Core/Src/stm32f4xx_hal_msp.o
 .debug_info    0x0000000000004d3f      0x75c Core/Src/stm32f4xx_it.o
 .debug_info    0x000000000000549b      0x554 Core/Src/system_stm32f4xx.o
 .debug_info    0x00000000000059ef       0x6d Core/Src/systemconfig.o
 .debug_info    0x0000000000005a5c       0x22 Core/Startup/startup_stm32f407vgtx.o
 .debug_info    0x0000000000005a7e      0x945 Drivers/STM32F4xx_HAL_Driver/Src/stm32f4xx_hal.o
 .debug_info    0x00000000000063c3      0xe28 Drivers/STM32F4xx_HAL_Driver/Src/stm32f4xx_hal_cortex.o
 .debug_info    0x00000000000071eb      0x7b5 Drivers/STM32F4xx_HAL_Driver/Src/stm32f4xx_hal_gpio.o
 .debug_info    0x00000000000079a0      0x904 Drivers/STM32F4xx_HAL_Driver/Src/stm32f4xx_hal_rcc.o
 .debug_info    0x00000000000082a4     0x24a9 Drivers/STM32F4xx_HAL_Driver/Src/stm32f4xx_hal_tim.o
 .debug_info    0x000000000000a74d     0x1157 Drivers/STM32F4xx_HAL_Driver/Src/stm32f4xx_hal_tim_ex.o

.debug_abbrev   0x0000000000000000     0x1da0
 .debug_abbrev  0x0000000000000000      0x174 Core/Src/camshaft.o
 .debug_abbrev  0x0000000000000174      0x1d5 Core/Src/crankshaft.o
 .debug_abbrev  0x0000000000000349      0x115 Core/Src/errorhandler.o
 .debug_abbrev  0x000000000000045e       0xb4 Core/Src/generalfunctions.o
 .debug_abbrev  0x0000000000000512      0x245 Core/Src/ignition.o
 .debug_abbrev  0x0000000000000757      0x1f3 Core/Src/injection.o
 .debug_abbrev  0x000000000000094a      0x27f Core/Src/main.o
 .debug_abbrev  0x0000000000000bc9      0x1a6 Core/Src/stm32f4xx_hal_msp.o
 .debug_abbrev  0x0000000000000d6f      0x172 Core/Src/stm32f4xx_it.o
 .debug_abbrev  0x0000000000000ee1      0x12b Core/Src/system_stm32f4xx.o
 .debug_abbrev  0x000000000000100c       0x65 Core/Src/systemconfig.o
 .debug_abbrev  0x0000000000001071       0x12 Core/Startup/startup_stm32f407vgtx.o
 .debug_abbrev  0x0000000000001083      0x1c7 Drivers/STM32F4xx_HAL_Driver/Src/stm32f4xx_hal.o
 .debug_abbrev  0x000000000000124a      0x2fa Drivers/STM32F4xx_HAL_Driver/Src/stm32f4xx_hal_cortex.o
 .debug_abbrev  0x0000000000001544      0x1c9 Drivers/STM32F4xx_HAL_Driver/Src/stm32f4xx_hal_gpio.o
 .debug_abbrev  0x000000000000170d      0x245 Drivers/STM32F4xx_HAL_Driver/Src/stm32f4xx_hal_rcc.o
 .debug_abbrev  0x0000000000001952      0x230 Drivers/STM32F4xx_HAL_Driver/Src/stm32f4xx_hal_tim.o
 .debug_abbrev  0x0000000000001b82      0x21e Drivers/STM32F4xx_HAL_Driver/Src/stm32f4xx_hal_tim_ex.o

.debug_aranges  0x0000000000000000      0xb28
 .debug_aranges
                0x0000000000000000       0x30 Core/Src/camshaft.o
 .debug_aranges
                0x0000000000000030       0x40 Core/Src/crankshaft.o
 .debug_aranges
                0x0000000000000070       0x38 Core/Src/errorhandler.o
 .debug_aranges
                0x00000000000000a8       0x20 Core/Src/generalfunctions.o
 .debug_aranges
                0x00000000000000c8       0x98 Core/Src/ignition.o
 .debug_aranges
                0x0000000000000160       0x40 Core/Src/injection.o
 .debug_aranges
                0x00000000000001a0       0x88 Core/Src/main.o
 .debug_aranges
                0x0000000000000228       0x30 Core/Src/stm32f4xx_hal_msp.o
 .debug_aranges
                0x0000000000000258       0x88 Core/Src/stm32f4xx_it.o
 .debug_aranges
                0x00000000000002e0       0x28 Core/Src/system_stm32f4xx.o
 .debug_aranges
                0x0000000000000308       0x18 Core/Src/systemconfig.o
 .debug_aranges
                0x0000000000000320       0x28 Core/Startup/startup_stm32f407vgtx.o
 .debug_aranges
                0x0000000000000348       0xf0 Drivers/STM32F4xx_HAL_Driver/Src/stm32f4xx_hal.o
 .debug_aranges
                0x0000000000000438      0x118 Drivers/STM32F4xx_HAL_Driver/Src/stm32f4xx_hal_cortex.o
 .debug_aranges
                0x0000000000000550       0x58 Drivers/STM32F4xx_HAL_Driver/Src/stm32f4xx_hal_gpio.o
 .debug_aranges
                0x00000000000005a8       0x88 Drivers/STM32F4xx_HAL_Driver/Src/stm32f4xx_hal_rcc.o
 .debug_aranges
                0x0000000000000630      0x3a8 Drivers/STM32F4xx_HAL_Driver/Src/stm32f4xx_hal_tim.o
 .debug_aranges
                0x00000000000009d8      0x150 Drivers/STM32F4xx_HAL_Driver/Src/stm32f4xx_hal_tim_ex.o

.debug_ranges   0x0000000000000000      0xa08
 .debug_ranges  0x0000000000000000       0x20 Core/Src/camshaft.o
 .debug_ranges  0x0000000000000020       0x30 Core/Src/crankshaft.o
 .debug_ranges  0x0000000000000050       0x28 Core/Src/errorhandler.o
 .debug_ranges  0x0000000000000078       0x10 Core/Src/generalfunctions.o
 .debug_ranges  0x0000000000000088       0x88 Core/Src/ignition.o
 .debug_ranges  0x0000000000000110       0x30 Core/Src/injection.o
 .debug_ranges  0x0000000000000140       0x78 Core/Src/main.o
 .debug_ranges  0x00000000000001b8       0x20 Core/Src/stm32f4xx_hal_msp.o
 .debug_ranges  0x00000000000001d8       0x78 Core/Src/stm32f4xx_it.o
 .debug_ranges  0x0000000000000250       0x18 Core/Src/system_stm32f4xx.o
 .debug_ranges  0x0000000000000268       0x20 Core/Startup/startup_stm32f407vgtx.o
 .debug_ranges  0x0000000000000288       0xe0 Drivers/STM32F4xx_HAL_Driver/Src/stm32f4xx_hal.o
 .debug_ranges  0x0000000000000368      0x108 Drivers/STM32F4xx_HAL_Driver/Src/stm32f4xx_hal_cortex.o
 .debug_ranges  0x0000000000000470       0x48 Drivers/STM32F4xx_HAL_Driver/Src/stm32f4xx_hal_gpio.o
 .debug_ranges  0x00000000000004b8       0x78 Drivers/STM32F4xx_HAL_Driver/Src/stm32f4xx_hal_rcc.o
 .debug_ranges  0x0000000000000530      0x398 Drivers/STM32F4xx_HAL_Driver/Src/stm32f4xx_hal_tim.o
 .debug_ranges  0x00000000000008c8      0x140 Drivers/STM32F4xx_HAL_Driver/Src/stm32f4xx_hal_tim_ex.o

.debug_macro    0x0000000000000000    0x201da
 .debug_macro   0x0000000000000000      0x1ce Core/Src/camshaft.o
 .debug_macro   0x00000000000001ce      0xa5a Core/Src/camshaft.o
 .debug_macro   0x0000000000000c28      0x28e Core/Src/camshaft.o
 .debug_macro   0x0000000000000eb6       0x2e Core/Src/camshaft.o
 .debug_macro   0x0000000000000ee4       0x2f Core/Src/camshaft.o
 .debug_macro   0x0000000000000f13       0x22 Core/Src/camshaft.o
 .debug_macro   0x0000000000000f35       0x8e Core/Src/camshaft.o
 .debug_macro   0x0000000000000fc3       0x51 Core/Src/camshaft.o
 .debug_macro   0x0000000000001014       0xef Core/Src/camshaft.o
 .debug_macro   0x0000000000001103       0x6a Core/Src/camshaft.o
 .debug_macro   0x000000000000116d      0x1df Core/Src/camshaft.o
 .debug_macro   0x000000000000134c       0x1c Core/Src/camshaft.o
 .debug_macro   0x0000000000001368       0x22 Core/Src/camshaft.o
 .debug_macro   0x000000000000138a       0xdf Core/Src/camshaft.o
 .debug_macro   0x0000000000001469     0x102d Core/Src/camshaft.o
 .debug_macro   0x0000000000002496      0x11f Core/Src/camshaft.o
 .debug_macro   0x00000000000025b5    0x15e3c Core/Src/camshaft.o
 .debug_macro   0x00000000000183f1       0x43 Core/Src/camshaft.o
 .debug_macro   0x0000000000018434     0x3659 Core/Src/camshaft.o
 .debug_macro   0x000000000001ba8d      0x174 Core/Src/camshaft.o
 .debug_macro   0x000000000001bc01       0x5a Core/Src/camshaft.o
 .debug_macro   0x000000000001bc5b      0x96b Core/Src/camshaft.o
 .debug_macro   0x000000000001c5c6      0x9fe Core/Src/camshaft.o
 .debug_macro   0x000000000001cfc4      0x117 Core/Src/camshaft.o
 .debug_macro   0x000000000001d0db      0x13e Core/Src/camshaft.o
 .debug_macro   0x000000000001d219       0x27 Core/Src/camshaft.o
 .debug_macro   0x000000000001d240      0x174 Core/Src/camshaft.o
 .debug_macro   0x000000000001d3b4      0x287 Core/Src/camshaft.o
 .debug_macro   0x000000000001d63b       0x5f Core/Src/camshaft.o
 .debug_macro   0x000000000001d69a      0x236 Core/Src/camshaft.o
 .debug_macro   0x000000000001d8d0      0x12c Core/Src/camshaft.o
 .debug_macro   0x000000000001d9fc      0x21e Core/Src/camshaft.o
 .debug_macro   0x000000000001dc1a       0x2e Core/Src/camshaft.o
 .debug_macro   0x000000000001dc48      0x11a Core/Src/camshaft.o
 .debug_macro   0x000000000001dd62       0x7e Core/Src/camshaft.o
 .debug_macro   0x000000000001dde0       0x89 Core/Src/camshaft.o
 .debug_macro   0x000000000001de69      0x8a0 Core/Src/camshaft.o
 .debug_macro   0x000000000001e709       0x47 Core/Src/camshaft.o
 .debug_macro   0x000000000001e750      0x12d Core/Src/camshaft.o
 .debug_macro   0x000000000001e87d      0x1e2 Core/Src/crankshaft.o
 .debug_macro   0x000000000001ea5f       0x1b Core/Src/errorhandler.o
 .debug_macro   0x000000000001ea7a       0x1b Core/Src/generalfunctions.o
 .debug_macro   0x000000000001ea95      0x1ec Core/Src/ignition.o
 .debug_macro   0x000000000001ec81      0x1d8 Core/Src/injection.o
 .debug_macro   0x000000000001ee59      0x205 Core/Src/main.o
 .debug_macro   0x000000000001f05e       0x94 Core/Src/main.o
 .debug_macro   0x000000000001f0f2      0x1d3 Core/Src/stm32f4xx_hal_msp.o
 .debug_macro   0x000000000001f2c5      0x1dd Core/Src/stm32f4xx_it.o
 .debug_macro   0x000000000001f4a2      0x1ca Core/Src/system_stm32f4xx.o
 .debug_macro   0x000000000001f66c       0x1b Core/Src/systemconfig.o
 .debug_macro   0x000000000001f687      0x224 Drivers/STM32F4xx_HAL_Driver/Src/stm32f4xx_hal.o
 .debug_macro   0x000000000001f8ab      0x1c4 Drivers/STM32F4xx_HAL_Driver/Src/stm32f4xx_hal_cortex.o
 .debug_macro   0x000000000001fa6f      0x1fa Drivers/STM32F4xx_HAL_Driver/Src/stm32f4xx_hal_gpio.o
 .debug_macro   0x000000000001fc69      0x1e8 Drivers/STM32F4xx_HAL_Driver/Src/stm32f4xx_hal_rcc.o
 .debug_macro   0x000000000001fe51      0x1c5 Drivers/STM32F4xx_HAL_Driver/Src/stm32f4xx_hal_tim.o
 .debug_macro   0x0000000000020016      0x1c4 Drivers/STM32F4xx_HAL_Driver/Src/stm32f4xx_hal_tim_ex.o

.debug_line     0x0000000000000000     0x8941
 .debug_line    0x0000000000000000      0x6d6 Core/Src/camshaft.o
 .debug_line    0x00000000000006d6      0x745 Core/Src/crankshaft.o
 .debug_line    0x0000000000000e1b       0xc9 Core/Src/errorhandler.o
 .debug_line    0x0000000000000ee4       0xb9 Core/Src/generalfunctions.o
 .debug_line    0x0000000000000f9d      0x86a Core/Src/ignition.o
 .debug_line    0x0000000000001807      0x739 Core/Src/injection.o
 .debug_line    0x0000000000001f40      0x92c Core/Src/main.o
 .debug_line    0x000000000000286c      0x72e Core/Src/stm32f4xx_hal_msp.o
 .debug_line    0x0000000000002f9a      0x7b3 Core/Src/stm32f4xx_it.o
 .debug_line    0x000000000000374d      0x6d0 Core/Src/system_stm32f4xx.o
 .debug_line    0x0000000000003e1d       0x59 Core/Src/systemconfig.o
 .debug_line    0x0000000000003e76       0x85 Core/Startup/startup_stm32f407vgtx.o
 .debug_line    0x0000000000003efb      0x8ba Drivers/STM32F4xx_HAL_Driver/Src/stm32f4xx_hal.o
 .debug_line    0x00000000000047b5      0x9de Drivers/STM32F4xx_HAL_Driver/Src/stm32f4xx_hal_cortex.o
 .debug_line    0x0000000000005193      0x899 Drivers/STM32F4xx_HAL_Driver/Src/stm32f4xx_hal_gpio.o
 .debug_line    0x0000000000005a2c      0x912 Drivers/STM32F4xx_HAL_Driver/Src/stm32f4xx_hal_rcc.o
 .debug_line    0x000000000000633e     0x1933 Drivers/STM32F4xx_HAL_Driver/Src/stm32f4xx_hal_tim.o
 .debug_line    0x0000000000007c71      0xcd0 Drivers/STM32F4xx_HAL_Driver/Src/stm32f4xx_hal_tim_ex.o

.debug_str      0x0000000000000000    0xc3f5f
 .debug_str     0x0000000000000000    0xc06f8 Core/Src/camshaft.o
                                      0xc09f9 (size before relaxing)
 .debug_str     0x00000000000c06f8      0x2aa Core/Src/crankshaft.o
                                      0xc0c38 (size before relaxing)
 .debug_str     0x00000000000c09a2       0x92 Core/Src/errorhandler.o
                                       0x2dd3 (size before relaxing)
 .debug_str     0x00000000000c0a34       0xd5 Core/Src/generalfunctions.o
                                       0x2da9 (size before relaxing)
 .debug_str     0x00000000000c0b09      0x49a Core/Src/ignition.o
                                      0xc0fe6 (size before relaxing)
 .debug_str     0x00000000000c0fa3      0x200 Core/Src/injection.o
                                      0xc0c28 (size before relaxing)
 .debug_str     0x00000000000c11a3      0xc74 Core/Src/main.o
                                      0xc1b24 (size before relaxing)
 .debug_str     0x00000000000c1e17       0x62 Core/Src/stm32f4xx_hal_msp.o
                                      0xc12da (size before relaxing)
 .debug_str     0x00000000000c1e79      0x13c Core/Src/stm32f4xx_it.o
                                      0xc0d69 (size before relaxing)
 .debug_str     0x00000000000c1fb5       0xc4 Core/Src/system_stm32f4xx.o
                                      0xc06f6 (size before relaxing)
 .debug_str     0x00000000000c2079       0x1b Core/Src/systemconfig.o
                                       0x2d3e (size before relaxing)
 .debug_str     0x00000000000c2094       0x60 Core/Startup/startup_stm32f407vgtx.o
 .debug_str     0x00000000000c20f4      0x58d Drivers/STM32F4xx_HAL_Driver/Src/stm32f4xx_hal.o
                                      0xc11c3 (size before relaxing)
 .debug_str     0x00000000000c2681      0x39e Drivers/STM32F4xx_HAL_Driver/Src/stm32f4xx_hal_cortex.o
                                      0xc0fb2 (size before relaxing)
 .debug_str     0x00000000000c2a1f      0x20c Drivers/STM32F4xx_HAL_Driver/Src/stm32f4xx_hal_gpio.o
                                      0xc0935 (size before relaxing)
 .debug_str     0x00000000000c2c2b      0x259 Drivers/STM32F4xx_HAL_Driver/Src/stm32f4xx_hal_rcc.o
                                      0xc0ae3 (size before relaxing)
 .debug_str     0x00000000000c2e84      0xc39 Drivers/STM32F4xx_HAL_Driver/Src/stm32f4xx_hal_tim.o
                                      0xc1802 (size before relaxing)
 .debug_str     0x00000000000c3abd      0x4a2 Drivers/STM32F4xx_HAL_Driver/Src/stm32f4xx_hal_tim_ex.o
                                      0xc1002 (size before relaxing)

.comment        0x0000000000000000       0x7b
 .comment       0x0000000000000000       0x7b Core/Src/camshaft.o
                                         0x7c (size before relaxing)
 .comment       0x000000000000007b       0x7c Core/Src/crankshaft.o
 .comment       0x000000000000007b       0x7c Core/Src/errorhandler.o
 .comment       0x000000000000007b       0x7c Core/Src/generalfunctions.o
 .comment       0x000000000000007b       0x7c Core/Src/ignition.o
 .comment       0x000000000000007b       0x7c Core/Src/injection.o
 .comment       0x000000000000007b       0x7c Core/Src/main.o
 .comment       0x000000000000007b       0x7c Core/Src/stm32f4xx_hal_msp.o
 .comment       0x000000000000007b       0x7c Core/Src/stm32f4xx_it.o
 .comment       0x000000000000007b       0x7c Core/Src/system_stm32f4xx.o
 .comment       0x000000000000007b       0x7c Core/Src/systemconfig.o
 .comment       0x000000000000007b       0x7c Drivers/STM32F4xx_HAL_Driver/Src/stm32f4xx_hal.o
 .comment       0x000000000000007b       0x7c Drivers/STM32F4xx_HAL_Driver/Src/stm32f4xx_hal_cortex.o
 .comment       0x000000000000007b       0x7c Drivers/STM32F4xx_HAL_Driver/Src/stm32f4xx_hal_gpio.o
 .comment       0x000000000000007b       0x7c Drivers/STM32F4xx_HAL_Driver/Src/stm32f4xx_hal_rcc.o
 .comment       0x000000000000007b       0x7c Drivers/STM32F4xx_HAL_Driver/Src/stm32f4xx_hal_tim.o
 .comment       0x000000000000007b       0x7c Drivers/STM32F4xx_HAL_Driver/Src/stm32f4xx_hal_tim_ex.o

.debug_frame    0x0000000000000000     0x2e18
 .debug_frame   0x0000000000000000       0x74 Core/Src/camshaft.o
 .debug_frame   0x0000000000000074       0xb4 Core/Src/crankshaft.o
 .debug_frame   0x0000000000000128       0xa8 Core/Src/errorhandler.o
 .debug_frame   0x00000000000001d0       0x3c Core/Src/generalfunctions.o
 .debug_frame   0x000000000000020c      0x260 Core/Src/ignition.o
 .debug_frame   0x000000000000046c       0xc4 Core/Src/injection.o
 .debug_frame   0x0000000000000530      0x1f0 Core/Src/main.o
 .debug_frame   0x0000000000000720       0x80 Core/Src/stm32f4xx_hal_msp.o
 .debug_frame   0x00000000000007a0      0x198 Core/Src/stm32f4xx_it.o
 .debug_frame   0x0000000000000938       0x58 Core/Src/system_stm32f4xx.o
 .debug_frame   0x0000000000000990      0x374 Drivers/STM32F4xx_HAL_Driver/Src/stm32f4xx_hal.o
 .debug_frame   0x0000000000000d04      0x498 Drivers/STM32F4xx_HAL_Driver/Src/stm32f4xx_hal_cortex.o
 .debug_frame   0x000000000000119c      0x14c Drivers/STM32F4xx_HAL_Driver/Src/stm32f4xx_hal_gpio.o
 .debug_frame   0x00000000000012e8      0x1f0 Drivers/STM32F4xx_HAL_Driver/Src/stm32f4xx_hal_rcc.o
 .debug_frame   0x00000000000014d8     0x10f0 Drivers/STM32F4xx_HAL_Driver/Src/stm32f4xx_hal_tim.o
 .debug_frame   0x00000000000025c8      0x5c0 Drivers/STM32F4xx_HAL_Driver/Src/stm32f4xx_hal_tim_ex.o
 .debug_frame   0x0000000000002b88       0x2c d:/tools/stm32cubeide_1.4.0/stm32cubeide/plugins/com.st.stm32cube.ide.mcu.externaltools.gnu-tools-for-stm32.7-2018-q2-update.win32_1.4.0.202007081208/tools/bin/../lib/gcc/arm-none-eabi/7.3.1/../../../../arm-none-eabi/lib/thumb/v7e-m/fpv4-sp/hard\libc_nano.a(lib_a-init.o)
 .debug_frame   0x0000000000002bb4       0x20 d:/tools/stm32cubeide_1.4.0/stm32cubeide/plugins/com.st.stm32cube.ide.mcu.externaltools.gnu-tools-for-stm32.7-2018-q2-update.win32_1.4.0.202007081208/tools/bin/../lib/gcc/arm-none-eabi/7.3.1/../../../../arm-none-eabi/lib/thumb/v7e-m/fpv4-sp/hard\libc_nano.a(lib_a-memset.o)
 .debug_frame   0x0000000000002bd4       0xac d:/tools/stm32cubeide_1.4.0/stm32cubeide/plugins/com.st.stm32cube.ide.mcu.externaltools.gnu-tools-for-stm32.7-2018-q2-update.win32_1.4.0.202007081208/tools/bin/../lib/gcc/arm-none-eabi/7.3.1/thumb/v7e-m/fpv4-sp/hard\libgcc.a(_arm_addsubdf3.o)
 .debug_frame   0x0000000000002c80       0x50 d:/tools/stm32cubeide_1.4.0/stm32cubeide/plugins/com.st.stm32cube.ide.mcu.externaltools.gnu-tools-for-stm32.7-2018-q2-update.win32_1.4.0.202007081208/tools/bin/../lib/gcc/arm-none-eabi/7.3.1/thumb/v7e-m/fpv4-sp/hard\libgcc.a(_arm_muldivdf3.o)
 .debug_frame   0x0000000000002cd0       0xc4 d:/tools/stm32cubeide_1.4.0/stm32cubeide/plugins/com.st.stm32cube.ide.mcu.externaltools.gnu-tools-for-stm32.7-2018-q2-update.win32_1.4.0.202007081208/tools/bin/../lib/gcc/arm-none-eabi/7.3.1/thumb/v7e-m/fpv4-sp/hard\libgcc.a(_arm_cmpdf2.o)
 .debug_frame   0x0000000000002d94       0x24 d:/tools/stm32cubeide_1.4.0/stm32cubeide/plugins/com.st.stm32cube.ide.mcu.externaltools.gnu-tools-for-stm32.7-2018-q2-update.win32_1.4.0.202007081208/tools/bin/../lib/gcc/arm-none-eabi/7.3.1/thumb/v7e-m/fpv4-sp/hard\libgcc.a(_arm_truncdfsf2.o)
 .debug_frame   0x0000000000002db8       0x2c d:/tools/stm32cubeide_1.4.0/stm32cubeide/plugins/com.st.stm32cube.ide.mcu.externaltools.gnu-tools-for-stm32.7-2018-q2-update.win32_1.4.0.202007081208/tools/bin/../lib/gcc/arm-none-eabi/7.3.1/thumb/v7e-m/fpv4-sp/hard\libgcc.a(_aeabi_uldivmod.o)
 .debug_frame   0x0000000000002de4       0x34 d:/tools/stm32cubeide_1.4.0/stm32cubeide/plugins/com.st.stm32cube.ide.mcu.externaltools.gnu-tools-for-stm32.7-2018-q2-update.win32_1.4.0.202007081208/tools/bin/../lib/gcc/arm-none-eabi/7.3.1/thumb/v7e-m/fpv4-sp/hard\libgcc.a(_udivmoddi4.o)
