Archive member included to satisfy reference by file (symbol)

d:/tools/stm32cubeide_1.4.0/stm32cubeide/plugins/com.st.stm32cube.ide.mcu.externaltools.gnu-tools-for-stm32.7-2018-q2-update.win32_1.4.0.202007081208/tools/bin/../lib/gcc/arm-none-eabi/7.3.1/../../../../arm-none-eabi/lib/thumb/v7e-m/fpv4-sp/hard\libc_nano.a(lib_a-errno.o)
                              Core/Src/syscalls.o (__errno)
d:/tools/stm32cubeide_1.4.0/stm32cubeide/plugins/com.st.stm32cube.ide.mcu.externaltools.gnu-tools-for-stm32.7-2018-q2-update.win32_1.4.0.202007081208/tools/bin/../lib/gcc/arm-none-eabi/7.3.1/../../../../arm-none-eabi/lib/thumb/v7e-m/fpv4-sp/hard\libc_nano.a(lib_a-exit.o)
                              d:/tools/stm32cubeide_1.4.0/stm32cubeide/plugins/com.st.stm32cube.ide.mcu.externaltools.gnu-tools-for-stm32.7-2018-q2-update.win32_1.4.0.202007081208/tools/bin/../lib/gcc/arm-none-eabi/7.3.1/../../../../arm-none-eabi/lib/thumb/v7e-m/fpv4-sp/hard/crt0.o (exit)
d:/tools/stm32cubeide_1.4.0/stm32cubeide/plugins/com.st.stm32cube.ide.mcu.externaltools.gnu-tools-for-stm32.7-2018-q2-update.win32_1.4.0.202007081208/tools/bin/../lib/gcc/arm-none-eabi/7.3.1/../../../../arm-none-eabi/lib/thumb/v7e-m/fpv4-sp/hard\libc_nano.a(lib_a-impure.o)
                              d:/tools/stm32cubeide_1.4.0/stm32cubeide/plugins/com.st.stm32cube.ide.mcu.externaltools.gnu-tools-for-stm32.7-2018-q2-update.win32_1.4.0.202007081208/tools/bin/../lib/gcc/arm-none-eabi/7.3.1/../../../../arm-none-eabi/lib/thumb/v7e-m/fpv4-sp/hard\libc_nano.a(lib_a-exit.o) (_global_impure_ptr)
d:/tools/stm32cubeide_1.4.0/stm32cubeide/plugins/com.st.stm32cube.ide.mcu.externaltools.gnu-tools-for-stm32.7-2018-q2-update.win32_1.4.0.202007081208/tools/bin/../lib/gcc/arm-none-eabi/7.3.1/../../../../arm-none-eabi/lib/thumb/v7e-m/fpv4-sp/hard\libc_nano.a(lib_a-init.o)
                              d:/tools/stm32cubeide_1.4.0/stm32cubeide/plugins/com.st.stm32cube.ide.mcu.externaltools.gnu-tools-for-stm32.7-2018-q2-update.win32_1.4.0.202007081208/tools/bin/../lib/gcc/arm-none-eabi/7.3.1/../../../../arm-none-eabi/lib/thumb/v7e-m/fpv4-sp/hard/crt0.o (__libc_init_array)
d:/tools/stm32cubeide_1.4.0/stm32cubeide/plugins/com.st.stm32cube.ide.mcu.externaltools.gnu-tools-for-stm32.7-2018-q2-update.win32_1.4.0.202007081208/tools/bin/../lib/gcc/arm-none-eabi/7.3.1/../../../../arm-none-eabi/lib/thumb/v7e-m/fpv4-sp/hard\libc_nano.a(lib_a-memset.o)
                              d:/tools/stm32cubeide_1.4.0/stm32cubeide/plugins/com.st.stm32cube.ide.mcu.externaltools.gnu-tools-for-stm32.7-2018-q2-update.win32_1.4.0.202007081208/tools/bin/../lib/gcc/arm-none-eabi/7.3.1/../../../../arm-none-eabi/lib/thumb/v7e-m/fpv4-sp/hard/crt0.o (memset)
d:/tools/stm32cubeide_1.4.0/stm32cubeide/plugins/com.st.stm32cube.ide.mcu.externaltools.gnu-tools-for-stm32.7-2018-q2-update.win32_1.4.0.202007081208/tools/bin/../lib/gcc/arm-none-eabi/7.3.1/../../../../arm-none-eabi/lib/thumb/v7e-m/fpv4-sp/hard\libc_nano.a(lib_a-strlen.o)
                              Core/Src/main.o (strlen)
d:/tools/stm32cubeide_1.4.0/stm32cubeide/plugins/com.st.stm32cube.ide.mcu.externaltools.gnu-tools-for-stm32.7-2018-q2-update.win32_1.4.0.202007081208/tools/bin/../lib/gcc/arm-none-eabi/7.3.1/thumb/v7e-m/fpv4-sp/hard\libgcc.a(_arm_addsubdf3.o)
                              Core/Src/crankshaft.o (__aeabi_dadd)
d:/tools/stm32cubeide_1.4.0/stm32cubeide/plugins/com.st.stm32cube.ide.mcu.externaltools.gnu-tools-for-stm32.7-2018-q2-update.win32_1.4.0.202007081208/tools/bin/../lib/gcc/arm-none-eabi/7.3.1/thumb/v7e-m/fpv4-sp/hard\libgcc.a(_arm_muldivdf3.o)
                              Core/Src/crankshaft.o (__aeabi_dmul)
d:/tools/stm32cubeide_1.4.0/stm32cubeide/plugins/com.st.stm32cube.ide.mcu.externaltools.gnu-tools-for-stm32.7-2018-q2-update.win32_1.4.0.202007081208/tools/bin/../lib/gcc/arm-none-eabi/7.3.1/thumb/v7e-m/fpv4-sp/hard\libgcc.a(_arm_cmpdf2.o)
                              Core/Src/crankshaft.o (__aeabi_dcmpge)
d:/tools/stm32cubeide_1.4.0/stm32cubeide/plugins/com.st.stm32cube.ide.mcu.externaltools.gnu-tools-for-stm32.7-2018-q2-update.win32_1.4.0.202007081208/tools/bin/../lib/gcc/arm-none-eabi/7.3.1/thumb/v7e-m/fpv4-sp/hard\libgcc.a(_arm_truncdfsf2.o)
                              Core/Src/crankshaft.o (__aeabi_d2f)
d:/tools/stm32cubeide_1.4.0/stm32cubeide/plugins/com.st.stm32cube.ide.mcu.externaltools.gnu-tools-for-stm32.7-2018-q2-update.win32_1.4.0.202007081208/tools/bin/../lib/gcc/arm-none-eabi/7.3.1/thumb/v7e-m/fpv4-sp/hard\libgcc.a(_aeabi_uldivmod.o)
                              Drivers/STM32F4xx_HAL_Driver/Src/stm32f4xx_hal_rcc.o (__aeabi_uldivmod)
d:/tools/stm32cubeide_1.4.0/stm32cubeide/plugins/com.st.stm32cube.ide.mcu.externaltools.gnu-tools-for-stm32.7-2018-q2-update.win32_1.4.0.202007081208/tools/bin/../lib/gcc/arm-none-eabi/7.3.1/thumb/v7e-m/fpv4-sp/hard\libgcc.a(_udivmoddi4.o)
[...]
Memory Configuration

Name             Origin             Length             Attributes
CCMRAM           0x0000000010000000 0x0000000000010000 xrw
RAM              0x0000000020000000 0x0000000000020000 xrw
FLASH            0x0000000008000000 0x0000000000100000 xr
*default*        0x0000000000000000 0xffffffffffffffff

Linker script and memory map

LOAD d:/tools/stm32cubeide_1.4.0/stm32cubeide/plugins/com.st.stm32cube.ide.mcu.externaltools.gnu-tools-for-stm32.7-2018-q2-update.win32_1.4.0.202007081208/tools/bin/../lib/gcc/arm-none-eabi/7.3.1/thumb/v7e-m/fpv4-sp/hard/crti.o
LOAD d:/tools/stm32cubeide_1.4.0/stm32cubeide/plugins/com.st.stm32cube.ide.mcu.externaltools.gnu-tools-for-stm32.7-2018-q2-update.win32_1.4.0.202007081208/tools/bin/../lib/gcc/arm-none-eabi/7.3.1/thumb/v7e-m/fpv4-sp/hard/crtbegin.o
LOAD d:/tools/stm32cubeide_1.4.0/stm32cubeide/plugins/com.st.stm32cube.ide.mcu.externaltools.gnu-tools-for-stm32.7-2018-q2-update.win32_1.4.0.202007081208/tools/bin/../lib/gcc/arm-none-eabi/7.3.1/../../../../arm-none-eabi/lib/thumb/v7e-m/fpv4-sp/hard/crt0.o
LOAD Core/Src/TLE8888.o
LOAD Core/Src/adc.o
LOAD Core/Src/camshaft.o
LOAD Core/Src/crankshaft.o
LOAD Core/Src/dio.o
LOAD Core/Src/ecucentral.o
LOAD Core/Src/errorhandler.o
LOAD Core/Src/generalfunctions.o
LOAD Core/Src/ignition.o
LOAD Core/Src/injection.o
LOAD Core/Src/main.o
LOAD Core/Src/stm32f4xx_hal_msp.o
LOAD Core/Src/stm32f4xx_it.o
LOAD Core/Src/syscalls.o
LOAD Core/Src/sysmem.o
LOAD Core/Src/system_stm32f4xx.o
LOAD Core/Src/systemconfig.o
LOAD Core/Src/torque.o
LOAD Core/Startup/startup_stm32f407vgtx.o
LOAD Drivers/STM32F4xx_HAL_Driver/Src/stm32f4xx_hal.o
LOAD Drivers/STM32F4xx_HAL_Driver/Src/stm32f4xx_hal_adc.o
LOAD Drivers/STM32F4xx_HAL_Driver/Src/stm32f4xx_hal_adc_ex.o
LOAD Drivers/STM32F4xx_HAL_Driver/Src/stm32f4xx_hal_cortex.o
LOAD Drivers/STM32F4xx_HAL_Driver/Src/stm32f4xx_hal_dma.o
LOAD Drivers/STM32F4xx_HAL_Driver/Src/stm32f4xx_hal_dma_ex.o
LOAD Drivers/STM32F4xx_HAL_Driver/Src/stm32f4xx_hal_exti.o
LOAD Drivers/STM32F4xx_HAL_Driver/Src/stm32f4xx_hal_flash.o
LOAD Drivers/STM32F4xx_HAL_Driver/Src/stm32f4xx_hal_flash_ex.o
LOAD Drivers/STM32F4xx_HAL_Driver/Src/stm32f4xx_hal_flash_ramfunc.o
LOAD Drivers/STM32F4xx_HAL_Driver/Src/stm32f4xx_hal_gpio.o
LOAD Drivers/STM32F4xx_HAL_Driver/Src/stm32f4xx_hal_pwr.o
LOAD Drivers/STM32F4xx_HAL_Driver/Src/stm32f4xx_hal_pwr_ex.o
LOAD Drivers/STM32F4xx_HAL_Driver/Src/stm32f4xx_hal_rcc.o
LOAD Drivers/STM32F4xx_HAL_Driver/Src/stm32f4xx_hal_rcc_ex.o
LOAD Drivers/STM32F4xx_HAL_Driver/Src/stm32f4xx_hal_spi.o
LOAD Drivers/STM32F4xx_HAL_Driver/Src/stm32f4xx_hal_tim.o
LOAD Drivers/STM32F4xx_HAL_Driver/Src/stm32f4xx_hal_tim_ex.o
START GROUP
LOAD d:/tools/stm32cubeide_1.4.0/stm32cubeide/plugins/com.st.stm32cube.ide.mcu.externaltools.gnu-tools-for-stm32.7-2018-q2-update.win32_1.4.0.202007081208/tools/bin/../lib/gcc/arm-none-eabi/7.3.1/../../../../arm-none-eabi/lib/thumb/v7e-m/fpv4-sp/hard\libc_nano.a
LOAD d:/tools/stm32cubeide_1.4.0/stm32cubeide/plugins/com.st.stm32cube.ide.mcu.externaltools.gnu-tools-for-stm32.7-2018-q2-update.win32_1.4.0.202007081208/tools/bin/../lib/gcc/arm-none-eabi/7.3.1/../../../../arm-none-eabi/lib/thumb/v7e-m/fpv4-sp/hard\libm.a
END GROUP
START GROUP
LOAD d:/tools/stm32cubeide_1.4.0/stm32cubeide/plugins/com.st.stm32cube.ide.mcu.externaltools.gnu-tools-for-stm32.7-2018-q2-update.win32_1.4.0.202007081208/tools/bin/../lib/gcc/arm-none-eabi/7.3.1/thumb/v7e-m/fpv4-sp/hard\libgcc.a
LOAD d:/tools/stm32cubeide_1.4.0/stm32cubeide/plugins/com.st.stm32cube.ide.mcu.externaltools.gnu-tools-for-stm32.7-2018-q2-update.win32_1.4.0.202007081208/tools/bin/../lib/gcc/arm-none-eabi/7.3.1/../../../../arm-none-eabi/lib/thumb/v7e-m/fpv4-sp/hard\libc_nano.a
END GROUP
START GROUP
LOAD d:/tools/stm32cubeide_1.4.0/stm32cubeide/plugins/com.st.stm32cube.ide.mcu.externaltools.gnu-tools-for-stm32.7-2018-q2-update.win32_1.4.0.202007081208/tools/bin/../lib/gcc/arm-none-eabi/7.3.1/thumb/v7e-m/fpv4-sp/hard\libgcc.a
LOAD d:/tools/stm32cubeide_1.4.0/stm32cubeide/plugins/com.st.stm32cube.ide.mcu.externaltools.gnu-tools-for-stm32.7-2018-q2-update.win32_1.4.0.202007081208/tools/bin/../lib/gcc/arm-none-eabi/7.3.1/../../../../arm-none-eabi/lib/thumb/v7e-m/fpv4-sp/hard\libc_nano.a
LOAD d:/tools/stm32cubeide_1.4.0/stm32cubeide/plugins/com.st.stm32cube.ide.mcu.externaltools.gnu-tools-for-stm32.7-2018-q2-update.win32_1.4.0.202007081208/tools/bin/../lib/gcc/arm-none-eabi/7.3.1/../../../../arm-none-eabi/lib/thumb/v7e-m/fpv4-sp/hard\libnosys.a
END GROUP
START GROUP
LOAD d:/tools/stm32cubeide_1.4.0/stm32cubeide/plugins/com.st.stm32cube.ide.mcu.externaltools.gnu-tools-for-stm32.7-2018-q2-update.win32_1.4.0.202007081208/tools/bin/../lib/gcc/arm-none-eabi/7.3.1/thumb/v7e-m/fpv4-sp/hard\libgcc.a
LOAD d:/tools/stm32cubeide_1.4.0/stm32cubeide/plugins/com.st.stm32cube.ide.mcu.externaltools.gnu-tools-for-stm32.7-2018-q2-update.win32_1.4.0.202007081208/tools/bin/../lib/gcc/arm-none-eabi/7.3.1/../../../../arm-none-eabi/lib/thumb/v7e-m/fpv4-sp/hard\libc_nano.a
LOAD d:/tools/stm32cubeide_1.4.0/stm32cubeide/plugins/com.st.stm32cube.ide.mcu.externaltools.gnu-tools-for-stm32.7-2018-q2-update.win32_1.4.0.202007081208/tools/bin/../lib/gcc/arm-none-eabi/7.3.1/../../../../arm-none-eabi/lib/thumb/v7e-m/fpv4-sp/hard\libnosys.a
END GROUP
LOAD d:/tools/stm32cubeide_1.4.0/stm32cubeide/plugins/com.st.stm32cube.ide.mcu.externaltools.gnu-tools-for-stm32.7-2018-q2-update.win32_1.4.0.202007081208/tools/bin/../lib/gcc/arm-none-eabi/7.3.1/thumb/v7e-m/fpv4-sp/hard/crtend.o
LOAD d:/tools/stm32cubeide_1.4.0/stm32cubeide/plugins/com.st.stm32cube.ide.mcu.externaltools.gnu-tools-for-stm32.7-2018-q2-update.win32_1.4.0.202007081208/tools/bin/../lib/gcc/arm-none-eabi/7.3.1/thumb/v7e-m/fpv4-sp/hard/crtn.o
                0x0000000020020000                _estack = (ORIGIN (RAM) + LENGTH (RAM))
                0x0000000000000200                _Min_Heap_Size = 0x200
                0x0000000000000400                _Min_Stack_Size = 0x400

.isr_vector     0x0000000008000000      0x188
                0x0000000008000000                . = ALIGN (0x4)
 *(.isr_vector)
 .isr_vector    0x0000000008000000      0x188 Core/Startup/startup_stm32f407vgtx.o
                0x0000000008000000                g_pfnVectors
                0x0000000008000188                . = ALIGN (0x4)

.text           0x0000000008000188     0x6e70
                0x0000000008000188                . = ALIGN (0x4)
 *(.text)
 .text          0x0000000008000188       0x40 d:/tools/stm32cubeide_1.4.0/stm32cubeide/plugins/com.st.stm32cube.ide.mcu.externaltools.gnu-tools-for-stm32.7-2018-q2-update.win32_1.4.0.202007081208/tools/bin/../lib/gcc/arm-none-eabi/7.3.1/thumb/v7e-m/fpv4-sp/hard/crtbegin.o
 .text          0x00000000080001c8       0x10 d:/tools/stm32cubeide_1.4.0/stm32cubeide/plugins/com.st.stm32cube.ide.mcu.externaltools.gnu-tools-for-stm32.7-2018-q2-update.win32_1.4.0.202007081208/tools/bin/../lib/gcc/arm-none-eabi/7.3.1/../../../../arm-none-eabi/lib/thumb/v7e-m/fpv4-sp/hard\libc_nano.a(lib_a-strlen.o)
                0x00000000080001c8                strlen
 .text          0x00000000080001d8      0x378 d:/tools/stm32cubeide_1.4.0/stm32cubeide/plugins/com.st.stm32cube.ide.mcu.externaltools.gnu-tools-for-stm32.7-2018-q2-update.win32_1.4.0.202007081208/tools/bin/../lib/gcc/arm-none-eabi/7.3.1/thumb/v7e-m/fpv4-sp/hard\libgcc.a(_arm_addsubdf3.o)
                0x00000000080001d8                __aeabi_drsub
                0x00000000080001e0                __aeabi_dsub
                0x00000000080001e0                __subdf3
                0x00000000080001e4                __aeabi_dadd
                0x00000000080001e4                __adddf3
                0x000000000800045c                __floatunsidf
                0x000000000800045c                __aeabi_ui2d
                0x000000000800047c                __floatsidf
                0x000000000800047c                __aeabi_i2d
                0x00000000080004a0                __aeabi_f2d
                0x00000000080004a0                __extendsfdf2
                0x00000000080004e4                __floatundidf
                0x00000000080004e4                __aeabi_ul2d
                0x00000000080004f4                __floatdidf
                0x00000000080004f4                __aeabi_l2d
 .text          0x0000000008000550      0x424 d:/tools/stm32cubeide_1.4.0/stm32cubeide/plugins/com.st.stm32cube.ide.mcu.externaltools.gnu-tools-for-stm32.7-2018-q2-update.win32_1.4.0.202007081208/tools/bin/../lib/gcc/arm-none-eabi/7.3.1/thumb/v7e-m/fpv4-sp/hard\libgcc.a(_arm_muldivdf3.o)
                0x0000000008000550                __aeabi_dmul
                0x0000000008000550                __muldf3
                0x00000000080007a4                __divdf3
                0x00000000080007a4                __aeabi_ddiv
 .text          0x0000000008000974      0x110 d:/tools/stm32cubeide_1.4.0/stm32cubeide/plugins/com.st.stm32cube.ide.mcu.externaltools.gnu-tools-for-stm32.7-2018-q2-update.win32_1.4.0.202007081208/tools/bin/../lib/gcc/arm-none-eabi/7.3.1/thumb/v7e-m/fpv4-sp/hard\libgcc.a(_arm_cmpdf2.o)
                0x0000000008000974                __gtdf2
                0x0000000008000974                __gedf2
                0x000000000800097c                __ltdf2
                0x000000000800097c                __ledf2
                0x0000000008000984                __nedf2
                0x0000000008000984                __eqdf2
                0x0000000008000984                __cmpdf2
                0x0000000008000a00                __aeabi_cdrcmple
                0x0000000008000a10                __aeabi_cdcmpeq
                0x0000000008000a10                __aeabi_cdcmple
                0x0000000008000a20                __aeabi_dcmpeq
                0x0000000008000a34                __aeabi_dcmplt
                0x0000000008000a48                __aeabi_dcmple
                0x0000000008000a5c                __aeabi_dcmpge
                0x0000000008000a70                __aeabi_dcmpgt
 .text          0x0000000008000a84       0xa0 d:/tools/stm32cubeide_1.4.0/stm32cubeide/plugins/com.st.stm32cube.ide.mcu.externaltools.gnu-tools-for-stm32.7-2018-q2-update.win32_1.4.0.202007081208/tools/bin/../lib/gcc/arm-none-eabi/7.3.1/thumb/v7e-m/fpv4-sp/hard\libgcc.a(_arm_truncdfsf2.o)
                0x0000000008000a84                __truncdfsf2
                0x0000000008000a84                __aeabi_d2f
 .text          0x0000000008000b24       0x30 d:/tools/stm32cubeide_1.4.0/stm32cubeide/plugins/com.st.stm32cube.ide.mcu.externaltools.gnu-tools-for-stm32.7-2018-q2-update.win32_1.4.0.202007081208/tools/bin/../lib/gcc/arm-none-eabi/7.3.1/thumb/v7e-m/fpv4-sp/hard\libgcc.a(_aeabi_uldivmod.o)
                0x0000000008000b24                __aeabi_uldivmod
 .text          0x0000000008000b54      0x2cc d:/tools/stm32cubeide_1.4.0/stm32cubeide/plugins/com.st.stm32cube.ide.mcu.externaltools.gnu-tools-for-stm32.7-2018-q2-update.win32_1.4.0.202007081208/tools/bin/../lib/gcc/arm-none-eabi/7.3.1/thumb/v7e-m/fpv4-sp/hard\libgcc.a(_udivmoddi4.o)
                0x0000000008000b54                __udivmoddi4
 .text          0x0000000008000e20        0x4 d:/tools/stm32cubeide_1.4.0/stm32cubeide/plugins/com.st.stm32cube.ide.mcu.externaltools.gnu-tools-for-stm32.7-2018-q2-update.win32_1.4.0.202007081208/tools/bin/../lib/gcc/arm-none-eabi/7.3.1/thumb/v7e-m/fpv4-sp/hard\libgcc.a(_dvmd_tls.o)
                0x0000000008000e20                __aeabi_idiv0
                0x0000000008000e20                __aeabi_ldiv0
 *(.text*)
 .text.ADC_Init_TriggerTIM
                0x0000000008000e24       0x28 Core/Src/adc.o
                0x0000000008000e24                ADC_Init_TriggerTIM
 .text.ADC_Init_ADC1
                0x0000000008000e4c       0x34 Core/Src/adc.o
                0x0000000008000e4c                ADC_Init_ADC1
 .text.ADC1_getVal
                0x0000000008000e80       0x24 Core/Src/adc.o
                0x0000000008000e80                ADC1_getVal
 .text.Cam_Init
                0x0000000008000ea4       0x40 Core/Src/camshaft.o
                0x0000000008000ea4                Cam_Init
 .text.Cam_CrankPositionSync
                0x0000000008000ee4       0x20 Core/Src/camshaft.o
                0x0000000008000ee4                Cam_CrankPositionSync
 .text.Cam_HalGeberDriver
                0x0000000008000f04       0x18 Core/Src/camshaft.o
                0x0000000008000f04                Cam_HalGeberDriver
 .text.Crank_Init
                0x0000000008000f1c       0x64 Core/Src/crankshaft.o
                0x0000000008000f1c                Crank_Init
 .text.Crank_HalGeberDriver
                0x0000000008000f80      0x1c4 Core/Src/crankshaft.o
                0x0000000008000f80                Crank_HalGeberDriver
 .text.Crank_TeethCounterReset
                0x0000000008001144       0x18 Core/Src/crankshaft.o
                0x0000000008001144                Crank_TeethCounterReset
 .text.Crank_TeethCounter
                0x000000000800115c       0x30 Core/Src/crankshaft.o
                0x000000000800115c                Crank_TeethCounter
 .text.Crank_AngleCalc
                0x000000000800118c       0x3c Core/Src/crankshaft.o
                0x000000000800118c                Crank_AngleCalc
 .text.DIO_getAllPorts
                0x00000000080011c8       0x44 Core/Src/dio.o
                0x00000000080011c8                DIO_getAllPorts
 .text.ECU_MainLoop
                0x000000000800120c       0xe4 Core/Src/ecucentral.o
                0x000000000800120c                ECU_MainLoop
 .text.ECU_CommonFunctions
                0x00000000080012f0       0x10 Core/Src/ecucentral.o
                0x00000000080012f0                ECU_CommonFunctions
 .text.ECU_InitLoop
                0x0000000008001300        0xe Core/Src/ecucentral.o
                0x0000000008001300                ECU_InitLoop
 *fill*         0x000000000800130e        0x2 
 .text.ECU_CrankingLoop
                0x0000000008001310       0x1c Core/Src/ecucentral.o
                0x0000000008001310                ECU_CrankingLoop
 .text.ECU_RunLoop
                0x000000000800132c       0x1c Core/Src/ecucentral.o
                0x000000000800132c                ECU_RunLoop
 .text.ECU_PostDriveLoop
                0x0000000008001348       0x18 Core/Src/ecucentral.o
                0x0000000008001348                ECU_PostDriveLoop
 .text.ErrorHandler_Init
                0x0000000008001360       0x94 Core/Src/errorhandler.o
                0x0000000008001360                ErrorHandler_Init
 .text.ErrorHandler_Update
                0x00000000080013f4       0x98 Core/Src/errorhandler.o
                0x00000000080013f4                ErrorHandler_Update
 .text.ErrorHandler_Increase
                0x000000000800148c       0x18 Core/Src/errorhandler.o
                0x000000000800148c                ErrorHandler_Increase
 .text.ErrorHandler_Decrease
                0x00000000080014a4       0x1a Core/Src/errorhandler.o
                0x00000000080014a4                ErrorHandler_Decrease
 .text.Common_GetFrom2Dmap
                0x00000000080014be      0x2ec Core/Src/generalfunctions.o
                0x00000000080014be                Common_GetFrom2Dmap
 *fill*         0x00000000080017aa        0x2 
 .text.Ignition_Init_FireTIM
                0x00000000080017ac       0x40 Core/Src/ignition.o
                0x00000000080017ac                Ignition_Init_FireTIM
 .text.Ignition_Init_DwellTIM
                0x00000000080017ec       0x40 Core/Src/ignition.o
                0x00000000080017ec                Ignition_Init_DwellTIM
 .text.Ignition_Init_IOConfig
                0x000000000800182c       0x68 Core/Src/ignition.o
                0x000000000800182c                Ignition_Init_IOConfig
 .text.Ignition_Init_IgnitionCyl
                0x0000000008001894      0x138 Core/Src/ignition.o
                0x0000000008001894                Ignition_Init_IgnitionCyl
 .text.Ignition_GetInputs
                0x00000000080019cc       0x20 Core/Src/ignition.o
                0x00000000080019cc                Ignition_GetInputs
 .text.Ignition_MainLoop
                0x00000000080019ec       0x58 Core/Src/ignition.o
                0x00000000080019ec                Ignition_MainLoop
 .text.Ignition_DefineIgnitionTeeth
                0x0000000008001a44       0x68 Core/Src/ignition.o
                0x0000000008001a44                Ignition_DefineIgnitionTeeth
 .text.Ignition_SetIgnitionTiming
                0x0000000008001aac       0xa8 Core/Src/ignition.o
                0x0000000008001aac                Ignition_SetIgnitionTiming
 .text.Ignition_GetDwellTime
                0x0000000008001b54       0x24 Core/Src/ignition.o
                0x0000000008001b54                Ignition_GetDwellTime
 .text.Ignition_DefineDwellTeeth
                0x0000000008001b78       0xf8 Core/Src/ignition.o
                0x0000000008001b78                Ignition_DefineDwellTeeth
 .text.Ignition_SetDwellTiming
                0x0000000008001c70       0xc4 Core/Src/ignition.o
                0x0000000008001c70                Ignition_SetDwellTiming
 .text.Ignition_AngleToUs
                0x0000000008001d34       0x64 Core/Src/ignition.o
                0x0000000008001d34                Ignition_AngleToUs
 .text.Ignition_DriverLoop
                0x0000000008001d98       0xf4 Core/Src/ignition.o
                0x0000000008001d98                Ignition_DriverLoop
 .text.Ignition_StartTimerFireCylinder
                0x0000000008001e8c       0x58 Core/Src/ignition.o
                0x0000000008001e8c                Ignition_StartTimerFireCylinder
 .text.Ignition_FireStarted
                0x0000000008001ee4       0x1a Core/Src/ignition.o
                0x0000000008001ee4                Ignition_FireStarted
 *fill*         0x0000000008001efe        0x2 
 .text.Ignition_StartTimerDwellCylinder
                0x0000000008001f00       0x58 Core/Src/ignition.o
                0x0000000008001f00                Ignition_StartTimerDwellCylinder
 .text.Ignition_DwellStarted
                0x0000000008001f58       0x1a Core/Src/ignition.o
                0x0000000008001f58                Ignition_DwellStarted
 *fill*         0x0000000008001f72        0x2 
 .text.Injection_Init_InjectorTIM
                0x0000000008001f74       0x40 Core/Src/injection.o
                0x0000000008001f74                Injection_Init_InjectorTIM
 .text.Injection_Init_IOConfig
                0x0000000008001fb4       0x68 Core/Src/injection.o
                0x0000000008001fb4                Injection_Init_IOConfig
 .text.Injection_Init_InjectionCyl
                0x000000000800201c       0xe0 Core/Src/injection.o
                0x000000000800201c                Injection_Init_InjectionCyl
 .text.Injection_CalcFuelQty
                0x00000000080020fc       0x58 Core/Src/injection.o
                0x00000000080020fc                Injection_CalcFuelQty
 .text.Injection_DriverLoop
                0x0000000008002154       0x8c Core/Src/injection.o
                0x0000000008002154                Injection_DriverLoop
 .text.Injection_StartTimerInjectCylinder
                0x00000000080021e0       0x68 Core/Src/injection.o
                0x00000000080021e0                Injection_StartTimerInjectCylinder
 .text.main     0x0000000008002248      0x128 Core/Src/main.o
                0x0000000008002248                main
 .text.SystemClock_Config
                0x0000000008002370       0xd4 Core/Src/main.o
                0x0000000008002370                SystemClock_Config
 .text.MX_NVIC_Init
                0x0000000008002444       0x88 Core/Src/main.o
 .text.MX_ADC1_Init
                0x00000000080024cc       0xc0 Core/Src/main.o
 .text.MX_SPI1_Init
                0x000000000800258c       0x70 Core/Src/main.o
 .text.MX_TIM3_Init
                0x00000000080025fc       0xfc Core/Src/main.o
 .text.MX_TIM10_Init
                0x00000000080026f8       0xa8 Core/Src/main.o
 .text.MX_TIM11_Init
                0x00000000080027a0       0xa8 Core/Src/main.o
 .text.MX_TIM12_Init
                0x0000000008002848       0xd0 Core/Src/main.o
 .text.MX_TIM14_Init
                0x0000000008002918       0xa8 Core/Src/main.o
 .text.MX_DMA_Init
                0x00000000080029c0       0x34 Core/Src/main.o
 .text.MX_GPIO_Init
                0x00000000080029f4      0x124 Core/Src/main.o
 .text.HAL_ADC_ConvCpltCallback
                0x0000000008002b18       0x14 Core/Src/main.o
                0x0000000008002b18                HAL_ADC_ConvCpltCallback
 .text.HAL_TIM_PeriodElapsedCallback
                0x0000000008002b2c       0x24 Core/Src/main.o
                0x0000000008002b2c                HAL_TIM_PeriodElapsedCallback
 .text.HAL_TIM_PWM_PulseFinishedCallback
                0x0000000008002b50      0x15c Core/Src/main.o
                0x0000000008002b50                HAL_TIM_PWM_PulseFinishedCallback
 .text.HAL_TIM_IC_CaptureCallback
                0x0000000008002cac       0x88 Core/Src/main.o
                0x0000000008002cac                HAL_TIM_IC_CaptureCallback
 .text.Error_Handler
                0x0000000008002d34        0xe Core/Src/main.o
                0x0000000008002d34                Error_Handler
 *fill*         0x0000000008002d42        0x2 
 .text.HAL_MspInit
                0x0000000008002d44       0x50 Core/Src/stm32f4xx_hal_msp.o
                0x0000000008002d44                HAL_MspInit
 .text.HAL_ADC_MspInit
                0x0000000008002d94       0xf0 Core/Src/stm32f4xx_hal_msp.o
                0x0000000008002d94                HAL_ADC_MspInit
 .text.HAL_SPI_MspInit
                0x0000000008002e84       0x90 Core/Src/stm32f4xx_hal_msp.o
                0x0000000008002e84                HAL_SPI_MspInit
 .text.HAL_TIM_Base_MspInit
                0x0000000008002f14      0x180 Core/Src/stm32f4xx_hal_msp.o
                0x0000000008002f14                HAL_TIM_Base_MspInit
 .text.NMI_Handler
                0x0000000008003094        0xe Core/Src/stm32f4xx_it.o
                0x0000000008003094                NMI_Handler
 .text.HardFault_Handler
                0x00000000080030a2        0x6 Core/Src/stm32f4xx_it.o
                0x00000000080030a2                HardFault_Handler
 .text.MemManage_Handler
                0x00000000080030a8        0x6 Core/Src/stm32f4xx_it.o
                0x00000000080030a8                MemManage_Handler
 .text.BusFault_Handler
                0x00000000080030ae        0x6 Core/Src/stm32f4xx_it.o
                0x00000000080030ae                BusFault_Handler
 .text.UsageFault_Handler
                0x00000000080030b4        0x6 Core/Src/stm32f4xx_it.o
                0x00000000080030b4                UsageFault_Handler
 .text.SVC_Handler
                0x00000000080030ba        0xe Core/Src/stm32f4xx_it.o
                0x00000000080030ba                SVC_Handler
 .text.DebugMon_Handler
                0x00000000080030c8        0xe Core/Src/stm32f4xx_it.o
                0x00000000080030c8                DebugMon_Handler
 .text.PendSV_Handler
                0x00000000080030d6        0xe Core/Src/stm32f4xx_it.o
                0x00000000080030d6                PendSV_Handler
 .text.SysTick_Handler
                0x00000000080030e4        0xc Core/Src/stm32f4xx_it.o
                0x00000000080030e4                SysTick_Handler
 .text.ADC_IRQHandler
                0x00000000080030f0       0x14 Core/Src/stm32f4xx_it.o
                0x00000000080030f0                ADC_IRQHandler
 .text.TIM1_UP_TIM10_IRQHandler
                0x0000000008003104       0x14 Core/Src/stm32f4xx_it.o
                0x0000000008003104                TIM1_UP_TIM10_IRQHandler
 .text.TIM1_TRG_COM_TIM11_IRQHandler
                0x0000000008003118       0x14 Core/Src/stm32f4xx_it.o
                0x0000000008003118                TIM1_TRG_COM_TIM11_IRQHandler
 .text.TIM3_IRQHandler
                0x000000000800312c       0x14 Core/Src/stm32f4xx_it.o
                0x000000000800312c                TIM3_IRQHandler
 .text.SPI1_IRQHandler
                0x0000000008003140       0x14 Core/Src/stm32f4xx_it.o
                0x0000000008003140                SPI1_IRQHandler
 .text.TIM8_BRK_TIM12_IRQHandler
                0x0000000008003154       0x14 Core/Src/stm32f4xx_it.o
                0x0000000008003154                TIM8_BRK_TIM12_IRQHandler
 .text.TIM8_TRG_COM_TIM14_IRQHandler
                0x0000000008003168       0x14 Core/Src/stm32f4xx_it.o
                0x0000000008003168                TIM8_TRG_COM_TIM14_IRQHandler
 .text.DMA2_Stream0_IRQHandler
                0x000000000800317c       0x14 Core/Src/stm32f4xx_it.o
                0x000000000800317c                DMA2_Stream0_IRQHandler
 .text.SystemInit
                0x0000000008003190       0x2c Core/Src/system_stm32f4xx.o
                0x0000000008003190                SystemInit
 .text.Reset_Handler
                0x00000000080031bc       0x50 Core/Startup/startup_stm32f407vgtx.o
                0x00000000080031bc                Reset_Handler
 .text.Default_Handler
                0x000000000800320c        0x2 Core/Startup/startup_stm32f407vgtx.o
                0x000000000800320c                RTC_Alarm_IRQHandler
                0x000000000800320c                HASH_RNG_IRQHandler
                0x000000000800320c                EXTI2_IRQHandler
                0x000000000800320c                TIM8_CC_IRQHandler
                0x000000000800320c                TIM1_CC_IRQHandler
                0x000000000800320c                DMA2_Stream5_IRQHandler
                0x000000000800320c                DMA1_Stream5_IRQHandler
                0x000000000800320c                PVD_IRQHandler
                0x000000000800320c                SDIO_IRQHandler
                0x000000000800320c                TAMP_STAMP_IRQHandler
                0x000000000800320c                CAN2_RX1_IRQHandler
                0x000000000800320c                EXTI3_IRQHandler
                0x000000000800320c                TIM8_UP_TIM13_IRQHandler
                0x000000000800320c                I2C3_ER_IRQHandler
                0x000000000800320c                EXTI0_IRQHandler
                0x000000000800320c                I2C2_EV_IRQHandler
                0x000000000800320c                DMA1_Stream2_IRQHandler
                0x000000000800320c                CAN1_RX0_IRQHandler
                0x000000000800320c                FPU_IRQHandler
                0x000000000800320c                OTG_HS_WKUP_IRQHandler
                0x000000000800320c                CAN2_SCE_IRQHandler
                0x000000000800320c                DMA2_Stream2_IRQHandler
                0x000000000800320c                TIM6_DAC_IRQHandler
                0x000000000800320c                TIM1_BRK_TIM9_IRQHandler
                0x000000000800320c                DCMI_IRQHandler
                0x000000000800320c                CAN2_RX0_IRQHandler
                0x000000000800320c                DMA2_Stream3_IRQHandler
                0x000000000800320c                USART6_IRQHandler
                0x000000000800320c                USART3_IRQHandler
                0x000000000800320c                CAN1_RX1_IRQHandler
                0x000000000800320c                UART5_IRQHandler
                0x000000000800320c                TIM4_IRQHandler
                0x000000000800320c                I2C1_EV_IRQHandler
                0x000000000800320c                DMA1_Stream6_IRQHandler
                0x000000000800320c                DMA1_Stream1_IRQHandler
                0x000000000800320c                UART4_IRQHandler
                0x000000000800320c                RCC_IRQHandler
                0x000000000800320c                Default_Handler
                0x000000000800320c                EXTI15_10_IRQHandler
                0x000000000800320c                DMA1_Stream7_IRQHandler
                0x000000000800320c                TIM7_IRQHandler
                0x000000000800320c                CAN2_TX_IRQHandler
                0x000000000800320c                TIM5_IRQHandler
                0x000000000800320c                DMA2_Stream7_IRQHandler
                0x000000000800320c                I2C3_EV_IRQHandler
                0x000000000800320c                EXTI9_5_IRQHandler
                0x000000000800320c                RTC_WKUP_IRQHandler
                0x000000000800320c                ETH_WKUP_IRQHandler
                0x000000000800320c                SPI2_IRQHandler
                0x000000000800320c                OTG_HS_EP1_IN_IRQHandler
                0x000000000800320c                DMA1_Stream0_IRQHandler
                0x000000000800320c                CAN1_TX_IRQHandler
                0x000000000800320c                EXTI4_IRQHandler
                0x000000000800320c                FSMC_IRQHandler
                0x000000000800320c                ETH_IRQHandler
                0x000000000800320c                OTG_HS_EP1_OUT_IRQHandler
                0x000000000800320c                WWDG_IRQHandler
                0x000000000800320c                TIM2_IRQHandler
                0x000000000800320c                OTG_FS_WKUP_IRQHandler
                0x000000000800320c                OTG_HS_IRQHandler
                0x000000000800320c                EXTI1_IRQHandler
                0x000000000800320c                USART2_IRQHandler
                0x000000000800320c                I2C2_ER_IRQHandler
                0x000000000800320c                DMA2_Stream1_IRQHandler
                0x000000000800320c                CAN1_SCE_IRQHandler
                0x000000000800320c                FLASH_IRQHandler
                0x000000000800320c                DMA2_Stream4_IRQHandler
                0x000000000800320c                USART1_IRQHandler
                0x000000000800320c                OTG_FS_IRQHandler
                0x000000000800320c                SPI3_IRQHandler
                0x000000000800320c                DMA1_Stream4_IRQHandler
                0x000000000800320c                I2C1_ER_IRQHandler
                0x000000000800320c                DMA2_Stream6_IRQHandler
                0x000000000800320c                DMA1_Stream3_IRQHandler
 *fill*         0x000000000800320e        0x2 
 .text.HAL_Init
                0x0000000008003210       0x44 Drivers/STM32F4xx_HAL_Driver/Src/stm32f4xx_hal.o
                0x0000000008003210                HAL_Init
 .text.HAL_InitTick
                0x0000000008003254       0x60 Drivers/STM32F4xx_HAL_Driver/Src/stm32f4xx_hal.o
                0x0000000008003254                HAL_InitTick
 .text.HAL_IncTick
                0x00000000080032b4       0x28 Drivers/STM32F4xx_HAL_Driver/Src/stm32f4xx_hal.o
                0x00000000080032b4                HAL_IncTick
 .text.HAL_GetTick
                0x00000000080032dc       0x18 Drivers/STM32F4xx_HAL_Driver/Src/stm32f4xx_hal.o
                0x00000000080032dc                HAL_GetTick
 .text.HAL_Delay
                0x00000000080032f4       0x44 Drivers/STM32F4xx_HAL_Driver/Src/stm32f4xx_hal.o
                0x00000000080032f4                HAL_Delay
 .text.HAL_ADC_Init
                0x0000000008003338       0x86 Drivers/STM32F4xx_HAL_Driver/Src/stm32f4xx_hal_adc.o
                0x0000000008003338                HAL_ADC_Init
 .text.HAL_ADC_IRQHandler
                0x00000000080033be      0x282 Drivers/STM32F4xx_HAL_Driver/Src/stm32f4xx_hal_adc.o
                0x00000000080033be                HAL_ADC_IRQHandler
 .text.HAL_ADC_Start_DMA
                0x0000000008003640      0x1e4 Drivers/STM32F4xx_HAL_Driver/Src/stm32f4xx_hal_adc.o
                0x0000000008003640                HAL_ADC_Start_DMA
 .text.HAL_ADC_ConvHalfCpltCallback
                0x0000000008003824       0x14 Drivers/STM32F4xx_HAL_Driver/Src/stm32f4xx_hal_adc.o
                0x0000000008003824                HAL_ADC_ConvHalfCpltCallback
 .text.HAL_ADC_LevelOutOfWindowCallback
                0x0000000008003838       0x14 Drivers/STM32F4xx_HAL_Driver/Src/stm32f4xx_hal_adc.o
                0x0000000008003838                HAL_ADC_LevelOutOfWindowCallback
 .text.HAL_ADC_ErrorCallback
                0x000000000800384c       0x14 Drivers/STM32F4xx_HAL_Driver/Src/stm32f4xx_hal_adc.o
                0x000000000800384c                HAL_ADC_ErrorCallback
 .text.HAL_ADC_ConfigChannel
                0x0000000008003860      0x244 Drivers/STM32F4xx_HAL_Driver/Src/stm32f4xx_hal_adc.o
                0x0000000008003860                HAL_ADC_ConfigChannel
 .text.ADC_Init
                0x0000000008003aa4      0x1f8 Drivers/STM32F4xx_HAL_Driver/Src/stm32f4xx_hal_adc.o
 .text.ADC_DMAConvCplt
                0x0000000008003c9c       0xba Drivers/STM32F4xx_HAL_Driver/Src/stm32f4xx_hal_adc.o
 .text.ADC_DMAHalfConvCplt
                0x0000000008003d56       0x1c Drivers/STM32F4xx_HAL_Driver/Src/stm32f4xx_hal_adc.o
 .text.ADC_DMAError
                0x0000000008003d72       0x2e Drivers/STM32F4xx_HAL_Driver/Src/stm32f4xx_hal_adc.o
 .text.HAL_ADCEx_InjectedConvCpltCallback
                0x0000000008003da0       0x14 Drivers/STM32F4xx_HAL_Driver/Src/stm32f4xx_hal_adc_ex.o
                0x0000000008003da0                HAL_ADCEx_InjectedConvCpltCallback
 .text.__NVIC_SetPriorityGrouping
                0x0000000008003db4       0x48 Drivers/STM32F4xx_HAL_Driver/Src/stm32f4xx_hal_cortex.o
 .text.__NVIC_GetPriorityGrouping
                0x0000000008003dfc       0x1c Drivers/STM32F4xx_HAL_Driver/Src/stm32f4xx_hal_cortex.o
 .text.__NVIC_EnableIRQ
                0x0000000008003e18       0x3c Drivers/STM32F4xx_HAL_Driver/Src/stm32f4xx_hal_cortex.o
 .text.__NVIC_SetPriority
                0x0000000008003e54       0x54 Drivers/STM32F4xx_HAL_Driver/Src/stm32f4xx_hal_cortex.o
 .text.NVIC_EncodePriority
                0x0000000008003ea8       0x66 Drivers/STM32F4xx_HAL_Driver/Src/stm32f4xx_hal_cortex.o
 *fill*         0x0000000008003f0e        0x2 
 .text.SysTick_Config
                0x0000000008003f10       0x44 Drivers/STM32F4xx_HAL_Driver/Src/stm32f4xx_hal_cortex.o
 .text.HAL_NVIC_SetPriorityGrouping
                0x0000000008003f54       0x16 Drivers/STM32F4xx_HAL_Driver/Src/stm32f4xx_hal_cortex.o
                0x0000000008003f54                HAL_NVIC_SetPriorityGrouping
 .text.HAL_NVIC_SetPriority
                0x0000000008003f6a       0x38 Drivers/STM32F4xx_HAL_Driver/Src/stm32f4xx_hal_cortex.o
                0x0000000008003f6a                HAL_NVIC_SetPriority
 .text.HAL_NVIC_EnableIRQ
                0x0000000008003fa2       0x1c Drivers/STM32F4xx_HAL_Driver/Src/stm32f4xx_hal_cortex.o
                0x0000000008003fa2                HAL_NVIC_EnableIRQ
 .text.HAL_SYSTICK_Config
                0x0000000008003fbe       0x18 Drivers/STM32F4xx_HAL_Driver/Src/stm32f4xx_hal_cortex.o
                0x0000000008003fbe                HAL_SYSTICK_Config
 *fill*         0x0000000008003fd6        0x2 
 .text.HAL_DMA_Init
                0x0000000008003fd8      0x15c Drivers/STM32F4xx_HAL_Driver/Src/stm32f4xx_hal_dma.o
                0x0000000008003fd8                HAL_DMA_Init
 .text.HAL_DMA_Start_IT
                0x0000000008004134       0xb0 Drivers/STM32F4xx_HAL_Driver/Src/stm32f4xx_hal_dma.o
                0x0000000008004134                HAL_DMA_Start_IT
 .text.HAL_DMA_Abort_IT
                0x00000000080041e4       0x44 Drivers/STM32F4xx_HAL_Driver/Src/stm32f4xx_hal_dma.o
                0x00000000080041e4                HAL_DMA_Abort_IT
 .text.HAL_DMA_IRQHandler
                0x0000000008004228      0x314 Drivers/STM32F4xx_HAL_Driver/Src/stm32f4xx_hal_dma.o
                0x0000000008004228                HAL_DMA_IRQHandler
 .text.DMA_SetConfig
                0x000000000800453c       0x5c Drivers/STM32F4xx_HAL_Driver/Src/stm32f4xx_hal_dma.o
 .text.DMA_CalcBaseAndBitshift
                0x0000000008004598       0x6c Drivers/STM32F4xx_HAL_Driver/Src/stm32f4xx_hal_dma.o
 .text.DMA_CheckFifoParam
                0x0000000008004604       0xf4 Drivers/STM32F4xx_HAL_Driver/Src/stm32f4xx_hal_dma.o
 .text.HAL_GPIO_Init
                0x00000000080046f8      0x334 Drivers/STM32F4xx_HAL_Driver/Src/stm32f4xx_hal_gpio.o
                0x00000000080046f8                HAL_GPIO_Init
 .text.HAL_GPIO_ReadPin
                0x0000000008004a2c       0x30 Drivers/STM32F4xx_HAL_Driver/Src/stm32f4xx_hal_gpio.o
                0x0000000008004a2c                HAL_GPIO_ReadPin
 .text.HAL_GPIO_WritePin
                0x0000000008004a5c       0x32 Drivers/STM32F4xx_HAL_Driver/Src/stm32f4xx_hal_gpio.o
                0x0000000008004a5c                HAL_GPIO_WritePin
 .text.HAL_GPIO_TogglePin
                0x0000000008004a8e       0x36 Drivers/STM32F4xx_HAL_Driver/Src/stm32f4xx_hal_gpio.o
                0x0000000008004a8e                HAL_GPIO_TogglePin
 .text.HAL_RCC_OscConfig
                0x0000000008004ac4      0x4e0 Drivers/STM32F4xx_HAL_Driver/Src/stm32f4xx_hal_rcc.o
                0x0000000008004ac4                HAL_RCC_OscConfig
 .text.HAL_RCC_ClockConfig
                0x0000000008004fa4      0x1cc Drivers/STM32F4xx_HAL_Driver/Src/stm32f4xx_hal_rcc.o
                0x0000000008004fa4                HAL_RCC_ClockConfig
 .text.HAL_RCC_GetSysClockFreq
                0x0000000008005170      0x164 Drivers/STM32F4xx_HAL_Driver/Src/stm32f4xx_hal_rcc.o
                0x0000000008005170                HAL_RCC_GetSysClockFreq
 .text.HAL_RCC_GetHCLKFreq
                0x00000000080052d4       0x18 Drivers/STM32F4xx_HAL_Driver/Src/stm32f4xx_hal_rcc.o
                0x00000000080052d4                HAL_RCC_GetHCLKFreq
 .text.HAL_RCC_GetPCLK1Freq
                0x00000000080052ec       0x28 Drivers/STM32F4xx_HAL_Driver/Src/stm32f4xx_hal_rcc.o
                0x00000000080052ec                HAL_RCC_GetPCLK1Freq
 .text.HAL_RCC_GetPCLK2Freq
                0x0000000008005314       0x28 Drivers/STM32F4xx_HAL_Driver/Src/stm32f4xx_hal_rcc.o
                0x0000000008005314                HAL_RCC_GetPCLK2Freq
 .text.HAL_SPI_Init
                0x000000000800533c       0xc8 Drivers/STM32F4xx_HAL_Driver/Src/stm32f4xx_hal_spi.o
                0x000000000800533c                HAL_SPI_Init
 .text.HAL_SPI_Transmit
                0x0000000008005404      0x268 Drivers/STM32F4xx_HAL_Driver/Src/stm32f4xx_hal_spi.o
                0x0000000008005404                HAL_SPI_Transmit
 .text.HAL_SPI_IRQHandler
                0x000000000800566c      0x200 Drivers/STM32F4xx_HAL_Driver/Src/stm32f4xx_hal_spi.o
                0x000000000800566c                HAL_SPI_IRQHandler
 .text.HAL_SPI_ErrorCallback
                0x000000000800586c       0x14 Drivers/STM32F4xx_HAL_Driver/Src/stm32f4xx_hal_spi.o
                0x000000000800586c                HAL_SPI_ErrorCallback
 .text.SPI_DMAAbortOnError
                0x0000000008005880       0x28 Drivers/STM32F4xx_HAL_Driver/Src/stm32f4xx_hal_spi.o
 .text.SPI_WaitFlagStateUntilTimeout
                0x00000000080058a8       0xd4 Drivers/STM32F4xx_HAL_Driver/Src/stm32f4xx_hal_spi.o
 .text.SPI_EndRxTxTransaction
                0x000000000800597c       0x84 Drivers/STM32F4xx_HAL_Driver/Src/stm32f4xx_hal_spi.o
 .text.HAL_TIM_Base_Init
                0x0000000008005a00       0x56 Drivers/STM32F4xx_HAL_Driver/Src/stm32f4xx_hal_tim.o
                0x0000000008005a00                HAL_TIM_Base_Init
 .text.HAL_TIM_Base_Start_IT
                0x0000000008005a56       0x48 Drivers/STM32F4xx_HAL_Driver/Src/stm32f4xx_hal_tim.o
                0x0000000008005a56                HAL_TIM_Base_Start_IT
 .text.HAL_TIM_OC_Init
                0x0000000008005a9e       0x56 Drivers/STM32F4xx_HAL_Driver/Src/stm32f4xx_hal_tim.o
                0x0000000008005a9e                HAL_TIM_OC_Init
 .text.HAL_TIM_OC_MspInit
                0x0000000008005af4       0x14 Drivers/STM32F4xx_HAL_Driver/Src/stm32f4xx_hal_tim.o
                0x0000000008005af4                HAL_TIM_OC_MspInit
 .text.HAL_TIM_OC_Start_IT
                0x0000000008005b08      0x108 Drivers/STM32F4xx_HAL_Driver/Src/stm32f4xx_hal_tim.o
                0x0000000008005b08                HAL_TIM_OC_Start_IT
 .text.HAL_TIM_PWM_Init
                0x0000000008005c10       0x56 Drivers/STM32F4xx_HAL_Driver/Src/stm32f4xx_hal_tim.o
                0x0000000008005c10                HAL_TIM_PWM_Init
 .text.HAL_TIM_PWM_MspInit
                0x0000000008005c66       0x14 Drivers/STM32F4xx_HAL_Driver/Src/stm32f4xx_hal_tim.o
                0x0000000008005c66                HAL_TIM_PWM_MspInit
 .text.HAL_TIM_IC_Init
                0x0000000008005c7a       0x56 Drivers/STM32F4xx_HAL_Driver/Src/stm32f4xx_hal_tim.o
                0x0000000008005c7a                HAL_TIM_IC_Init
 .text.HAL_TIM_IC_MspInit
                0x0000000008005cd0       0x14 Drivers/STM32F4xx_HAL_Driver/Src/stm32f4xx_hal_tim.o
                0x0000000008005cd0                HAL_TIM_IC_MspInit
 .text.HAL_TIM_IC_Start_IT
                0x0000000008005ce4       0xd0 Drivers/STM32F4xx_HAL_Driver/Src/stm32f4xx_hal_tim.o
                0x0000000008005ce4                HAL_TIM_IC_Start_IT
 .text.HAL_TIM_OnePulse_Init
                0x0000000008005db4       0x78 Drivers/STM32F4xx_HAL_Driver/Src/stm32f4xx_hal_tim.o
                0x0000000008005db4                HAL_TIM_OnePulse_Init
 .text.HAL_TIM_OnePulse_MspInit
                0x0000000008005e2c       0x14 Drivers/STM32F4xx_HAL_Driver/Src/stm32f4xx_hal_tim.o
                0x0000000008005e2c                HAL_TIM_OnePulse_MspInit
 .text.HAL_TIM_IRQHandler
                0x0000000008005e40      0x210 Drivers/STM32F4xx_HAL_Driver/Src/stm32f4xx_hal_tim.o
                0x0000000008005e40                HAL_TIM_IRQHandler
 .text.HAL_TIM_OC_ConfigChannel
                0x0000000008006050       0xc0 Drivers/STM32F4xx_HAL_Driver/Src/stm32f4xx_hal_tim.o
                0x0000000008006050                HAL_TIM_OC_ConfigChannel
 .text.HAL_TIM_IC_ConfigChannel
                0x0000000008006110      0x138 Drivers/STM32F4xx_HAL_Driver/Src/stm32f4xx_hal_tim.o
                0x0000000008006110                HAL_TIM_IC_ConfigChannel
 .text.HAL_TIM_PWM_ConfigChannel
                0x0000000008006248      0x18c Drivers/STM32F4xx_HAL_Driver/Src/stm32f4xx_hal_tim.o
                0x0000000008006248                HAL_TIM_PWM_ConfigChannel
 .text.HAL_TIM_ConfigClockSource
                0x00000000080063d4      0x16e Drivers/STM32F4xx_HAL_Driver/Src/stm32f4xx_hal_tim.o
                0x00000000080063d4                HAL_TIM_ConfigClockSource
 *fill*         0x0000000008006542        0x2 
 .text.HAL_TIM_ReadCapturedValue
                0x0000000008006544       0x88 Drivers/STM32F4xx_HAL_Driver/Src/stm32f4xx_hal_tim.o
                0x0000000008006544                HAL_TIM_ReadCapturedValue
 .text.HAL_TIM_OC_DelayElapsedCallback
                0x00000000080065cc       0x14 Drivers/STM32F4xx_HAL_Driver/Src/stm32f4xx_hal_tim.o
                0x00000000080065cc                HAL_TIM_OC_DelayElapsedCallback
 .text.HAL_TIM_TriggerCallback
                0x00000000080065e0       0x14 Drivers/STM32F4xx_HAL_Driver/Src/stm32f4xx_hal_tim.o
                0x00000000080065e0                HAL_TIM_TriggerCallback
 .text.TIM_Base_SetConfig
                0x00000000080065f4      0x140 Drivers/STM32F4xx_HAL_Driver/Src/stm32f4xx_hal_tim.o
                0x00000000080065f4                TIM_Base_SetConfig
 .text.TIM_OC1_SetConfig
                0x0000000008006734       0xe0 Drivers/STM32F4xx_HAL_Driver/Src/stm32f4xx_hal_tim.o
 .text.TIM_OC2_SetConfig
                0x0000000008006814       0xec Drivers/STM32F4xx_HAL_Driver/Src/stm32f4xx_hal_tim.o
                0x0000000008006814                TIM_OC2_SetConfig
 .text.TIM_OC3_SetConfig
                0x0000000008006900       0xe8 Drivers/STM32F4xx_HAL_Driver/Src/stm32f4xx_hal_tim.o
 .text.TIM_OC4_SetConfig
                0x00000000080069e8       0xac Drivers/STM32F4xx_HAL_Driver/Src/stm32f4xx_hal_tim.o
 .text.TIM_TI1_SetConfig
                0x0000000008006a94       0xe8 Drivers/STM32F4xx_HAL_Driver/Src/stm32f4xx_hal_tim.o
                0x0000000008006a94                TIM_TI1_SetConfig
 .text.TIM_TI1_ConfigInputStage
                0x0000000008006b7c       0x5e Drivers/STM32F4xx_HAL_Driver/Src/stm32f4xx_hal_tim.o
 .text.TIM_TI2_SetConfig
                0x0000000008006bda       0x7a Drivers/STM32F4xx_HAL_Driver/Src/stm32f4xx_hal_tim.o
 .text.TIM_TI2_ConfigInputStage
                0x0000000008006c54       0x60 Drivers/STM32F4xx_HAL_Driver/Src/stm32f4xx_hal_tim.o
 .text.TIM_TI3_SetConfig
                0x0000000008006cb4       0x78 Drivers/STM32F4xx_HAL_Driver/Src/stm32f4xx_hal_tim.o
 .text.TIM_TI4_SetConfig
                0x0000000008006d2c       0x7a Drivers/STM32F4xx_HAL_Driver/Src/stm32f4xx_hal_tim.o
 .text.TIM_ITRx_SetConfig
                0x0000000008006da6       0x36 Drivers/STM32F4xx_HAL_Driver/Src/stm32f4xx_hal_tim.o
 .text.TIM_ETR_SetConfig
                0x0000000008006ddc       0x40 Drivers/STM32F4xx_HAL_Driver/Src/stm32f4xx_hal_tim.o
                0x0000000008006ddc                TIM_ETR_SetConfig
 .text.TIM_CCxChannelCmd
                0x0000000008006e1c       0x4a Drivers/STM32F4xx_HAL_Driver/Src/stm32f4xx_hal_tim.o
                0x0000000008006e1c                TIM_CCxChannelCmd
 *fill*         0x0000000008006e66        0x2 
 .text.HAL_TIMEx_MasterConfigSynchronization
                0x0000000008006e68       0xf8 Drivers/STM32F4xx_HAL_Driver/Src/stm32f4xx_hal_tim_ex.o
                0x0000000008006e68                HAL_TIMEx_MasterConfigSynchronization
 .text.HAL_TIMEx_CommutCallback
                0x0000000008006f60       0x14 Drivers/STM32F4xx_HAL_Driver/Src/stm32f4xx_hal_tim_ex.o
                0x0000000008006f60                HAL_TIMEx_CommutCallback
 .text.HAL_TIMEx_BreakCallback
                0x0000000008006f74       0x14 Drivers/STM32F4xx_HAL_Driver/Src/stm32f4xx_hal_tim_ex.o
                0x0000000008006f74                HAL_TIMEx_BreakCallback
 .text.__libc_init_array
                0x0000000008006f88       0x48 d:/tools/stm32cubeide_1.4.0/stm32cubeide/plugins/com.st.stm32cube.ide.mcu.externaltools.gnu-tools-for-stm32.7-2018-q2-update.win32_1.4.0.202007081208/tools/bin/../lib/gcc/arm-none-eabi/7.3.1/../../../../arm-none-eabi/lib/thumb/v7e-m/fpv4-sp/hard\libc_nano.a(lib_a-init.o)
                0x0000000008006f88                __libc_init_array
 .text.memset   0x0000000008006fd0       0x10 d:/tools/stm32cubeide_1.4.0/stm32cubeide/plugins/com.st.stm32cube.ide.mcu.externaltools.gnu-tools-for-stm32.7-2018-q2-update.win32_1.4.0.202007081208/tools/bin/../lib/gcc/arm-none-eabi/7.3.1/../../../../arm-none-eabi/lib/thumb/v7e-m/fpv4-sp/hard\libc_nano.a(lib_a-memset.o)
                0x0000000008006fd0                memset
 *(.glue_7)
 .glue_7        0x0000000008006fe0        0x0 linker stubs
 *(.glue_7t)
 .glue_7t       0x0000000008006fe0        0x0 linker stubs
 *(.eh_frame)
 .eh_frame      0x0000000008006fe0        0x0 d:/tools/stm32cubeide_1.4.0/stm32cubeide/plugins/com.st.stm32cube.ide.mcu.externaltools.gnu-tools-for-stm32.7-2018-q2-update.win32_1.4.0.202007081208/tools/bin/../lib/gcc/arm-none-eabi/7.3.1/thumb/v7e-m/fpv4-sp/hard/crtbegin.o
 *(.init)
 .init          0x0000000008006fe0        0x4 d:/tools/stm32cubeide_1.4.0/stm32cubeide/plugins/com.st.stm32cube.ide.mcu.externaltools.gnu-tools-for-stm32.7-2018-q2-update.win32_1.4.0.202007081208/tools/bin/../lib/gcc/arm-none-eabi/7.3.1/thumb/v7e-m/fpv4-sp/hard/crti.o
                0x0000000008006fe0                _init
 .init          0x0000000008006fe4        0x8 d:/tools/stm32cubeide_1.4.0/stm32cubeide/plugins/com.st.stm32cube.ide.mcu.externaltools.gnu-tools-for-stm32.7-2018-q2-update.win32_1.4.0.202007081208/tools/bin/../lib/gcc/arm-none-eabi/7.3.1/thumb/v7e-m/fpv4-sp/hard/crtn.o
 *(.fini)
 .fini          0x0000000008006fec        0x4 d:/tools/stm32cubeide_1.4.0/stm32cubeide/plugins/com.st.stm32cube.ide.mcu.externaltools.gnu-tools-for-stm32.7-2018-q2-update.win32_1.4.0.202007081208/tools/bin/../lib/gcc/arm-none-eabi/7.3.1/thumb/v7e-m/fpv4-sp/hard/crti.o
                0x0000000008006fec                _fini
 .fini          0x0000000008006ff0        0x8 d:/tools/stm32cubeide_1.4.0/stm32cubeide/plugins/com.st.stm32cube.ide.mcu.externaltools.gnu-tools-for-stm32.7-2018-q2-update.win32_1.4.0.202007081208/tools/bin/../lib/gcc/arm-none-eabi/7.3.1/thumb/v7e-m/fpv4-sp/hard/crtn.o
                0x0000000008006ff8                . = ALIGN (0x4)
                0x0000000008006ff8                _etext = .

.vfp11_veneer   0x0000000008006ff8        0x0
 .vfp11_veneer  0x0000000008006ff8        0x0 linker stubs

.v4_bx          0x0000000008006ff8        0x0
 .v4_bx         0x0000000008006ff8        0x0 linker stubs

.iplt           0x0000000008006ff8        0x0
 .iplt          0x0000000008006ff8        0x0 d:/tools/stm32cubeide_1.4.0/stm32cubeide/plugins/com.st.stm32cube.ide.mcu.externaltools.gnu-tools-for-stm32.7-2018-q2-update.win32_1.4.0.202007081208/tools/bin/../lib/gcc/arm-none-eabi/7.3.1/thumb/v7e-m/fpv4-sp/hard/crtbegin.o

.rodata         0x0000000008006ff8       0x34
                0x0000000008006ff8                . = ALIGN (0x4)
 *(.rodata)
 .rodata        0x0000000008006ff8        0x4 Core/Src/errorhandler.o
 .rodata        0x0000000008006ffc        0xd Core/Src/main.o
 *(.rodata*)
 *fill*         0x0000000008007009        0x3 
 .rodata.AHBPrescTable
                0x000000000800700c       0x10 Core/Src/system_stm32f4xx.o
                0x000000000800700c                AHBPrescTable
 .rodata.APBPrescTable
                0x000000000800701c        0x8 Core/Src/system_stm32f4xx.o
                0x000000000800701c                APBPrescTable
 .rodata.flagBitshiftOffset.8249
                0x0000000008007024        0x8 Drivers/STM32F4xx_HAL_Driver/Src/stm32f4xx_hal_dma.o
                0x000000000800702c                . = ALIGN (0x4)

.ARM.extab      0x000000000800702c        0x0
                0x000000000800702c                . = ALIGN (0x4)
 *(.ARM.extab* .gnu.linkonce.armextab.*)
                0x000000000800702c                . = ALIGN (0x4)

.ARM            0x000000000800702c        0x8
                0x000000000800702c                . = ALIGN (0x4)
                0x000000000800702c                __exidx_start = .
 *(.ARM.exidx*)
 .ARM.exidx     0x000000000800702c        0x8 d:/tools/stm32cubeide_1.4.0/stm32cubeide/plugins/com.st.stm32cube.ide.mcu.externaltools.gnu-tools-for-stm32.7-2018-q2-update.win32_1.4.0.202007081208/tools/bin/../lib/gcc/arm-none-eabi/7.3.1/thumb/v7e-m/fpv4-sp/hard\libgcc.a(_udivmoddi4.o)
                0x0000000008007034                __exidx_end = .
                0x0000000008007034                . = ALIGN (0x4)

.rel.dyn        0x0000000008007034        0x0
 .rel.iplt      0x0000000008007034        0x0 d:/tools/stm32cubeide_1.4.0/stm32cubeide/plugins/com.st.stm32cube.ide.mcu.externaltools.gnu-tools-for-stm32.7-2018-q2-update.win32_1.4.0.202007081208/tools/bin/../lib/gcc/arm-none-eabi/7.3.1/thumb/v7e-m/fpv4-sp/hard/crtbegin.o

.preinit_array  0x0000000008007034        0x0
                0x0000000008007034                . = ALIGN (0x4)
                0x0000000008007034                PROVIDE (__preinit_array_start = .)
 *(.preinit_array*)
                0x0000000008007034                PROVIDE (__preinit_array_end = .)
                0x0000000008007034                . = ALIGN (0x4)

.init_array     0x0000000008007034        0x4
                0x0000000008007034                . = ALIGN (0x4)
                0x0000000008007034                PROVIDE (__init_array_start = .)
 *(SORT_BY_NAME(.init_array.*))
 *(.init_array*)
 .init_array    0x0000000008007034        0x4 d:/tools/stm32cubeide_1.4.0/stm32cubeide/plugins/com.st.stm32cube.ide.mcu.externaltools.gnu-tools-for-stm32.7-2018-q2-update.win32_1.4.0.202007081208/tools/bin/../lib/gcc/arm-none-eabi/7.3.1/thumb/v7e-m/fpv4-sp/hard/crtbegin.o
                0x0000000008007038                PROVIDE (__init_array_end = .)
                0x0000000008007038                . = ALIGN (0x4)

.fini_array     0x0000000008007038        0x4
                0x0000000008007038                . = ALIGN (0x4)
                [!provide]                        PROVIDE (__fini_array_start = .)
 *(SORT_BY_NAME(.fini_array.*))
 *(.fini_array*)
 .fini_array    0x0000000008007038        0x4 d:/tools/stm32cubeide_1.4.0/stm32cubeide/plugins/com.st.stm32cube.ide.mcu.externaltools.gnu-tools-for-stm32.7-2018-q2-update.win32_1.4.0.202007081208/tools/bin/../lib/gcc/arm-none-eabi/7.3.1/thumb/v7e-m/fpv4-sp/hard/crtbegin.o
                [!provide]                        PROVIDE (__fini_array_end = .)
                0x000000000800703c                . = ALIGN (0x4)
                0x000000000800703c                _sidata = LOADADDR (.data)

.data           0x0000000020000000       0x8c load address 0x000000000800703c
                0x0000000020000000                . = ALIGN (0x4)
                0x0000000020000000                _sdata = .
 *(.data)
 *(.data*)
 .data.Ignition_DwellTimeUs_P
                0x0000000020000000        0x4 Core/Src/ignition.o
                0x0000000020000000                Ignition_DwellTimeUs_P
 .data.xx       0x0000000020000004        0x4 Core/Src/injection.o
                0x0000000020000004                xx
 .data.yy       0x0000000020000008        0x4 Core/Src/injection.o
                0x0000000020000008                yy
 .data.ax       0x000000002000000c       0x10 Core/Src/injection.o
                0x000000002000000c                ax
 .data.ay       0x000000002000001c       0x14 Core/Src/injection.o
                0x000000002000001c                ay
 .data.map      0x0000000020000030       0x50 Core/Src/injection.o
                0x0000000020000030                map
 .data.SystemCoreClock
                0x0000000020000080        0x4 Core/Src/system_stm32f4xx.o
                0x0000000020000080                SystemCoreClock
 .data.uwTickPrio
                0x0000000020000084        0x4 Drivers/STM32F4xx_HAL_Driver/Src/stm32f4xx_hal.o
                0x0000000020000084                uwTickPrio
 .data.uwTickFreq
                0x0000000020000088        0x1 Drivers/STM32F4xx_HAL_Driver/Src/stm32f4xx_hal.o
                0x0000000020000088                uwTickFreq
                0x000000002000008c                . = ALIGN (0x4)
 *fill*         0x0000000020000089        0x3 
                0x000000002000008c                _edata = .

.igot.plt       0x000000002000008c        0x0 load address 0x00000000080070c8
 .igot.plt      0x000000002000008c        0x0 d:/tools/stm32cubeide_1.4.0/stm32cubeide/plugins/com.st.stm32cube.ide.mcu.externaltools.gnu-tools-for-stm32.7-2018-q2-update.win32_1.4.0.202007081208/tools/bin/../lib/gcc/arm-none-eabi/7.3.1/thumb/v7e-m/fpv4-sp/hard/crtbegin.o
                0x000000002000008c                . = ALIGN (0x4)

.bss            0x000000002000008c      0x504 load address 0x00000000080070c8
                0x000000002000008c                _sbss = .
                0x000000002000008c                __bss_start__ = _sbss
 *(.bss)
 .bss           0x000000002000008c       0x1c d:/tools/stm32cubeide_1.4.0/stm32cubeide/plugins/com.st.stm32cube.ide.mcu.externaltools.gnu-tools-for-stm32.7-2018-q2-update.win32_1.4.0.202007081208/tools/bin/../lib/gcc/arm-none-eabi/7.3.1/thumb/v7e-m/fpv4-sp/hard/crtbegin.o
 *(.bss*)
 .bss.Cam_HalfCycle
                0x00000000200000a8        0x4 Core/Src/camshaft.o
                0x00000000200000a8                Cam_HalfCycle
 .bss.Crank_LastCapturedEdgeTime
                0x00000000200000ac        0x4 Core/Src/crankshaft.o
                0x00000000200000ac                Crank_LastCapturedEdgeTime
 .bss.Crank_ShaftFreqHz
                0x00000000200000b0        0x4 Core/Src/crankshaft.o
                0x00000000200000b0                Crank_ShaftFreqHz
 .bss.Crank_ShaftFreqHzRaw
                0x00000000200000b4        0x4 Core/Src/crankshaft.o
                0x00000000200000b4                Crank_ShaftFreqHzRaw
 .bss.Crank_RotDelta
                0x00000000200000b8        0x4 Core/Src/crankshaft.o
                0x00000000200000b8                Crank_RotDelta
 .bss.Crank_PosDiff
                0x00000000200000bc        0x4 Core/Src/crankshaft.o
                0x00000000200000bc                Crank_PosDiff
 .bss.Crank_PosDiffOld
                0x00000000200000c0        0x4 Core/Src/crankshaft.o
                0x00000000200000c0                Crank_PosDiffOld
 .bss.Crank_TeethCount
                0x00000000200000c4        0x1 Core/Src/crankshaft.o
                0x00000000200000c4                Crank_TeethCount
 *fill*         0x00000000200000c5        0x1 
 .bss.Crank_Angle
                0x00000000200000c6        0x2 Core/Src/crankshaft.o
                0x00000000200000c6                Crank_Angle
 .bss.Crank_DivAngle
                0x00000000200000c8        0x4 Core/Src/crankshaft.o
                0x00000000200000c8                Crank_DivAngle
 .bss.ECU_Mode  0x00000000200000cc        0x1 Core/Src/ecucentral.o
                0x00000000200000cc                ECU_Mode
 *fill*         0x00000000200000cd        0x3 
 .bss._Crank_ShaftFreqHz
                0x00000000200000d0        0x4 Core/Src/ignition.o
                0x00000000200000d0                _Crank_ShaftFreqHz
 *(COMMON)
 COMMON         0x00000000200000d4       0x29 Core/Src/adc.o
                0x00000000200000d4                ADC2_Cfg
                0x00000000200000e0                ADC1_Cfg
                0x00000000200000ec                ADC_TriggerCfg
                0x00000000200000f4                ADC1_Buffer
                0x00000000200000fc                ADC1_Channels
 *fill*         0x00000000200000fd        0x3 
 COMMON         0x0000000020000100        0x8 Core/Src/camshaft.o
                0x0000000020000100                Cam_HallTIM
 COMMON         0x0000000020000108        0x8 Core/Src/crankshaft.o
                0x0000000020000108                Crank_HallTIM
 COMMON         0x0000000020000110        0x2 Core/Src/dio.o
                0x0000000020000110                ECU_Term15
                0x0000000020000111                ECU_Ignition
 *fill*         0x0000000020000112        0x2 
 COMMON         0x0000000020000114       0xc8 Core/Src/errorhandler.o
                0x0000000020000114                ErrorMemory
 COMMON         0x00000000200001dc       0xd0 Core/Src/ignition.o
                0x00000000200001dc                Ignition_Cyl1
                0x000000002000020c                Ignition_Cyl2
                0x000000002000023c                Ignition_Cyl3
                0x000000002000026c                Ignition_FireTIM
                0x0000000020000274                Ignition_DwellTIM
                0x000000002000027c                Ignition_Cyl4
 COMMON         0x00000000200002ac       0x98 Core/Src/injection.o
                0x00000000200002ac                Injection_Cyl2
                0x00000000200002d0                Injection_Cyl3
                0x00000000200002f4                Injection_InjectorTIM
                0x00000000200002fc                Injection_Cyl1
                0x0000000020000320                Injection_Cyl4
 COMMON         0x0000000020000344      0x240 Core/Src/main.o
                0x0000000020000344                htim10
                0x0000000020000384                htim3
                0x00000000200003c4                hadc1
                0x000000002000040c                htim11
                0x000000002000044c                hdma_adc1
                0x00000000200004ac                hspi1
                0x0000000020000504                htim14
                0x0000000020000544                htim12
 COMMON         0x0000000020000584        0x8 Core/Src/systemconfig.o
                0x0000000020000584                CrankCfg
 COMMON         0x000000002000058c        0x4 Drivers/STM32F4xx_HAL_Driver/Src/stm32f4xx_hal.o
                0x000000002000058c                uwTick
                0x0000000020000590                . = ALIGN (0x4)
                0x0000000020000590                _ebss = .
                0x0000000020000590                __bss_end__ = _ebss

._user_heap_stack
                0x0000000020000590      0x600 load address 0x00000000080070c8
                0x0000000020000590                . = ALIGN (0x8)
                [!provide]                        PROVIDE (end = .)
                0x0000000020000590                PROVIDE (_end = .)
                0x0000000020000790                . = (. + _Min_Heap_Size)
 *fill*         0x0000000020000590      0x200 
                0x0000000020000b90                . = (. + _Min_Stack_Size)
 *fill*         0x0000000020000790      0x400 
                0x0000000020000b90                . = ALIGN (0x8)

/DISCARD/
 libc.a(*)
 libm.a(*)
 libgcc.a(*)

.ARM.attributes
                0x0000000000000000       0x30
 *(.ARM.attributes)
 .ARM.attributes
                0x0000000000000000       0x22 d:/tools/stm32cubeide_1.4.0/stm32cubeide/plugins/com.st.stm32cube.ide.mcu.externaltools.gnu-tools-for-stm32.7-2018-q2-update.win32_1.4.0.202007081208/tools/bin/../lib/gcc/arm-none-eabi/7.3.1/thumb/v7e-m/fpv4-sp/hard/crti.o
 .ARM.attributes
                0x0000000000000022       0x34 d:/tools/stm32cubeide_1.4.0/stm32cubeide/plugins/com.st.stm32cube.ide.mcu.externaltools.gnu-tools-for-stm32.7-2018-q2-update.win32_1.4.0.202007081208/tools/bin/../lib/gcc/arm-none-eabi/7.3.1/thumb/v7e-m/fpv4-sp/hard/crtbegin.o
 .ARM.attributes
                0x0000000000000056       0x39 Core/Src/adc.o
 .ARM.attributes
                0x000000000000008f       0x39 Core/Src/camshaft.o
 .ARM.attributes
                0x00000000000000c8       0x39 Core/Src/crankshaft.o
 .ARM.attributes
                0x0000000000000101       0x39 Core/Src/dio.o
 .ARM.attributes
                0x000000000000013a       0x39 Core/Src/ecucentral.o
 .ARM.attributes
                0x0000000000000173       0x39 Core/Src/errorhandler.o
 .ARM.attributes
                0x00000000000001ac       0x39 Core/Src/generalfunctions.o
 .ARM.attributes
                0x00000000000001e5       0x39 Core/Src/ignition.o
 .ARM.attributes
                0x000000000000021e       0x39 Core/Src/injection.o
 .ARM.attributes
                0x0000000000000257       0x39 Core/Src/main.o
 .ARM.attributes
                0x0000000000000290       0x39 Core/Src/stm32f4xx_hal_msp.o
 .ARM.attributes
                0x00000000000002c9       0x39 Core/Src/stm32f4xx_it.o
 .ARM.attributes
                0x0000000000000302       0x39 Core/Src/system_stm32f4xx.o
 .ARM.attributes
                0x000000000000033b       0x39 Core/Src/systemconfig.o
 .ARM.attributes
                0x0000000000000374       0x21 Core/Startup/startup_stm32f407vgtx.o
 .ARM.attributes
                0x0000000000000395       0x39 Drivers/STM32F4xx_HAL_Driver/Src/stm32f4xx_hal.o
 .ARM.attributes
                0x00000000000003ce       0x39 Drivers/STM32F4xx_HAL_Driver/Src/stm32f4xx_hal_adc.o
 .ARM.attributes
                0x0000000000000407       0x39 Drivers/STM32F4xx_HAL_Driver/Src/stm32f4xx_hal_adc_ex.o
 .ARM.attributes
                0x0000000000000440       0x39 Drivers/STM32F4xx_HAL_Driver/Src/stm32f4xx_hal_cortex.o
 .ARM.attributes
                0x0000000000000479       0x39 Drivers/STM32F4xx_HAL_Driver/Src/stm32f4xx_hal_dma.o
 .ARM.attributes
                0x00000000000004b2       0x39 Drivers/STM32F4xx_HAL_Driver/Src/stm32f4xx_hal_gpio.o
 .ARM.attributes
                0x00000000000004eb       0x39 Drivers/STM32F4xx_HAL_Driver/Src/stm32f4xx_hal_rcc.o
 .ARM.attributes
                0x0000000000000524       0x39 Drivers/STM32F4xx_HAL_Driver/Src/stm32f4xx_hal_spi.o
 .ARM.attributes
                0x000000000000055d       0x39 Drivers/STM32F4xx_HAL_Driver/Src/stm32f4xx_hal_tim.o
 .ARM.attributes
                0x0000000000000596       0x39 Drivers/STM32F4xx_HAL_Driver/Src/stm32f4xx_hal_tim_ex.o
 .ARM.attributes
                0x00000000000005cf       0x34 d:/tools/stm32cubeide_1.4.0/stm32cubeide/plugins/com.st.stm32cube.ide.mcu.externaltools.gnu-tools-for-stm32.7-2018-q2-update.win32_1.4.0.202007081208/tools/bin/../lib/gcc/arm-none-eabi/7.3.1/../../../../arm-none-eabi/lib/thumb/v7e-m/fpv4-sp/hard\libc_nano.a(lib_a-init.o)
 .ARM.attributes
                0x0000000000000603       0x34 d:/tools/stm32cubeide_1.4.0/stm32cubeide/plugins/com.st.stm32cube.ide.mcu.externaltools.gnu-tools-for-stm32.7-2018-q2-update.win32_1.4.0.202007081208/tools/bin/../lib/gcc/arm-none-eabi/7.3.1/../../../../arm-none-eabi/lib/thumb/v7e-m/fpv4-sp/hard\libc_nano.a(lib_a-memset.o)
 .ARM.attributes
                0x0000000000000637       0x1b d:/tools/stm32cubeide_1.4.0/stm32cubeide/plugins/com.st.stm32cube.ide.mcu.externaltools.gnu-tools-for-stm32.7-2018-q2-update.win32_1.4.0.202007081208/tools/bin/../lib/gcc/arm-none-eabi/7.3.1/../../../../arm-none-eabi/lib/thumb/v7e-m/fpv4-sp/hard\libc_nano.a(lib_a-strlen.o)
 .ARM.attributes
                0x0000000000000652       0x22 d:/tools/stm32cubeide_1.4.0/stm32cubeide/plugins/com.st.stm32cube.ide.mcu.externaltools.gnu-tools-for-stm32.7-2018-q2-update.win32_1.4.0.202007081208/tools/bin/../lib/gcc/arm-none-eabi/7.3.1/thumb/v7e-m/fpv4-sp/hard\libgcc.a(_arm_addsubdf3.o)
 .ARM.attributes
                0x0000000000000674       0x22 d:/tools/stm32cubeide_1.4.0/stm32cubeide/plugins/com.st.stm32cube.ide.mcu.externaltools.gnu-tools-for-stm32.7-2018-q2-update.win32_1.4.0.202007081208/tools/bin/../lib/gcc/arm-none-eabi/7.3.1/thumb/v7e-m/fpv4-sp/hard\libgcc.a(_arm_muldivdf3.o)
 .ARM.attributes
                0x0000000000000696       0x22 d:/tools/stm32cubeide_1.4.0/stm32cubeide/plugins/com.st.stm32cube.ide.mcu.externaltools.gnu-tools-for-stm32.7-2018-q2-update.win32_1.4.0.202007081208/tools/bin/../lib/gcc/arm-none-eabi/7.3.1/thumb/v7e-m/fpv4-sp/hard\libgcc.a(_arm_cmpdf2.o)
 .ARM.attributes
                0x00000000000006b8       0x22 d:/tools/stm32cubeide_1.4.0/stm32cubeide/plugins/com.st.stm32cube.ide.mcu.externaltools.gnu-tools-for-stm32.7-2018-q2-update.win32_1.4.0.202007081208/tools/bin/../lib/gcc/arm-none-eabi/7.3.1/thumb/v7e-m/fpv4-sp/hard\libgcc.a(_arm_truncdfsf2.o)
 .ARM.attributes
                0x00000000000006da       0x22 d:/tools/stm32cubeide_1.4.0/stm32cubeide/plugins/com.st.stm32cube.ide.mcu.externaltools.gnu-tools-for-stm32.7-2018-q2-update.win32_1.4.0.202007081208/tools/bin/../lib/gcc/arm-none-eabi/7.3.1/thumb/v7e-m/fpv4-sp/hard\libgcc.a(_aeabi_uldivmod.o)
 .ARM.attributes
                0x00000000000006fc       0x34 d:/tools/stm32cubeide_1.4.0/stm32cubeide/plugins/com.st.stm32cube.ide.mcu.externaltools.gnu-tools-for-stm32.7-2018-q2-update.win32_1.4.0.202007081208/tools/bin/../lib/gcc/arm-none-eabi/7.3.1/thumb/v7e-m/fpv4-sp/hard\libgcc.a(_udivmoddi4.o)
 .ARM.attributes
                0x0000000000000730       0x22 d:/tools/stm32cubeide_1.4.0/stm32cubeide/plugins/com.st.stm32cube.ide.mcu.externaltools.gnu-tools-for-stm32.7-2018-q2-update.win32_1.4.0.202007081208/tools/bin/../lib/gcc/arm-none-eabi/7.3.1/thumb/v7e-m/fpv4-sp/hard\libgcc.a(_dvmd_tls.o)
 .ARM.attributes
                0x0000000000000752       0x22 d:/tools/stm32cubeide_1.4.0/stm32cubeide/plugins/com.st.stm32cube.ide.mcu.externaltools.gnu-tools-for-stm32.7-2018-q2-update.win32_1.4.0.202007081208/tools/bin/../lib/gcc/arm-none-eabi/7.3.1/thumb/v7e-m/fpv4-sp/hard/crtn.o
OUTPUT(ECU_Mark1.elf elf32-littlearm)

.debug_info     0x0000000000000000    0x12e28
 .debug_info    0x0000000000000000      0xaa6 Core/Src/adc.o
 .debug_info    0x0000000000000aa6      0x702 Core/Src/camshaft.o
 .debug_info    0x00000000000011a8      0x92b Core/Src/crankshaft.o
 .debug_info    0x0000000000001ad3      0x30d Core/Src/dio.o
 .debug_info    0x0000000000001de0     0x107a Core/Src/ecucentral.o
 .debug_info    0x0000000000002e5a      0x17c Core/Src/errorhandler.o
 .debug_info    0x0000000000002fd6      0x2ca Core/Src/generalfunctions.o
 .debug_info    0x00000000000032a0      0xe94 Core/Src/ignition.o
 .debug_info    0x0000000000004134      0xdae Core/Src/injection.o
 .debug_info    0x0000000000004ee2     0x2480 Core/Src/main.o
 .debug_info    0x0000000000007362     0x1262 Core/Src/stm32f4xx_hal_msp.o
 .debug_info    0x00000000000085c4      0xc65 Core/Src/stm32f4xx_it.o
 .debug_info    0x0000000000009229      0x554 Core/Src/system_stm32f4xx.o
 .debug_info    0x000000000000977d       0x6d Core/Src/systemconfig.o
 .debug_info    0x00000000000097ea       0x22 Core/Startup/startup_stm32f407vgtx.o
 .debug_info    0x000000000000980c      0x945 Drivers/STM32F4xx_HAL_Driver/Src/stm32f4xx_hal.o
 .debug_info    0x000000000000a151      0xcee Drivers/STM32F4xx_HAL_Driver/Src/stm32f4xx_hal_adc.o
 .debug_info    0x000000000000ae3f      0xb66 Drivers/STM32F4xx_HAL_Driver/Src/stm32f4xx_hal_adc_ex.o
 .debug_info    0x000000000000b9a5      0xe28 Drivers/STM32F4xx_HAL_Driver/Src/stm32f4xx_hal_cortex.o
 .debug_info    0x000000000000c7cd      0x968 Drivers/STM32F4xx_HAL_Driver/Src/stm32f4xx_hal_dma.o
 .debug_info    0x000000000000d135      0x7b5 Drivers/STM32F4xx_HAL_Driver/Src/stm32f4xx_hal_gpio.o
 .debug_info    0x000000000000d8ea      0x904 Drivers/STM32F4xx_HAL_Driver/Src/stm32f4xx_hal_rcc.o
 .debug_info    0x000000000000e1ee     0x163a Drivers/STM32F4xx_HAL_Driver/Src/stm32f4xx_hal_spi.o
 .debug_info    0x000000000000f828     0x24a9 Drivers/STM32F4xx_HAL_Driver/Src/stm32f4xx_hal_tim.o
 .debug_info    0x0000000000011cd1     0x1157 Drivers/STM32F4xx_HAL_Driver/Src/stm32f4xx_hal_tim_ex.o

.debug_abbrev   0x0000000000000000     0x2b9e
 .debug_abbrev  0x0000000000000000      0x1a3 Core/Src/adc.o
 .debug_abbrev  0x00000000000001a3      0x174 Core/Src/camshaft.o
 .debug_abbrev  0x0000000000000317      0x1d5 Core/Src/crankshaft.o
 .debug_abbrev  0x00000000000004ec      0x13c Core/Src/dio.o
 .debug_abbrev  0x0000000000000628      0x1a7 Core/Src/ecucentral.o
 .debug_abbrev  0x00000000000007cf      0x115 Core/Src/errorhandler.o
 .debug_abbrev  0x00000000000008e4       0xb4 Core/Src/generalfunctions.o
 .debug_abbrev  0x0000000000000998      0x245 Core/Src/ignition.o
 .debug_abbrev  0x0000000000000bdd      0x202 Core/Src/injection.o
 .debug_abbrev  0x0000000000000ddf      0x317 Core/Src/main.o
 .debug_abbrev  0x00000000000010f6      0x1de Core/Src/stm32f4xx_hal_msp.o
 .debug_abbrev  0x00000000000012d4      0x181 Core/Src/stm32f4xx_it.o
 .debug_abbrev  0x0000000000001455      0x12b Core/Src/system_stm32f4xx.o
 .debug_abbrev  0x0000000000001580       0x65 Core/Src/systemconfig.o
 .debug_abbrev  0x00000000000015e5       0x12 Core/Startup/startup_stm32f407vgtx.o
 .debug_abbrev  0x00000000000015f7      0x1c7 Drivers/STM32F4xx_HAL_Driver/Src/stm32f4xx_hal.o
 .debug_abbrev  0x00000000000017be      0x205 Drivers/STM32F4xx_HAL_Driver/Src/stm32f4xx_hal_adc.o
 .debug_abbrev  0x00000000000019c3      0x21c Drivers/STM32F4xx_HAL_Driver/Src/stm32f4xx_hal_adc_ex.o
 .debug_abbrev  0x0000000000001bdf      0x2fa Drivers/STM32F4xx_HAL_Driver/Src/stm32f4xx_hal_cortex.o
 .debug_abbrev  0x0000000000001ed9      0x229 Drivers/STM32F4xx_HAL_Driver/Src/stm32f4xx_hal_dma.o
 .debug_abbrev  0x0000000000002102      0x1c9 Drivers/STM32F4xx_HAL_Driver/Src/stm32f4xx_hal_gpio.o
 .debug_abbrev  0x00000000000022cb      0x245 Drivers/STM32F4xx_HAL_Driver/Src/stm32f4xx_hal_rcc.o
 .debug_abbrev  0x0000000000002510      0x240 Drivers/STM32F4xx_HAL_Driver/Src/stm32f4xx_hal_spi.o
 .debug_abbrev  0x0000000000002750      0x230 Drivers/STM32F4xx_HAL_Driver/Src/stm32f4xx_hal_tim.o
 .debug_abbrev  0x0000000000002980      0x21e Drivers/STM32F4xx_HAL_Driver/Src/stm32f4xx_hal_tim_ex.o

.debug_aranges  0x0000000000000000     0x1028
 .debug_aranges
                0x0000000000000000       0x40 Core/Src/adc.o
 .debug_aranges
                0x0000000000000040       0x30 Core/Src/camshaft.o
 .debug_aranges
                0x0000000000000070       0x40 Core/Src/crankshaft.o
 .debug_aranges
                0x00000000000000b0       0x28 Core/Src/dio.o
 .debug_aranges
                0x00000000000000d8       0x58 Core/Src/ecucentral.o
 .debug_aranges
                0x0000000000000130       0x38 Core/Src/errorhandler.o
 .debug_aranges
                0x0000000000000168       0x28 Core/Src/generalfunctions.o
 .debug_aranges
                0x0000000000000190       0xa0 Core/Src/ignition.o
 .debug_aranges
                0x0000000000000230       0x48 Core/Src/injection.o
 .debug_aranges
                0x0000000000000278       0xa0 Core/Src/main.o
 .debug_aranges
                0x0000000000000318       0x50 Core/Src/stm32f4xx_hal_msp.o
 .debug_aranges
                0x0000000000000368       0xa0 Core/Src/stm32f4xx_it.o
 .debug_aranges
                0x0000000000000408       0x28 Core/Src/system_stm32f4xx.o
 .debug_aranges
                0x0000000000000430       0x18 Core/Src/systemconfig.o
 .debug_aranges
                0x0000000000000448       0x28 Core/Startup/startup_stm32f407vgtx.o
 .debug_aranges
                0x0000000000000470       0xf0 Drivers/STM32F4xx_HAL_Driver/Src/stm32f4xx_hal.o
 .debug_aranges
                0x0000000000000560       0xe8 Drivers/STM32F4xx_HAL_Driver/Src/stm32f4xx_hal_adc.o
 .debug_aranges
                0x0000000000000648       0x90 Drivers/STM32F4xx_HAL_Driver/Src/stm32f4xx_hal_adc_ex.o
 .debug_aranges
                0x00000000000006d8      0x118 Drivers/STM32F4xx_HAL_Driver/Src/stm32f4xx_hal_cortex.o
 .debug_aranges
                0x00000000000007f0       0x90 Drivers/STM32F4xx_HAL_Driver/Src/stm32f4xx_hal_dma.o
 .debug_aranges
                0x0000000000000880       0x58 Drivers/STM32F4xx_HAL_Driver/Src/stm32f4xx_hal_gpio.o
 .debug_aranges
                0x00000000000008d8       0x88 Drivers/STM32F4xx_HAL_Driver/Src/stm32f4xx_hal_rcc.o
 .debug_aranges
                0x0000000000000960      0x1d0 Drivers/STM32F4xx_HAL_Driver/Src/stm32f4xx_hal_spi.o
 .debug_aranges
                0x0000000000000b30      0x3a8 Drivers/STM32F4xx_HAL_Driver/Src/stm32f4xx_hal_tim.o
 .debug_aranges
                0x0000000000000ed8      0x150 Drivers/STM32F4xx_HAL_Driver/Src/stm32f4xx_hal_tim_ex.o

.debug_ranges   0x0000000000000000      0xe98
 .debug_ranges  0x0000000000000000       0x30 Core/Src/adc.o
 .debug_ranges  0x0000000000000030       0x20 Core/Src/camshaft.o
 .debug_ranges  0x0000000000000050       0x30 Core/Src/crankshaft.o
 .debug_ranges  0x0000000000000080       0x18 Core/Src/dio.o
 .debug_ranges  0x0000000000000098       0x48 Core/Src/ecucentral.o
 .debug_ranges  0x00000000000000e0       0x28 Core/Src/errorhandler.o
 .debug_ranges  0x0000000000000108       0x18 Core/Src/generalfunctions.o
 .debug_ranges  0x0000000000000120       0x90 Core/Src/ignition.o
 .debug_ranges  0x00000000000001b0       0x38 Core/Src/injection.o
 .debug_ranges  0x00000000000001e8       0x90 Core/Src/main.o
 .debug_ranges  0x0000000000000278       0x40 Core/Src/stm32f4xx_hal_msp.o
 .debug_ranges  0x00000000000002b8       0x90 Core/Src/stm32f4xx_it.o
 .debug_ranges  0x0000000000000348       0x18 Core/Src/system_stm32f4xx.o
 .debug_ranges  0x0000000000000360       0x20 Core/Startup/startup_stm32f407vgtx.o
 .debug_ranges  0x0000000000000380       0xe0 Drivers/STM32F4xx_HAL_Driver/Src/stm32f4xx_hal.o
 .debug_ranges  0x0000000000000460       0xd8 Drivers/STM32F4xx_HAL_Driver/Src/stm32f4xx_hal_adc.o
 .debug_ranges  0x0000000000000538       0x80 Drivers/STM32F4xx_HAL_Driver/Src/stm32f4xx_hal_adc_ex.o
 .debug_ranges  0x00000000000005b8      0x108 Drivers/STM32F4xx_HAL_Driver/Src/stm32f4xx_hal_cortex.o
 .debug_ranges  0x00000000000006c0       0x80 Drivers/STM32F4xx_HAL_Driver/Src/stm32f4xx_hal_dma.o
 .debug_ranges  0x0000000000000740       0x48 Drivers/STM32F4xx_HAL_Driver/Src/stm32f4xx_hal_gpio.o
 .debug_ranges  0x0000000000000788       0x78 Drivers/STM32F4xx_HAL_Driver/Src/stm32f4xx_hal_rcc.o
 .debug_ranges  0x0000000000000800      0x1c0 Drivers/STM32F4xx_HAL_Driver/Src/stm32f4xx_hal_spi.o
 .debug_ranges  0x00000000000009c0      0x398 Drivers/STM32F4xx_HAL_Driver/Src/stm32f4xx_hal_tim.o
 .debug_ranges  0x0000000000000d58      0x140 Drivers/STM32F4xx_HAL_Driver/Src/stm32f4xx_hal_tim_ex.o

.debug_macro    0x0000000000000000    0x21797
 .debug_macro   0x0000000000000000      0x1f0 Core/Src/adc.o
 .debug_macro   0x00000000000001f0      0x29a Core/Src/adc.o
 .debug_macro   0x000000000000048a       0x2e Core/Src/adc.o
 .debug_macro   0x00000000000004b8       0x2f Core/Src/adc.o
 .debug_macro   0x00000000000004e7       0x22 Core/Src/adc.o
 .debug_macro   0x0000000000000509       0x8e Core/Src/adc.o
 .debug_macro   0x0000000000000597       0x51 Core/Src/adc.o
 .debug_macro   0x00000000000005e8       0xef Core/Src/adc.o
 .debug_macro   0x00000000000006d7       0x6a Core/Src/adc.o
 .debug_macro   0x0000000000000741      0x1df Core/Src/adc.o
 .debug_macro   0x0000000000000920       0x1c Core/Src/adc.o
 .debug_macro   0x000000000000093c       0x22 Core/Src/adc.o
 .debug_macro   0x000000000000095e       0xdf Core/Src/adc.o
 .debug_macro   0x0000000000000a3d     0x102d Core/Src/adc.o
 .debug_macro   0x0000000000001a6a      0x11f Core/Src/adc.o
 .debug_macro   0x0000000000001b89    0x15e3c Core/Src/adc.o
 .debug_macro   0x00000000000179c5       0x43 Core/Src/adc.o
 .debug_macro   0x0000000000017a08     0x3659 Core/Src/adc.o
 .debug_macro   0x000000000001b061      0x174 Core/Src/adc.o
 .debug_macro   0x000000000001b1d5       0x5a Core/Src/adc.o
 .debug_macro   0x000000000001b22f      0x96b Core/Src/adc.o
 .debug_macro   0x000000000001bb9a      0x9fe Core/Src/adc.o
 .debug_macro   0x000000000001c598      0x117 Core/Src/adc.o
 .debug_macro   0x000000000001c6af      0x13e Core/Src/adc.o
 .debug_macro   0x000000000001c7ed       0x27 Core/Src/adc.o
 .debug_macro   0x000000000001c814      0x174 Core/Src/adc.o
 .debug_macro   0x000000000001c988      0x287 Core/Src/adc.o
 .debug_macro   0x000000000001cc0f       0x5f Core/Src/adc.o
 .debug_macro   0x000000000001cc6e      0x236 Core/Src/adc.o
 .debug_macro   0x000000000001cea4      0x391 Core/Src/adc.o
 .debug_macro   0x000000000001d235      0x176 Core/Src/adc.o
 .debug_macro   0x000000000001d3ab       0xf9 Core/Src/adc.o
 .debug_macro   0x000000000001d4a4      0x12c Core/Src/adc.o
 .debug_macro   0x000000000001d5d0      0x21e Core/Src/adc.o
 .debug_macro   0x000000000001d7ee       0x2e Core/Src/adc.o
 .debug_macro   0x000000000001d81c      0x11a Core/Src/adc.o
 .debug_macro   0x000000000001d936       0x7e Core/Src/adc.o
 .debug_macro   0x000000000001d9b4       0x89 Core/Src/adc.o
 .debug_macro   0x000000000001da3d      0x225 Core/Src/adc.o
 .debug_macro   0x000000000001dc62      0x8a0 Core/Src/adc.o
 .debug_macro   0x000000000001e502       0x47 Core/Src/adc.o
 .debug_macro   0x000000000001e549      0x12d Core/Src/adc.o
 .debug_macro   0x000000000001e676       0x16 Core/Src/adc.o
 .debug_macro   0x000000000001e68c      0x1f1 Core/Src/camshaft.o
 .debug_macro   0x000000000001e87d      0x205 Core/Src/crankshaft.o
 .debug_macro   0x000000000001ea82      0x200 Core/Src/dio.o
 .debug_macro   0x000000000001ec82       0xb8 Core/Src/dio.o
 .debug_macro   0x000000000001ed3a      0x261 Core/Src/ecucentral.o
 .debug_macro   0x000000000001ef9b       0x1b Core/Src/errorhandler.o
 .debug_macro   0x000000000001efb6       0x1b Core/Src/generalfunctions.o
 .debug_macro   0x000000000001efd1      0x20f Core/Src/ignition.o
 .debug_macro   0x000000000001f1e0      0x204 Core/Src/injection.o
 .debug_macro   0x000000000001f3e4      0x30a Core/Src/main.o
 .debug_macro   0x000000000001f6ee       0x46 Core/Src/main.o
 .debug_macro   0x000000000001f734       0x18 Core/Src/main.o
 .debug_macro   0x000000000001f74c       0x3c Core/Src/main.o
 .debug_macro   0x000000000001f788       0x34 Core/Src/main.o
 .debug_macro   0x000000000001f7bc       0x52 Core/Src/main.o
 .debug_macro   0x000000000001f80e       0x1f Core/Src/main.o
 .debug_macro   0x000000000001f82d       0x43 Core/Src/main.o
 .debug_macro   0x000000000001f870       0x20 Core/Src/main.o
 .debug_macro   0x000000000001f890      0x1a3 Core/Src/main.o
 .debug_macro   0x000000000001fa33      0x32a Core/Src/main.o
 .debug_macro   0x000000000001fd5d       0x10 Core/Src/main.o
 .debug_macro   0x000000000001fd6d       0x35 Core/Src/main.o
 .debug_macro   0x000000000001fda2       0x20 Core/Src/main.o
 .debug_macro   0x000000000001fdc2      0x1f6 Core/Src/stm32f4xx_hal_msp.o
 .debug_macro   0x000000000001ffb8      0x200 Core/Src/stm32f4xx_it.o
 .debug_macro   0x00000000000201b8      0x1ed Core/Src/system_stm32f4xx.o
 .debug_macro   0x00000000000203a5       0x1b Core/Src/systemconfig.o
 .debug_macro   0x00000000000203c0      0x247 Drivers/STM32F4xx_HAL_Driver/Src/stm32f4xx_hal.o
 .debug_macro   0x0000000000020607      0x1e8 Drivers/STM32F4xx_HAL_Driver/Src/stm32f4xx_hal_adc.o
 .debug_macro   0x00000000000207ef      0x1e7 Drivers/STM32F4xx_HAL_Driver/Src/stm32f4xx_hal_adc_ex.o
 .debug_macro   0x00000000000209d6      0x1e7 Drivers/STM32F4xx_HAL_Driver/Src/stm32f4xx_hal_cortex.o
 .debug_macro   0x0000000000020bbd      0x1ed Drivers/STM32F4xx_HAL_Driver/Src/stm32f4xx_hal_dma.o
 .debug_macro   0x0000000000020daa      0x21d Drivers/STM32F4xx_HAL_Driver/Src/stm32f4xx_hal_gpio.o
 .debug_macro   0x0000000000020fc7      0x20b Drivers/STM32F4xx_HAL_Driver/Src/stm32f4xx_hal_rcc.o
 .debug_macro   0x00000000000211d2      0x1f6 Drivers/STM32F4xx_HAL_Driver/Src/stm32f4xx_hal_spi.o
 .debug_macro   0x00000000000213c8      0x1e8 Drivers/STM32F4xx_HAL_Driver/Src/stm32f4xx_hal_tim.o
 .debug_macro   0x00000000000215b0      0x1e7 Drivers/STM32F4xx_HAL_Driver/Src/stm32f4xx_hal_tim_ex.o

.debug_line     0x0000000000000000     0xd6ca
 .debug_line    0x0000000000000000      0x731 Core/Src/adc.o
 .debug_line    0x0000000000000731      0x71e Core/Src/camshaft.o
 .debug_line    0x0000000000000e4f      0x78d Core/Src/crankshaft.o
 .debug_line    0x00000000000015dc      0x708 Core/Src/dio.o
 .debug_line    0x0000000000001ce4      0x85c Core/Src/ecucentral.o
 .debug_line    0x0000000000002540       0xc9 Core/Src/errorhandler.o
 .debug_line    0x0000000000002609       0xee Core/Src/generalfunctions.o
 .debug_line    0x00000000000026f7      0x90b Core/Src/ignition.o
 .debug_line    0x0000000000003002      0x7bf Core/Src/injection.o
 .debug_line    0x00000000000037c1      0xb10 Core/Src/main.o
 .debug_line    0x00000000000042d1      0x7e2 Core/Src/stm32f4xx_hal_msp.o
 .debug_line    0x0000000000004ab3      0x831 Core/Src/stm32f4xx_it.o
 .debug_line    0x00000000000052e4      0x718 Core/Src/system_stm32f4xx.o
 .debug_line    0x00000000000059fc       0x59 Core/Src/systemconfig.o
 .debug_line    0x0000000000005a55       0x85 Core/Startup/startup_stm32f407vgtx.o
 .debug_line    0x0000000000005ada      0x902 Drivers/STM32F4xx_HAL_Driver/Src/stm32f4xx_hal.o
 .debug_line    0x00000000000063dc      0xb67 Drivers/STM32F4xx_HAL_Driver/Src/stm32f4xx_hal_adc.o
 .debug_line    0x0000000000006f43      0xa05 Drivers/STM32F4xx_HAL_Driver/Src/stm32f4xx_hal_adc_ex.o
 .debug_line    0x0000000000007948      0xa26 Drivers/STM32F4xx_HAL_Driver/Src/stm32f4xx_hal_cortex.o
 .debug_line    0x000000000000836e      0x9d0 Drivers/STM32F4xx_HAL_Driver/Src/stm32f4xx_hal_dma.o
 .debug_line    0x0000000000008d3e      0x8e1 Drivers/STM32F4xx_HAL_Driver/Src/stm32f4xx_hal_gpio.o
 .debug_line    0x000000000000961f      0x95a Drivers/STM32F4xx_HAL_Driver/Src/stm32f4xx_hal_rcc.o
 .debug_line    0x0000000000009f79     0x10be Drivers/STM32F4xx_HAL_Driver/Src/stm32f4xx_hal_spi.o
 .debug_line    0x000000000000b037     0x197b Drivers/STM32F4xx_HAL_Driver/Src/stm32f4xx_hal_tim.o
 .debug_line    0x000000000000c9b2      0xd18 Drivers/STM32F4xx_HAL_Driver/Src/stm32f4xx_hal_tim_ex.o

.debug_str      0x0000000000000000    0xcdfec
 .debug_str     0x0000000000000000    0xc64ad Core/Src/adc.o
                                      0xc6820 (size before relaxing)
 .debug_str     0x00000000000c64ad       0x8e Core/Src/camshaft.o
                                      0xc65c7 (size before relaxing)
 .debug_str     0x00000000000c653b      0x29f Core/Src/crankshaft.o
                                      0xc6806 (size before relaxing)
 .debug_str     0x00000000000c67da      0x498 Core/Src/dio.o
                                      0xc65b0 (size before relaxing)
 .debug_str     0x00000000000c6c72      0x410 Core/Src/ecucentral.o
                                      0xc7231 (size before relaxing)
 .debug_str     0x00000000000c7082       0x92 Core/Src/errorhandler.o
                                       0x2ddd (size before relaxing)
 .debug_str     0x00000000000c7114       0xd0 Core/Src/generalfunctions.o
                                       0x2dc7 (size before relaxing)
 .debug_str     0x00000000000c71e4      0x2d2 Core/Src/ignition.o
                                      0xc6bd6 (size before relaxing)
 .debug_str     0x00000000000c74b6       0xcb Core/Src/injection.o
                                      0xc6a7e (size before relaxing)
 .debug_str     0x00000000000c7581     0x3abc Core/Src/main.o
                                      0xcac62 (size before relaxing)
 .debug_str     0x00000000000cb03d       0xab Core/Src/stm32f4xx_hal_msp.o
                                      0xc732d (size before relaxing)
 .debug_str     0x00000000000cb0e8      0x164 Core/Src/stm32f4xx_it.o
                                      0xc6d9f (size before relaxing)
 .debug_str     0x00000000000cb24c       0xc4 Core/Src/system_stm32f4xx.o
                                      0xc62c4 (size before relaxing)
 .debug_str     0x00000000000cb310       0x3b Core/Src/systemconfig.o
                                       0x2d3e (size before relaxing)
 .debug_str     0x00000000000cb34b       0x60 Core/Startup/startup_stm32f407vgtx.o
 .debug_str     0x00000000000cb3ab      0x58d Drivers/STM32F4xx_HAL_Driver/Src/stm32f4xx_hal.o
                                      0xc6d91 (size before relaxing)
 .debug_str     0x00000000000cb938      0x27c Drivers/STM32F4xx_HAL_Driver/Src/stm32f4xx_hal_adc.o
                                      0xc685b (size before relaxing)
 .debug_str     0x00000000000cbbb4      0x302 Drivers/STM32F4xx_HAL_Driver/Src/stm32f4xx_hal_adc_ex.o
                                      0xc6895 (size before relaxing)
 .debug_str     0x00000000000cbeb6      0x392 Drivers/STM32F4xx_HAL_Driver/Src/stm32f4xx_hal_cortex.o
                                      0xc6b80 (size before relaxing)
 .debug_str     0x00000000000cc248      0x31d Drivers/STM32F4xx_HAL_Driver/Src/stm32f4xx_hal_dma.o
                                      0xc66d9 (size before relaxing)
 .debug_str     0x00000000000cc565      0x207 Drivers/STM32F4xx_HAL_Driver/Src/stm32f4xx_hal_gpio.o
                                      0xc6503 (size before relaxing)
 .debug_str     0x00000000000cc76c      0x259 Drivers/STM32F4xx_HAL_Driver/Src/stm32f4xx_hal_rcc.o
                                      0xc66b1 (size before relaxing)
 .debug_str     0x00000000000cc9c5      0x55a Drivers/STM32F4xx_HAL_Driver/Src/stm32f4xx_hal_spi.o
                                      0xc6b32 (size before relaxing)
 .debug_str     0x00000000000ccf1f      0xc2b Drivers/STM32F4xx_HAL_Driver/Src/stm32f4xx_hal_tim.o
                                      0xc73d0 (size before relaxing)
 .debug_str     0x00000000000cdb4a      0x4a2 Drivers/STM32F4xx_HAL_Driver/Src/stm32f4xx_hal_tim_ex.o
                                      0xc6bd0 (size before relaxing)

.comment        0x0000000000000000       0x7b
 .comment       0x0000000000000000       0x7b Core/Src/adc.o
                                         0x7c (size before relaxing)
 .comment       0x000000000000007b       0x7c Core/Src/camshaft.o
 .comment       0x000000000000007b       0x7c Core/Src/crankshaft.o
 .comment       0x000000000000007b       0x7c Core/Src/dio.o
 .comment       0x000000000000007b       0x7c Core/Src/ecucentral.o
 .comment       0x000000000000007b       0x7c Core/Src/errorhandler.o
 .comment       0x000000000000007b       0x7c Core/Src/generalfunctions.o
 .comment       0x000000000000007b       0x7c Core/Src/ignition.o
 .comment       0x000000000000007b       0x7c Core/Src/injection.o
 .comment       0x000000000000007b       0x7c Core/Src/main.o
 .comment       0x000000000000007b       0x7c Core/Src/stm32f4xx_hal_msp.o
 .comment       0x000000000000007b       0x7c Core/Src/stm32f4xx_it.o
 .comment       0x000000000000007b       0x7c Core/Src/system_stm32f4xx.o
 .comment       0x000000000000007b       0x7c Core/Src/systemconfig.o
 .comment       0x000000000000007b       0x7c Drivers/STM32F4xx_HAL_Driver/Src/stm32f4xx_hal.o
 .comment       0x000000000000007b       0x7c Drivers/STM32F4xx_HAL_Driver/Src/stm32f4xx_hal_adc.o
 .comment       0x000000000000007b       0x7c Drivers/STM32F4xx_HAL_Driver/Src/stm32f4xx_hal_adc_ex.o
 .comment       0x000000000000007b       0x7c Drivers/STM32F4xx_HAL_Driver/Src/stm32f4xx_hal_cortex.o
 .comment       0x000000000000007b       0x7c Drivers/STM32F4xx_HAL_Driver/Src/stm32f4xx_hal_dma.o
 .comment       0x000000000000007b       0x7c Drivers/STM32F4xx_HAL_Driver/Src/stm32f4xx_hal_gpio.o
 .comment       0x000000000000007b       0x7c Drivers/STM32F4xx_HAL_Driver/Src/stm32f4xx_hal_rcc.o
 .comment       0x000000000000007b       0x7c Drivers/STM32F4xx_HAL_Driver/Src/stm32f4xx_hal_spi.o
 .comment       0x000000000000007b       0x7c Drivers/STM32F4xx_HAL_Driver/Src/stm32f4xx_hal_tim.o
 .comment       0x000000000000007b       0x7c Drivers/STM32F4xx_HAL_Driver/Src/stm32f4xx_hal_tim_ex.o

.debug_frame    0x0000000000000000     0x42c8
 .debug_frame   0x0000000000000000       0xd0 Core/Src/adc.o
 .debug_frame   0x00000000000000d0       0x74 Core/Src/camshaft.o
 .debug_frame   0x0000000000000144       0xb4 Core/Src/crankshaft.o
 .debug_frame   0x00000000000001f8       0x5c Core/Src/dio.o
 .debug_frame   0x0000000000000254       0xfc Core/Src/ecucentral.o
 .debug_frame   0x0000000000000350       0xa8 Core/Src/errorhandler.o
 .debug_frame   0x00000000000003f8       0x64 Core/Src/generalfunctions.o
 .debug_frame   0x000000000000045c      0x284 Core/Src/ignition.o
 .debug_frame   0x00000000000006e0       0xe8 Core/Src/injection.o
 .debug_frame   0x00000000000007c8      0x264 Core/Src/main.o
 .debug_frame   0x0000000000000a2c      0x110 Core/Src/stm32f4xx_hal_msp.o
 .debug_frame   0x0000000000000b3c      0x1ec Core/Src/stm32f4xx_it.o
 .debug_frame   0x0000000000000d28       0x58 Core/Src/system_stm32f4xx.o
 .debug_frame   0x0000000000000d80      0x374 Drivers/STM32F4xx_HAL_Driver/Src/stm32f4xx_hal.o
 .debug_frame   0x00000000000010f4      0x3fc Drivers/STM32F4xx_HAL_Driver/Src/stm32f4xx_hal_adc.o
 .debug_frame   0x00000000000014f0      0x250 Drivers/STM32F4xx_HAL_Driver/Src/stm32f4xx_hal_adc_ex.o
 .debug_frame   0x0000000000001740      0x498 Drivers/STM32F4xx_HAL_Driver/Src/stm32f4xx_hal_cortex.o
 .debug_frame   0x0000000000001bd8      0x250 Drivers/STM32F4xx_HAL_Driver/Src/stm32f4xx_hal_dma.o
 .debug_frame   0x0000000000001e28      0x14c Drivers/STM32F4xx_HAL_Driver/Src/stm32f4xx_hal_gpio.o
 .debug_frame   0x0000000000001f74      0x1f0 Drivers/STM32F4xx_HAL_Driver/Src/stm32f4xx_hal_rcc.o
 .debug_frame   0x0000000000002164      0x824 Drivers/STM32F4xx_HAL_Driver/Src/stm32f4xx_hal_spi.o
 .debug_frame   0x0000000000002988     0x10f0 Drivers/STM32F4xx_HAL_Driver/Src/stm32f4xx_hal_tim.o
 .debug_frame   0x0000000000003a78      0x5c0 Drivers/STM32F4xx_HAL_Driver/Src/stm32f4xx_hal_tim_ex.o
 .debug_frame   0x0000000000004038       0x2c d:/tools/stm32cubeide_1.4.0/stm32cubeide/plugins/com.st.stm32cube.ide.mcu.externaltools.gnu-tools-for-stm32.7-2018-q2-update.win32_1.4.0.202007081208/tools/bin/../lib/gcc/arm-none-eabi/7.3.1/../../../../arm-none-eabi/lib/thumb/v7e-m/fpv4-sp/hard\libc_nano.a(lib_a-init.o)
 .debug_frame   0x0000000000004064       0x20 d:/tools/stm32cubeide_1.4.0/stm32cubeide/plugins/com.st.stm32cube.ide.mcu.externaltools.gnu-tools-for-stm32.7-2018-q2-update.win32_1.4.0.202007081208/tools/bin/../lib/gcc/arm-none-eabi/7.3.1/../../../../arm-none-eabi/lib/thumb/v7e-m/fpv4-sp/hard\libc_nano.a(lib_a-memset.o)
 .debug_frame   0x0000000000004084       0xac d:/tools/stm32cubeide_1.4.0/stm32cubeide/plugins/com.st.stm32cube.ide.mcu.externaltools.gnu-tools-for-stm32.7-2018-q2-update.win32_1.4.0.202007081208/tools/bin/../lib/gcc/arm-none-eabi/7.3.1/thumb/v7e-m/fpv4-sp/hard\libgcc.a(_arm_addsubdf3.o)
 .debug_frame   0x0000000000004130       0x50 d:/tools/stm32cubeide_1.4.0/stm32cubeide/plugins/com.st.stm32cube.ide.mcu.externaltools.gnu-tools-for-stm32.7-2018-q2-update.win32_1.4.0.202007081208/tools/bin/../lib/gcc/arm-none-eabi/7.3.1/thumb/v7e-m/fpv4-sp/hard\libgcc.a(_arm_muldivdf3.o)
 .debug_frame   0x0000000000004180       0xc4 d:/tools/stm32cubeide_1.4.0/stm32cubeide/plugins/com.st.stm32cube.ide.mcu.externaltools.gnu-tools-for-stm32.7-2018-q2-update.win32_1.4.0.202007081208/tools/bin/../lib/gcc/arm-none-eabi/7.3.1/thumb/v7e-m/fpv4-sp/hard\libgcc.a(_arm_cmpdf2.o)
 .debug_frame   0x0000000000004244       0x24 d:/tools/stm32cubeide_1.4.0/stm32cubeide/plugins/com.st.stm32cube.ide.mcu.externaltools.gnu-tools-for-stm32.7-2018-q2-update.win32_1.4.0.202007081208/tools/bin/../lib/gcc/arm-none-eabi/7.3.1/thumb/v7e-m/fpv4-sp/hard\libgcc.a(_arm_truncdfsf2.o)
 .debug_frame   0x0000000000004268       0x2c d:/tools/stm32cubeide_1.4.0/stm32cubeide/plugins/com.st.stm32cube.ide.mcu.externaltools.gnu-tools-for-stm32.7-2018-q2-update.win32_1.4.0.202007081208/tools/bin/../lib/gcc/arm-none-eabi/7.3.1/thumb/v7e-m/fpv4-sp/hard\libgcc.a(_aeabi_uldivmod.o)
 .debug_frame   0x0000000000004294       0x34 d:/tools/stm32cubeide_1.4.0/stm32cubeide/plugins/com.st.stm32cube.ide.mcu.externaltools.gnu-tools-for-stm32.7-2018-q2-update.win32_1.4.0.202007081208/tools/bin/../lib/gcc/arm-none-eabi/7.3.1/thumb/v7e-m/fpv4-sp/hard\libgcc.a(_udivmoddi4.o)