main.c:79:5:main	24	static
main.c:155:6:SystemClock_Config	88	static
main.c:199:13:MX_NVIC_Init	8	static
main.c:223:13:MX_TIM3_Init	64	static
main.c:285:13:MX_TIM10_Init	40	static
main.c:334:13:MX_TIM11_Init	40	static
main.c:383:13:MX_TIM12_Init	40	static
main.c:438:13:MX_TIM14_Init	40	static
main.c:487:13:MX_GPIO_Init	40	static
main.c:516:6:Scheduler_10ms	8	static
main.c:522:6:HAL_TIM_PeriodElapsedCallback	16	static,ignoring_inline_asm
main.c:536:6:HAL_TIM_PWM_PulseFinishedCallback	16	static
main.c:607:6:HAL_TIM_IC_CaptureCallback	16	static,ignoring_inline_asm
main.c:676:6:Error_Handler	4	static
